Archive member included to satisfy reference by file (symbol)

c:/st/stm32cubeide_1.9.0/stm32cubeide/plugins/com.st.stm32cube.ide.mcu.externaltools.gnu-tools-for-stm32.10.3-2021.10.win32_1.0.0.202111181127/tools/bin/../lib/gcc/arm-none-eabi/10.3.1/../../../../arm-none-eabi/lib/thumb/v7-m/nofp\libc_nano.a(lib_a-errno.o)
                              ./Core/Src/syscalls.o (__errno)
c:/st/stm32cubeide_1.9.0/stm32cubeide/plugins/com.st.stm32cube.ide.mcu.externaltools.gnu-tools-for-stm32.10.3-2021.10.win32_1.0.0.202111181127/tools/bin/../lib/gcc/arm-none-eabi/10.3.1/../../../../arm-none-eabi/lib/thumb/v7-m/nofp\libc_nano.a(lib_a-exit.o)
                              c:/st/stm32cubeide_1.9.0/stm32cubeide/plugins/com.st.stm32cube.ide.mcu.externaltools.gnu-tools-for-stm32.10.3-2021.10.win32_1.0.0.202111181127/tools/bin/../lib/gcc/arm-none-eabi/10.3.1/../../../../arm-none-eabi/lib/thumb/v7-m/nofp/crt0.o (exit)
c:/st/stm32cubeide_1.9.0/stm32cubeide/plugins/com.st.stm32cube.ide.mcu.externaltools.gnu-tools-for-stm32.10.3-2021.10.win32_1.0.0.202111181127/tools/bin/../lib/gcc/arm-none-eabi/10.3.1/../../../../arm-none-eabi/lib/thumb/v7-m/nofp\libc_nano.a(lib_a-impure.o)
                              c:/st/stm32cubeide_1.9.0/stm32cubeide/plugins/com.st.stm32cube.ide.mcu.externaltools.gnu-tools-for-stm32.10.3-2021.10.win32_1.0.0.202111181127/tools/bin/../lib/gcc/arm-none-eabi/10.3.1/../../../../arm-none-eabi/lib/thumb/v7-m/nofp\libc_nano.a(lib_a-exit.o) (_global_impure_ptr)
c:/st/stm32cubeide_1.9.0/stm32cubeide/plugins/com.st.stm32cube.ide.mcu.externaltools.gnu-tools-for-stm32.10.3-2021.10.win32_1.0.0.202111181127/tools/bin/../lib/gcc/arm-none-eabi/10.3.1/../../../../arm-none-eabi/lib/thumb/v7-m/nofp\libc_nano.a(lib_a-init.o)
                              c:/st/stm32cubeide_1.9.0/stm32cubeide/plugins/com.st.stm32cube.ide.mcu.externaltools.gnu-tools-for-stm32.10.3-2021.10.win32_1.0.0.202111181127/tools/bin/../lib/gcc/arm-none-eabi/10.3.1/../../../../arm-none-eabi/lib/thumb/v7-m/nofp/crt0.o (__libc_init_array)
c:/st/stm32cubeide_1.9.0/stm32cubeide/plugins/com.st.stm32cube.ide.mcu.externaltools.gnu-tools-for-stm32.10.3-2021.10.win32_1.0.0.202111181127/tools/bin/../lib/gcc/arm-none-eabi/10.3.1/../../../../arm-none-eabi/lib/thumb/v7-m/nofp\libc_nano.a(lib_a-memset.o)
                              c:/st/stm32cubeide_1.9.0/stm32cubeide/plugins/com.st.stm32cube.ide.mcu.externaltools.gnu-tools-for-stm32.10.3-2021.10.win32_1.0.0.202111181127/tools/bin/../lib/gcc/arm-none-eabi/10.3.1/../../../../arm-none-eabi/lib/thumb/v7-m/nofp/crt0.o (memset)

Discarded input sections

 .text          0x0000000000000000        0x0 c:/st/stm32cubeide_1.9.0/stm32cubeide/plugins/com.st.stm32cube.ide.mcu.externaltools.gnu-tools-for-stm32.10.3-2021.10.win32_1.0.0.202111181127/tools/bin/../lib/gcc/arm-none-eabi/10.3.1/thumb/v7-m/nofp/crti.o
 .data          0x0000000000000000        0x0 c:/st/stm32cubeide_1.9.0/stm32cubeide/plugins/com.st.stm32cube.ide.mcu.externaltools.gnu-tools-for-stm32.10.3-2021.10.win32_1.0.0.202111181127/tools/bin/../lib/gcc/arm-none-eabi/10.3.1/thumb/v7-m/nofp/crti.o
 .bss           0x0000000000000000        0x0 c:/st/stm32cubeide_1.9.0/stm32cubeide/plugins/com.st.stm32cube.ide.mcu.externaltools.gnu-tools-for-stm32.10.3-2021.10.win32_1.0.0.202111181127/tools/bin/../lib/gcc/arm-none-eabi/10.3.1/thumb/v7-m/nofp/crti.o
 .data          0x0000000000000000        0x4 c:/st/stm32cubeide_1.9.0/stm32cubeide/plugins/com.st.stm32cube.ide.mcu.externaltools.gnu-tools-for-stm32.10.3-2021.10.win32_1.0.0.202111181127/tools/bin/../lib/gcc/arm-none-eabi/10.3.1/thumb/v7-m/nofp/crtbegin.o
 .rodata        0x0000000000000000       0x24 c:/st/stm32cubeide_1.9.0/stm32cubeide/plugins/com.st.stm32cube.ide.mcu.externaltools.gnu-tools-for-stm32.10.3-2021.10.win32_1.0.0.202111181127/tools/bin/../lib/gcc/arm-none-eabi/10.3.1/thumb/v7-m/nofp/crtbegin.o
 .text          0x0000000000000000       0x7c c:/st/stm32cubeide_1.9.0/stm32cubeide/plugins/com.st.stm32cube.ide.mcu.externaltools.gnu-tools-for-stm32.10.3-2021.10.win32_1.0.0.202111181127/tools/bin/../lib/gcc/arm-none-eabi/10.3.1/../../../../arm-none-eabi/lib/thumb/v7-m/nofp/crt0.o
 .data          0x0000000000000000        0x0 c:/st/stm32cubeide_1.9.0/stm32cubeide/plugins/com.st.stm32cube.ide.mcu.externaltools.gnu-tools-for-stm32.10.3-2021.10.win32_1.0.0.202111181127/tools/bin/../lib/gcc/arm-none-eabi/10.3.1/../../../../arm-none-eabi/lib/thumb/v7-m/nofp/crt0.o
 .bss           0x0000000000000000        0x0 c:/st/stm32cubeide_1.9.0/stm32cubeide/plugins/com.st.stm32cube.ide.mcu.externaltools.gnu-tools-for-stm32.10.3-2021.10.win32_1.0.0.202111181127/tools/bin/../lib/gcc/arm-none-eabi/10.3.1/../../../../arm-none-eabi/lib/thumb/v7-m/nofp/crt0.o
[...]
Memory Configuration

Name             Origin             Length             Attributes
RAM              0x0000000020000000 0x0000000000010000 xrw
FLASH            0x0000000008000000 0x0000000000080000 xr
*default*        0x0000000000000000 0xffffffffffffffff

Linker script and memory map

LOAD c:/st/stm32cubeide_1.9.0/stm32cubeide/plugins/com.st.stm32cube.ide.mcu.externaltools.gnu-tools-for-stm32.10.3-2021.10.win32_1.0.0.202111181127/tools/bin/../lib/gcc/arm-none-eabi/10.3.1/thumb/v7-m/nofp/crti.o
LOAD c:/st/stm32cubeide_1.9.0/stm32cubeide/plugins/com.st.stm32cube.ide.mcu.externaltools.gnu-tools-for-stm32.10.3-2021.10.win32_1.0.0.202111181127/tools/bin/../lib/gcc/arm-none-eabi/10.3.1/thumb/v7-m/nofp/crtbegin.o
LOAD c:/st/stm32cubeide_1.9.0/stm32cubeide/plugins/com.st.stm32cube.ide.mcu.externaltools.gnu-tools-for-stm32.10.3-2021.10.win32_1.0.0.202111181127/tools/bin/../lib/gcc/arm-none-eabi/10.3.1/../../../../arm-none-eabi/lib/thumb/v7-m/nofp/crt0.o
LOAD ./Core/Src/animation.o
LOAD ./Core/Src/gpio.o
LOAD ./Core/Src/hub75.o
LOAD ./Core/Src/main.o
LOAD ./Core/Src/sim_events.o
LOAD ./Core/Src/stm32f1xx_hal_msp.o
LOAD ./Core/Src/stm32f1xx_it.o
LOAD ./Core/Src/syscalls.o
LOAD ./Core/Src/sysmem.o
LOAD ./Core/Src/system_stm32f1xx.o
LOAD ./Core/Src/uart_rx.o
LOAD ./Core/Startup/startup_stm32f103vetx.o
LOAD ./Drivers/STM32F1xx_HAL_Driver/Src/stm32f1xx_hal.o
LOAD ./Drivers/STM32F1xx_HAL_Driver/Src/stm32f1xx_hal_cortex.o
LOAD ./Drivers/STM32F1xx_HAL_Driver/Src/stm32f1xx_hal_dma.o
LOAD ./Drivers/STM32F1xx_HAL_Driver/Src/stm32f1xx_hal_exti.o
LOAD ./Drivers/STM32F1xx_HAL_Driver/Src/stm32f1xx_hal_flash.o
LOAD ./Drivers/STM32F1xx_HAL_Driver/Src/stm32f1xx_hal_flash_ex.o
LOAD ./Drivers/STM32F1xx_HAL_Driver/Src/stm32f1xx_hal_gpio.o
LOAD ./Drivers/STM32F1xx_HAL_Driver/Src/stm32f1xx_hal_gpio_ex.o
LOAD ./Drivers/STM32F1xx_HAL_Driver/Src/stm32f1xx_hal_pwr.o
LOAD ./Drivers/STM32F1xx_HAL_Driver/Src/stm32f1xx_hal_rcc.o
LOAD ./Drivers/STM32F1xx_HAL_Driver/Src/stm32f1xx_hal_rcc_ex.o
LOAD ./Drivers/STM32F1xx_HAL_Driver/Src/stm32f1xx_hal_tim.o
LOAD ./Drivers/STM32F1xx_HAL_Driver/Src/stm32f1xx_hal_tim_ex.o
LOAD ./Drivers/STM32F1xx_HAL_Driver/Src/stm32f1xx_hal_uart.o
START GROUP
LOAD c:/st/stm32cubeide_1.9.0/stm32cubeide/plugins/com.st.stm32cube.ide.mcu.externaltools.gnu-tools-for-stm32.10.3-2021.10.win32_1.0.0.202111181127/tools/bin/../lib/gcc/arm-none-eabi/10.3.1/../../../../arm-none-eabi/lib/thumb/v7-m/nofp\libc_nano.a
LOAD c:/st/stm32cubeide_1.9.0/stm32cubeide/plugins/com.st.stm32cube.ide.mcu.externaltools.gnu-tools-for-stm32.10.3-2021.10.win32_1.0.0.202111181127/tools/bin/../lib/gcc/arm-none-eabi/10.3.1/../../../../arm-none-eabi/lib/thumb/v7-m/nofp\libm.a
END GROUP
START GROUP
LOAD c:/st/stm32cubeide_1.9.0/stm32cubeide/plugins/com.st.stm32cube.ide.mcu.externaltools.gnu-tools-for-stm32.10.3-2021.10.win32_1.0.0.202111181127/tools/bin/../lib/gcc/arm-none-eabi/10.3.1/thumb/v7-m/nofp\libgcc.a
LOAD c:/st/stm32cubeide_1.9.0/stm32cubeide/plugins/com.st.stm32cube.ide.mcu.externaltools.gnu-tools-for-stm32.10.3-2021.10.win32_1.0.0.202111181127/tools/bin/../lib/gcc/arm-none-eabi/10.3.1/../../../../arm-none-eabi/lib/thumb/v7-m/nofp\libc_nano.a
END GROUP
START GROUP
LOAD c:/st/stm32cubeide_1.9.0/stm32cubeide/plugins/com.st.stm32cube.ide.mcu.externaltools.gnu-tools-for-stm32.10.3-2021.10.win32_1.0.0.202111181127/tools/bin/../lib/gcc/arm-none-eabi/10.3.1/thumb/v7-m/nofp\libgcc.a
LOAD c:/st/stm32cubeide_1.9.0/stm32cubeide/plugins/com.st.stm32cube.ide.mcu.externaltools.gnu-tools-for-stm32.10.3-2021.10.win32_1.0.0.202111181127/tools/bin/../lib/gcc/arm-none-eabi/10.3.1/../../../../arm-none-eabi/lib/thumb/v7-m/nofp\libc_nano.a
LOAD c:/st/stm32cubeide_1.9.0/stm32cubeide/plugins/com.st.stm32cube.ide.mcu.externaltools.gnu-tools-for-stm32.10.3-2021.10.win32_1.0.0.202111181127/tools/bin/../lib/gcc/arm-none-eabi/10.3.1/../../../../arm-none-eabi/lib/thumb/v7-m/nofp\libnosys.a
END GROUP
START GROUP
LOAD c:/st/stm32cubeide_1.9.0/stm32cubeide/plugins/com.st.stm32cube.ide.mcu.externaltools.gnu-tools-for-stm32.10.3-2021.10.win32_1.0.0.202111181127/tools/bin/../lib/gcc/arm-none-eabi/10.3.1/thumb/v7-m/nofp\libgcc.a
LOAD c:/st/stm32cubeide_1.9.0/stm32cubeide/plugins/com.st.stm32cube.ide.mcu.externaltools.gnu-tools-for-stm32.10.3-2021.10.win32_1.0.0.202111181127/tools/bin/../lib/gcc/arm-none-eabi/10.3.1/../../../../arm-none-eabi/lib/thumb/v7-m/nofp\libc_nano.a
LOAD c:/st/stm32cubeide_1.9.0/stm32cubeide/plugins/com.st.stm32cube.ide.mcu.externaltools.gnu-tools-for-stm32.10.3-2021.10.win32_1.0.0.202111181127/tools/bin/../lib/gcc/arm-none-eabi/10.3.1/../../../../arm-none-eabi/lib/thumb/v7-m/nofp\libnosys.a
END GROUP
LOAD c:/st/stm32cubeide_1.9.0/stm32cubeide/plugins/com.st.stm32cube.ide.mcu.externaltools.gnu-tools-for-stm32.10.3-2021.10.win32_1.0.0.202111181127/tools/bin/../lib/gcc/arm-none-eabi/10.3.1/thumb/v7-m/nofp/crtend.o
LOAD c:/st/stm32cubeide_1.9.0/stm32cubeide/plugins/com.st.stm32cube.ide.mcu.externaltools.gnu-tools-for-stm32.10.3-2021.10.win32_1.0.0.202111181127/tools/bin/../lib/gcc/arm-none-eabi/10.3.1/thumb/v7-m/nofp/crtn.o
                0x0000000020010000                _estack = (ORIGIN (RAM) + LENGTH (RAM))
                0x0000000000000200                _Min_Heap_Size = 0x200
                0x0000000000000400                _Min_Stack_Size = 0x400

.isr_vector     0x0000000008000000      0x1e4
                0x0000000008000000                . = ALIGN (0x4)
 *(.isr_vector)
 .isr_vector    0x0000000008000000      0x1e4 ./Core/Startup/startup_stm32f103vetx.o
                0x0000000008000000                g_pfnVectors
                0x00000000080001e4                . = ALIGN (0x4)

.text           0x00000000080001e4     0x3968
                0x00000000080001e4                . = ALIGN (0x4)
 *(.text)
 .text          0x00000000080001e4       0x40 c:/st/stm32cubeide_1.9.0/stm32cubeide/plugins/com.st.stm32cube.ide.mcu.externaltools.gnu-tools-for-stm32.10.3-2021.10.win32_1.0.0.202111181127/tools/bin/../lib/gcc/arm-none-eabi/10.3.1/thumb/v7-m/nofp/crtbegin.o
 *(.text*)
 .text.resolve_note_visual
                0x0000000008000224      0x144 ./Core/Src/animation.o
 .text.animation_queue_event
                0x0000000008000368       0x68 ./Core/Src/animation.o
                0x0000000008000368                animation_queue_event
 .text.queue_pop
                0x00000000080003d0       0x6c ./Core/Src/animation.o
 .text.spawn_note
                0x000000000800043c      0x10c ./Core/Src/animation.o
 .text.stop_growing
                0x0000000008000548       0xb4 ./Core/Src/animation.o
 .text.draw_keyboard_row
                0x00000000080005fc       0x98 ./Core/Src/animation.o
 .text.process_events
                0x0000000008000694       0x40 ./Core/Src/animation.o
 .text.animation_init
                0x00000000080006d4       0x2c ./Core/Src/animation.o
                0x00000000080006d4                animation_init
 .text.animation_tick
                0x0000000008000700      0x1d4 ./Core/Src/animation.o
                0x0000000008000700                animation_tick
 .text.MX_GPIO_Init
                0x00000000080008d4       0xa4 ./Core/Src/gpio.o
                0x00000000080008d4                MX_GPIO_Init
 .text.hub75_gpio_init
                0x0000000008000978       0xa0 ./Core/Src/hub75.o
                0x0000000008000978                hub75_gpio_init
 .text.hub75_tim2_init
                0x0000000008000a18       0x74 ./Core/Src/hub75.o
                0x0000000008000a18                hub75_tim2_init
 .text.hub75_swap_buffers
                0x0000000008000a8c       0x38 ./Core/Src/hub75.o
                0x0000000008000a8c                hub75_swap_buffers
 .text.hub75_clear_back
                0x0000000008000ac4       0x28 ./Core/Src/hub75.o
                0x0000000008000ac4                hub75_clear_back
 .text.hub75_row_isr
                0x0000000008000aec      0x200 ./Core/Src/hub75.o
                0x0000000008000aec                hub75_row_isr
 .text.TIM2_IRQHandler
                0x0000000008000cec       0x28 ./Core/Src/hub75.o
                0x0000000008000cec                TIM2_IRQHandler
 .text.main     0x0000000008000d14      0x170 ./Core/Src/main.o
                0x0000000008000d14                main
 .text.SystemClock_Config
                0x0000000008000e84       0x8a ./Core/Src/main.o
                0x0000000008000e84                SystemClock_Config
 .text.Error_Handler
                0x0000000008000f0e        0xa ./Core/Src/main.o
                0x0000000008000f0e                Error_Handler
 .text.sim_init
                0x0000000008000f18        0xc ./Core/Src/sim_events.o
                0x0000000008000f18                sim_init
 .text.sim_tick
                0x0000000008000f24        0xc ./Core/Src/sim_events.o
                0x0000000008000f24                sim_tick
 .text.HAL_MspInit
                0x0000000008000f30       0x64 ./Core/Src/stm32f1xx_hal_msp.o
                0x0000000008000f30                HAL_MspInit
 .text.NMI_Handler
                0x0000000008000f94        0x6 ./Core/Src/stm32f1xx_it.o
                0x0000000008000f94                NMI_Handler
 .text.HardFault_Handler
                0x0000000008000f9a        0x6 ./Core/Src/stm32f1xx_it.o
                0x0000000008000f9a                HardFault_Handler
 .text.MemManage_Handler
                0x0000000008000fa0        0x6 ./Core/Src/stm32f1xx_it.o
                0x0000000008000fa0                MemManage_Handler
 .text.BusFault_Handler
                0x0000000008000fa6        0x6 ./Core/Src/stm32f1xx_it.o
                0x0000000008000fa6                BusFault_Handler
 .text.UsageFault_Handler
                0x0000000008000fac        0x6 ./Core/Src/stm32f1xx_it.o
                0x0000000008000fac                UsageFault_Handler
 .text.SVC_Handler
                0x0000000008000fb2        0xc ./Core/Src/stm32f1xx_it.o
                0x0000000008000fb2                SVC_Handler
 .text.DebugMon_Handler
                0x0000000008000fbe        0xc ./Core/Src/stm32f1xx_it.o
                0x0000000008000fbe                DebugMon_Handler
 .text.PendSV_Handler
                0x0000000008000fca        0xc ./Core/Src/stm32f1xx_it.o
                0x0000000008000fca                PendSV_Handler
 .text.SysTick_Handler
                0x0000000008000fd6        0xc ./Core/Src/stm32f1xx_it.o
                0x0000000008000fd6                SysTick_Handler
 .text.SystemInit
                0x0000000008000fe2        0xc ./Core/Src/system_stm32f1xx.o
                0x0000000008000fe2                SystemInit
 *fill*         0x0000000008000fee        0x2 
 .text.uart_rx_init
                0x0000000008000ff0      0x150 ./Core/Src/uart_rx.o
                0x0000000008000ff0                uart_rx_init
 .text.HAL_UARTEx_RxEventCallback
                0x0000000008001140       0x64 ./Core/Src/uart_rx.o
                0x0000000008001140                HAL_UARTEx_RxEventCallback
 .text.DMA1_Channel5_IRQHandler
                0x00000000080011a4       0x14 ./Core/Src/uart_rx.o
                0x00000000080011a4                DMA1_Channel5_IRQHandler
 .text.USART1_IRQHandler
                0x00000000080011b8       0x14 ./Core/Src/uart_rx.o
                0x00000000080011b8                USART1_IRQHandler
 .text.Reset_Handler
                0x00000000080011cc       0x48 ./Core/Startup/startup_stm32f103vetx.o
                0x00000000080011cc                Reset_Handler
 .text.Default_Handler
                0x0000000008001214        0x2 ./Core/Startup/startup_stm32f103vetx.o
                0x0000000008001214                RTC_Alarm_IRQHandler
                0x0000000008001214                EXTI2_IRQHandler
                0x0000000008001214                TIM8_TRG_COM_IRQHandler
                0x0000000008001214                TIM8_CC_IRQHandler
                0x0000000008001214                TIM1_CC_IRQHandler
                0x0000000008001214                TIM6_IRQHandler
                0x0000000008001214                PVD_IRQHandler
                0x0000000008001214                SDIO_IRQHandler
                0x0000000008001214                EXTI3_IRQHandler
                0x0000000008001214                EXTI0_IRQHandler
                0x0000000008001214                I2C2_EV_IRQHandler
                0x0000000008001214                ADC1_2_IRQHandler
                0x0000000008001214                SPI1_IRQHandler
                0x0000000008001214                TAMPER_IRQHandler
                0x0000000008001214                TIM8_UP_IRQHandler
                0x0000000008001214                DMA2_Channel2_IRQHandler
                0x0000000008001214                DMA1_Channel4_IRQHandler
                0x0000000008001214                USART3_IRQHandler
                0x0000000008001214                RTC_IRQHandler
                0x0000000008001214                DMA1_Channel7_IRQHandler
                0x0000000008001214                CAN1_RX1_IRQHandler
                0x0000000008001214                UART5_IRQHandler
                0x0000000008001214                ADC3_IRQHandler
                0x0000000008001214                TIM4_IRQHandler
                0x0000000008001214                DMA2_Channel1_IRQHandler
                0x0000000008001214                I2C1_EV_IRQHandler
                0x0000000008001214                DMA1_Channel6_IRQHandler
                0x0000000008001214                UART4_IRQHandler
                0x0000000008001214                TIM3_IRQHandler
                0x0000000008001214                RCC_IRQHandler
                0x0000000008001214                TIM1_TRG_COM_IRQHandler
                0x0000000008001214                DMA1_Channel1_IRQHandler
                0x0000000008001214                Default_Handler
                0x0000000008001214                EXTI15_10_IRQHandler
                0x0000000008001214                TIM7_IRQHandler
                0x0000000008001214                TIM5_IRQHandler
                0x0000000008001214                EXTI9_5_IRQHandler
                0x0000000008001214                SPI2_IRQHandler
                0x0000000008001214                EXTI4_IRQHandler
                0x0000000008001214                USB_LP_CAN1_RX0_IRQHandler
                0x0000000008001214                USB_HP_CAN1_TX_IRQHandler
                0x0000000008001214                DMA1_Channel3_IRQHandler
                0x0000000008001214                FSMC_IRQHandler
                0x0000000008001214                TIM1_UP_IRQHandler
                0x0000000008001214                WWDG_IRQHandler
                0x0000000008001214                TIM1_BRK_IRQHandler
                0x0000000008001214                EXTI1_IRQHandler
                0x0000000008001214                DMA2_Channel4_5_IRQHandler
                0x0000000008001214                USART2_IRQHandler
                0x0000000008001214                I2C2_ER_IRQHandler
                0x0000000008001214                DMA1_Channel2_IRQHandler
                0x0000000008001214                TIM8_BRK_IRQHandler
                0x0000000008001214                CAN1_SCE_IRQHandler
                0x0000000008001214                FLASH_IRQHandler
                0x0000000008001214                SPI3_IRQHandler
                0x0000000008001214                I2C1_ER_IRQHandler
                0x0000000008001214                USBWakeUp_IRQHandler
                0x0000000008001214                DMA2_Channel3_IRQHandler
 *fill*         0x0000000008001216        0x2 
 .text.HAL_Init
                0x0000000008001218       0x2c ./Drivers/STM32F1xx_HAL_Driver/Src/stm32f1xx_hal.o
                0x0000000008001218                HAL_Init
 .text.HAL_InitTick
                0x0000000008001244       0x60 ./Drivers/STM32F1xx_HAL_Driver/Src/stm32f1xx_hal.o
                0x0000000008001244                HAL_InitTick
 .text.HAL_IncTick
                0x00000000080012a4       0x24 ./Drivers/STM32F1xx_HAL_Driver/Src/stm32f1xx_hal.o
                0x00000000080012a4                HAL_IncTick
 .text.HAL_GetTick
                0x00000000080012c8       0x14 ./Drivers/STM32F1xx_HAL_Driver/Src/stm32f1xx_hal.o
                0x00000000080012c8                HAL_GetTick
 .text.HAL_Delay
                0x00000000080012dc       0x48 ./Drivers/STM32F1xx_HAL_Driver/Src/stm32f1xx_hal.o
                0x00000000080012dc                HAL_Delay
 .text.__NVIC_SetPriorityGrouping
                0x0000000008001324       0x48 ./Drivers/STM32F1xx_HAL_Driver/Src/stm32f1xx_hal_cortex.o
 .text.__NVIC_GetPriorityGrouping
                0x000000000800136c       0x1c ./Drivers/STM32F1xx_HAL_Driver/Src/stm32f1xx_hal_cortex.o
 .text.__NVIC_EnableIRQ
                0x0000000008001388       0x38 ./Drivers/STM32F1xx_HAL_Driver/Src/stm32f1xx_hal_cortex.o
 .text.__NVIC_SetPriority
                0x00000000080013c0       0x54 ./Drivers/STM32F1xx_HAL_Driver/Src/stm32f1xx_hal_cortex.o
 .text.NVIC_EncodePriority
                0x0000000008001414       0x64 ./Drivers/STM32F1xx_HAL_Driver/Src/stm32f1xx_hal_cortex.o
 .text.SysTick_Config
                0x0000000008001478       0x44 ./Drivers/STM32F1xx_HAL_Driver/Src/stm32f1xx_hal_cortex.o
 .text.HAL_NVIC_SetPriorityGrouping
                0x00000000080014bc       0x16 ./Drivers/STM32F1xx_HAL_Driver/Src/stm32f1xx_hal_cortex.o
                0x00000000080014bc                HAL_NVIC_SetPriorityGrouping
 .text.HAL_NVIC_SetPriority
                0x00000000080014d2       0x38 ./Drivers/STM32F1xx_HAL_Driver/Src/stm32f1xx_hal_cortex.o
                0x00000000080014d2                HAL_NVIC_SetPriority
 .text.HAL_NVIC_EnableIRQ
                0x000000000800150a       0x1c ./Drivers/STM32F1xx_HAL_Driver/Src/stm32f1xx_hal_cortex.o
                0x000000000800150a                HAL_NVIC_EnableIRQ
 .text.HAL_SYSTICK_Config
                0x0000000008001526       0x18 ./Drivers/STM32F1xx_HAL_Driver/Src/stm32f1xx_hal_cortex.o
                0x0000000008001526                HAL_SYSTICK_Config
 *fill*         0x000000000800153e        0x2 
 .text.HAL_DMA_Init
                0x0000000008001540       0xec ./Drivers/STM32F1xx_HAL_Driver/Src/stm32f1xx_hal_dma.o
                0x0000000008001540                HAL_DMA_Init
 .text.HAL_DMA_Start_IT
                0x000000000800162c       0xc0 ./Drivers/STM32F1xx_HAL_Driver/Src/stm32f1xx_hal_dma.o
                0x000000000800162c                HAL_DMA_Start_IT
 .text.HAL_DMA_Abort
                0x00000000080016ec       0x76 ./Drivers/STM32F1xx_HAL_Driver/Src/stm32f1xx_hal_dma.o
                0x00000000080016ec                HAL_DMA_Abort
 *fill*         0x0000000008001762        0x2 
 .text.HAL_DMA_Abort_IT
                0x0000000008001764      0x210 ./Drivers/STM32F1xx_HAL_Driver/Src/stm32f1xx_hal_dma.o
                0x0000000008001764                HAL_DMA_Abort_IT
 .text.HAL_DMA_IRQHandler
                0x0000000008001974      0x478 ./Drivers/STM32F1xx_HAL_Driver/Src/stm32f1xx_hal_dma.o
                0x0000000008001974                HAL_DMA_IRQHandler
 .text.DMA_SetConfig
                0x0000000008001dec       0x5a ./Drivers/STM32F1xx_HAL_Driver/Src/stm32f1xx_hal_dma.o
 *fill*         0x0000000008001e46        0x2 
 .text.HAL_GPIO_Init
                0x0000000008001e48      0x328 ./Drivers/STM32F1xx_HAL_Driver/Src/stm32f1xx_hal_gpio.o
                0x0000000008001e48                HAL_GPIO_Init
 .text.HAL_GPIO_WritePin
                0x0000000008002170       0x30 ./Drivers/STM32F1xx_HAL_Driver/Src/stm32f1xx_hal_gpio.o
                0x0000000008002170                HAL_GPIO_WritePin
 .text.HAL_RCC_OscConfig
                0x00000000080021a0      0x504 ./Drivers/STM32F1xx_HAL_Driver/Src/stm32f1xx_hal_rcc.o
                0x00000000080021a0                HAL_RCC_OscConfig
 .text.HAL_RCC_ClockConfig
                0x00000000080026a4      0x1d4 ./Drivers/STM32F1xx_HAL_Driver/Src/stm32f1xx_hal_rcc.o
                0x00000000080026a4                HAL_RCC_ClockConfig
 .text.HAL_RCC_GetSysClockFreq
                0x0000000008002878       0xa8 ./Drivers/STM32F1xx_HAL_Driver/Src/stm32f1xx_hal_rcc.o
                0x0000000008002878                HAL_RCC_GetSysClockFreq
 .text.HAL_RCC_GetHCLKFreq
                0x0000000008002920       0x14 ./Drivers/STM32F1xx_HAL_Driver/Src/stm32f1xx_hal_rcc.o
                0x0000000008002920                HAL_RCC_GetHCLKFreq
 .text.HAL_RCC_GetPCLK1Freq
                0x0000000008002934       0x28 ./Drivers/STM32F1xx_HAL_Driver/Src/stm32f1xx_hal_rcc.o
                0x0000000008002934                HAL_RCC_GetPCLK1Freq
 .text.HAL_RCC_GetPCLK2Freq
                0x000000000800295c       0x28 ./Drivers/STM32F1xx_HAL_Driver/Src/stm32f1xx_hal_rcc.o
                0x000000000800295c                HAL_RCC_GetPCLK2Freq
 .text.RCC_Delay
                0x0000000008002984       0x3c ./Drivers/STM32F1xx_HAL_Driver/Src/stm32f1xx_hal_rcc.o
 .text.HAL_TIM_Base_Init
                0x00000000080029c0       0x9e ./Drivers/STM32F1xx_HAL_Driver/Src/stm32f1xx_hal_tim.o
                0x00000000080029c0                HAL_TIM_Base_Init
 .text.HAL_TIM_Base_MspInit
                0x0000000008002a5e       0x12 ./Drivers/STM32F1xx_HAL_Driver/Src/stm32f1xx_hal_tim.o
                0x0000000008002a5e                HAL_TIM_Base_MspInit
 .text.HAL_TIM_Base_Start_IT
                0x0000000008002a70       0xc0 ./Drivers/STM32F1xx_HAL_Driver/Src/stm32f1xx_hal_tim.o
                0x0000000008002a70                HAL_TIM_Base_Start_IT
 .text.TIM_Base_SetConfig
                0x0000000008002b30      0x10c ./Drivers/STM32F1xx_HAL_Driver/Src/stm32f1xx_hal_tim.o
                0x0000000008002b30                TIM_Base_SetConfig
 .text.HAL_UART_Init
                0x0000000008002c3c       0xa0 ./Drivers/STM32F1xx_HAL_Driver/Src/stm32f1xx_hal_uart.o
                0x0000000008002c3c                HAL_UART_Init
 .text.HAL_UART_MspInit
                0x0000000008002cdc       0x12 ./Drivers/STM32F1xx_HAL_Driver/Src/stm32f1xx_hal_uart.o
                0x0000000008002cdc                HAL_UART_MspInit
 .text.HAL_UARTEx_ReceiveToIdle_DMA
                0x0000000008002cee       0xb2 ./Drivers/STM32F1xx_HAL_Driver/Src/stm32f1xx_hal_uart.o
                0x0000000008002cee                HAL_UARTEx_ReceiveToIdle_DMA
 .text.HAL_UART_IRQHandler
                0x0000000008002da0      0x524 ./Drivers/STM32F1xx_HAL_Driver/Src/stm32f1xx_hal_uart.o
                0x0000000008002da0                HAL_UART_IRQHandler
 .text.HAL_UART_TxCpltCallback
                0x00000000080032c4       0x12 ./Drivers/STM32F1xx_HAL_Driver/Src/stm32f1xx_hal_uart.o
                0x00000000080032c4                HAL_UART_TxCpltCallback
 .text.HAL_UART_RxCpltCallback
                0x00000000080032d6       0x12 ./Drivers/STM32F1xx_HAL_Driver/Src/stm32f1xx_hal_uart.o
                0x00000000080032d6                HAL_UART_RxCpltCallback
 .text.HAL_UART_RxHalfCpltCallback
                0x00000000080032e8       0x12 ./Drivers/STM32F1xx_HAL_Driver/Src/stm32f1xx_hal_uart.o
                0x00000000080032e8                HAL_UART_RxHalfCpltCallback
 .text.HAL_UART_ErrorCallback
                0x00000000080032fa       0x12 ./Drivers/STM32F1xx_HAL_Driver/Src/stm32f1xx_hal_uart.o
                0x00000000080032fa                HAL_UART_ErrorCallback
 .text.UART_DMAReceiveCplt
                0x000000000800330c      0x12c ./Drivers/STM32F1xx_HAL_Driver/Src/stm32f1xx_hal_uart.o
 .text.UART_DMARxHalfCplt
                0x0000000008003438       0x3c ./Drivers/STM32F1xx_HAL_Driver/Src/stm32f1xx_hal_uart.o
 .text.UART_DMAError
                0x0000000008003474       0x94 ./Drivers/STM32F1xx_HAL_Driver/Src/stm32f1xx_hal_uart.o
 .text.UART_Start_Receive_DMA
                0x0000000008003508      0x134 ./Drivers/STM32F1xx_HAL_Driver/Src/stm32f1xx_hal_uart.o
                0x0000000008003508                UART_Start_Receive_DMA
 .text.UART_EndTxTransfer
                0x000000000800363c       0x4e ./Drivers/STM32F1xx_HAL_Driver/Src/stm32f1xx_hal_uart.o
 .text.UART_EndRxTransfer
                0x000000000800368a       0xc4 ./Drivers/STM32F1xx_HAL_Driver/Src/stm32f1xx_hal_uart.o
 .text.UART_DMAAbortOnError
                0x000000000800374e       0x28 ./Drivers/STM32F1xx_HAL_Driver/Src/stm32f1xx_hal_uart.o
 .text.UART_Transmit_IT
                0x0000000008003776       0x9e ./Drivers/STM32F1xx_HAL_Driver/Src/stm32f1xx_hal_uart.o
 .text.UART_EndTransmit_IT
                0x0000000008003814       0x30 ./Drivers/STM32F1xx_HAL_Driver/Src/stm32f1xx_hal_uart.o
 .text.UART_Receive_IT
                0x0000000008003844      0x17c ./Drivers/STM32F1xx_HAL_Driver/Src/stm32f1xx_hal_uart.o
 .text.UART_SetConfig
                0x00000000080039c0      0x11c ./Drivers/STM32F1xx_HAL_Driver/Src/stm32f1xx_hal_uart.o
 .text.__libc_init_array
                0x0000000008003adc       0x48 c:/st/stm32cubeide_1.9.0/stm32cubeide/plugins/com.st.stm32cube.ide.mcu.externaltools.gnu-tools-for-stm32.10.3-2021.10.win32_1.0.0.202111181127/tools/bin/../lib/gcc/arm-none-eabi/10.3.1/../../../../arm-none-eabi/lib/thumb/v7-m/nofp\libc_nano.a(lib_a-init.o)
                0x0000000008003adc                __libc_init_array
 .text.memset   0x0000000008003b24       0x10 c:/st/stm32cubeide_1.9.0/stm32cubeide/plugins/com.st.stm32cube.ide.mcu.externaltools.gnu-tools-for-stm32.10.3-2021.10.win32_1.0.0.202111181127/tools/bin/../lib/gcc/arm-none-eabi/10.3.1/../../../../arm-none-eabi/lib/thumb/v7-m/nofp\libc_nano.a(lib_a-memset.o)
                0x0000000008003b24                memset
 *(.glue_7)
 .glue_7        0x0000000008003b34        0x0 linker stubs
 *(.glue_7t)
 .glue_7t       0x0000000008003b34        0x0 linker stubs
 *(.eh_frame)
 .eh_frame      0x0000000008003b34        0x0 c:/st/stm32cubeide_1.9.0/stm32cubeide/plugins/com.st.stm32cube.ide.mcu.externaltools.gnu-tools-for-stm32.10.3-2021.10.win32_1.0.0.202111181127/tools/bin/../lib/gcc/arm-none-eabi/10.3.1/thumb/v7-m/nofp/crtbegin.o
 *(.init)
 .init          0x0000000008003b34        0x4 c:/st/stm32cubeide_1.9.0/stm32cubeide/plugins/com.st.stm32cube.ide.mcu.externaltools.gnu-tools-for-stm32.10.3-2021.10.win32_1.0.0.202111181127/tools/bin/../lib/gcc/arm-none-eabi/10.3.1/thumb/v7-m/nofp/crti.o
                0x0000000008003b34                _init
 .init          0x0000000008003b38        0x8 c:/st/stm32cubeide_1.9.0/stm32cubeide/plugins/com.st.stm32cube.ide.mcu.externaltools.gnu-tools-for-stm32.10.3-2021.10.win32_1.0.0.202111181127/tools/bin/../lib/gcc/arm-none-eabi/10.3.1/thumb/v7-m/nofp/crtn.o
 *(.fini)
 .fini          0x0000000008003b40        0x4 c:/st/stm32cubeide_1.9.0/stm32cubeide/plugins/com.st.stm32cube.ide.mcu.externaltools.gnu-tools-for-stm32.10.3-2021.10.win32_1.0.0.202111181127/tools/bin/../lib/gcc/arm-none-eabi/10.3.1/thumb/v7-m/nofp/crti.o
                0x0000000008003b40                _fini
 .fini          0x0000000008003b44        0x8 c:/st/stm32cubeide_1.9.0/stm32cubeide/plugins/com.st.stm32cube.ide.mcu.externaltools.gnu-tools-for-stm32.10.3-2021.10.win32_1.0.0.202111181127/tools/bin/../lib/gcc/arm-none-eabi/10.3.1/thumb/v7-m/nofp/crtn.o
                0x0000000008003b4c                . = ALIGN (0x4)
                0x0000000008003b4c                _etext = .

.vfp11_veneer   0x0000000008003b4c        0x0
 .vfp11_veneer  0x0000000008003b4c        0x0 linker stubs

.v4_bx          0x0000000008003b4c        0x0
 .v4_bx         0x0000000008003b4c        0x0 linker stubs

.iplt           0x0000000008003b4c        0x0
 .iplt          0x0000000008003b4c        0x0 c:/st/stm32cubeide_1.9.0/stm32cubeide/plugins/com.st.stm32cube.ide.mcu.externaltools.gnu-tools-for-stm32.10.3-2021.10.win32_1.0.0.202111181127/tools/bin/../lib/gcc/arm-none-eabi/10.3.1/thumb/v7-m/nofp/crtbegin.o

.rodata         0x0000000008003b4c       0x64
                0x0000000008003b4c                . = ALIGN (0x4)
 *(.rodata)
 .rodata        0x0000000008003b4c        0x7 ./Core/Src/main.o
 *(.rodata*)
 *fill*         0x0000000008003b53        0x1 
 .rodata.rainbow_row
                0x0000000008003b54       0x20 ./Core/Src/animation.o
 .rodata.natural_col
                0x0000000008003b74        0x7 ./Core/Src/animation.o
 *fill*         0x0000000008003b7b        0x1 
 .rodata.sharp_col
                0x0000000008003b7c        0x7 ./Core/Src/animation.o
 *fill*         0x0000000008003b83        0x1 
 .rodata.AHBPrescTable
                0x0000000008003b84       0x10 ./Core/Src/system_stm32f1xx.o
                0x0000000008003b84                AHBPrescTable
 .rodata.APBPrescTable
                0x0000000008003b94        0x8 ./Core/Src/system_stm32f1xx.o
                0x0000000008003b94                APBPrescTable
 .rodata.aPLLMULFactorTable.1
                0x0000000008003b9c       0x10 ./Drivers/STM32F1xx_HAL_Driver/Src/stm32f1xx_hal_rcc.o
 .rodata.aPredivFactorTable.0
                0x0000000008003bac        0x2 ./Drivers/STM32F1xx_HAL_Driver/Src/stm32f1xx_hal_rcc.o
                0x0000000008003bb0                . = ALIGN (0x4)
 *fill*         0x0000000008003bae        0x2 

.rel.dyn        0x0000000008003bb0        0x0
 .rel.iplt      0x0000000008003bb0        0x0 c:/st/stm32cubeide_1.9.0/stm32cubeide/plugins/com.st.stm32cube.ide.mcu.externaltools.gnu-tools-for-stm32.10.3-2021.10.win32_1.0.0.202111181127/tools/bin/../lib/gcc/arm-none-eabi/10.3.1/thumb/v7-m/nofp/crtbegin.o

.ARM.extab      0x0000000008003bb0        0x0
                0x0000000008003bb0                . = ALIGN (0x4)
 *(.ARM.extab* .gnu.linkonce.armextab.*)
                0x0000000008003bb0                . = ALIGN (0x4)

.ARM            0x0000000008003bb0        0x0
                0x0000000008003bb0                . = ALIGN (0x4)
                0x0000000008003bb0                __exidx_start = .
 *(.ARM.exidx*)
                0x0000000008003bb0                __exidx_end = .
                0x0000000008003bb0                . = ALIGN (0x4)

.preinit_array  0x0000000008003bb0        0x0
                0x0000000008003bb0                . = ALIGN (0x4)
                0x0000000008003bb0                PROVIDE (__preinit_array_start = .)
 *(.preinit_array*)
                0x0000000008003bb0                PROVIDE (__preinit_array_end = .)
                0x0000000008003bb0                . = ALIGN (0x4)

.init_array     0x0000000008003bb0        0x4
                0x0000000008003bb0                . = ALIGN (0x4)
                0x0000000008003bb0                PROVIDE (__init_array_start = .)
 *(SORT_BY_NAME(.init_array.*))
 *(.init_array*)
 .init_array    0x0000000008003bb0        0x4 c:/st/stm32cubeide_1.9.0/stm32cubeide/plugins/com.st.stm32cube.ide.mcu.externaltools.gnu-tools-for-stm32.10.3-2021.10.win32_1.0.0.202111181127/tools/bin/../lib/gcc/arm-none-eabi/10.3.1/thumb/v7-m/nofp/crtbegin.o
                0x0000000008003bb4                PROVIDE (__init_array_end = .)
                0x0000000008003bb4                . = ALIGN (0x4)

.fini_array     0x0000000008003bb4        0x4
                0x0000000008003bb4                . = ALIGN (0x4)
                [!provide]                        PROVIDE (__fini_array_start = .)
 *(SORT_BY_NAME(.fini_array.*))
 *(.fini_array*)
 .fini_array    0x0000000008003bb4        0x4 c:/st/stm32cubeide_1.9.0/stm32cubeide/plugins/com.st.stm32cube.ide.mcu.externaltools.gnu-tools-for-stm32.10.3-2021.10.win32_1.0.0.202111181127/tools/bin/../lib/gcc/arm-none-eabi/10.3.1/thumb/v7-m/nofp/crtbegin.o
                [!provide]                        PROVIDE (__fini_array_end = .)
                0x0000000008003bb8                . = ALIGN (0x4)
                0x0000000008003bb8                _sidata = LOADADDR (.data)

.data           0x0000000020000000       0x10 load address 0x0000000008003bb8
                0x0000000020000000                . = ALIGN (0x4)
                0x0000000020000000                _sdata = .
 *(.data)
 *(.data*)
 .data.fb_back  0x0000000020000000        0x1 ./Core/Src/hub75.o
                0x0000000020000000                fb_back
 .data.bcm_bit  0x0000000020000001        0x1 ./Core/Src/hub75.o
 *fill*         0x0000000020000002        0x2 
 .data.SystemCoreClock
                0x0000000020000004        0x4 ./Core/Src/system_stm32f1xx.o
                0x0000000020000004                SystemCoreClock
 .data.uwTickPrio
                0x0000000020000008        0x4 ./Drivers/STM32F1xx_HAL_Driver/Src/stm32f1xx_hal.o
                0x0000000020000008                uwTickPrio
 .data.uwTickFreq
                0x000000002000000c        0x1 ./Drivers/STM32F1xx_HAL_Driver/Src/stm32f1xx_hal.o
                0x000000002000000c                uwTickFreq
 *(.RamFunc)
 *(.RamFunc*)
                0x0000000020000010                . = ALIGN (0x4)
 *fill*         0x000000002000000d        0x3 
                0x0000000020000010                _edata = .

.igot.plt       0x0000000020000010        0x0 load address 0x0000000008003bc8
 .igot.plt      0x0000000020000010        0x0 c:/st/stm32cubeide_1.9.0/stm32cubeide/plugins/com.st.stm32cube.ide.mcu.externaltools.gnu-tools-for-stm32.10.3-2021.10.win32_1.0.0.202111181127/tools/bin/../lib/gcc/arm-none-eabi/10.3.1/thumb/v7-m/nofp/crtbegin.o
                0x0000000020000010                . = ALIGN (0x4)

.bss            0x0000000020000010     0x1318 load address 0x0000000008003bc8
                0x0000000020000010                _sbss = .
                0x0000000020000010                __bss_start__ = _sbss
 *(.bss)
 .bss           0x0000000020000010       0x1c c:/st/stm32cubeide_1.9.0/stm32cubeide/plugins/com.st.stm32cube.ide.mcu.externaltools.gnu-tools-for-stm32.10.3-2021.10.win32_1.0.0.202111181127/tools/bin/../lib/gcc/arm-none-eabi/10.3.1/thumb/v7-m/nofp/crtbegin.o
 *(.bss*)
 .bss.notes     0x000000002000002c      0x180 ./Core/Src/animation.o
 .bss.event_queue
                0x00000000200001ac       0x90 ./Core/Src/animation.o
 .bss.eq_head   0x000000002000023c        0x1 ./Core/Src/animation.o
 .bss.eq_tail   0x000000002000023d        0x1 ./Core/Src/animation.o
 *fill*         0x000000002000023e        0x2 
 .bss.fb        0x0000000020000240     0x1000 ./Core/Src/hub75.o
                0x0000000020000240                fb
 .bss.fb_front  0x0000000020001240        0x1 ./Core/Src/hub75.o
                0x0000000020001240                fb_front
 .bss.scan_row  0x0000000020001241        0x1 ./Core/Src/hub75.o
 *fill*         0x0000000020001242        0x2 
 .bss.htim2     0x0000000020001244       0x48 ./Core/Src/hub75.o
 .bss.huart1    0x000000002000128c       0x48 ./Core/Src/uart_rx.o
 .bss.hdma_usart1_rx
                0x00000000200012d4       0x44 ./Core/Src/uart_rx.o
 .bss.uart_rx_buf
                0x0000000020001318        0x9 ./Core/Src/uart_rx.o
 *fill*         0x0000000020001321        0x3 
 .bss.uwTick    0x0000000020001324        0x4 ./Drivers/STM32F1xx_HAL_Driver/Src/stm32f1xx_hal.o
                0x0000000020001324                uwTick
 *(COMMON)
                0x0000000020001328                . = ALIGN (0x4)
                0x0000000020001328                _ebss = .
                0x0000000020001328                __bss_end__ = _ebss

._user_heap_stack
                0x0000000020001328      0x600 load address 0x0000000008003bc8
                0x0000000020001328                . = ALIGN (0x8)
                [!provide]                        PROVIDE (end = .)
                0x0000000020001328                PROVIDE (_end = .)
                0x0000000020001528                . = (. + _Min_Heap_Size)
 *fill*         0x0000000020001328      0x200 
                0x0000000020001928                . = (. + _Min_Stack_Size)
 *fill*         0x0000000020001528      0x400 
                0x0000000020001928                . = ALIGN (0x8)

/DISCARD/
 libc.a(*)
 libm.a(*)
 libgcc.a(*)

.ARM.attributes
                0x0000000000000000       0x29
 *(.ARM.attributes)
 .ARM.attributes
                0x0000000000000000       0x1d c:/st/stm32cubeide_1.9.0/stm32cubeide/plugins/com.st.stm32cube.ide.mcu.externaltools.gnu-tools-for-stm32.10.3-2021.10.win32_1.0.0.202111181127/tools/bin/../lib/gcc/arm-none-eabi/10.3.1/thumb/v7-m/nofp/crti.o
 .ARM.attributes
                0x000000000000001d       0x2d c:/st/stm32cubeide_1.9.0/stm32cubeide/plugins/com.st.stm32cube.ide.mcu.externaltools.gnu-tools-for-stm32.10.3-2021.10.win32_1.0.0.202111181127/tools/bin/../lib/gcc/arm-none-eabi/10.3.1/thumb/v7-m/nofp/crtbegin.o
 .ARM.attributes
                0x000000000000004a       0x2d ./Core/Src/animation.o
 .ARM.attributes
                0x0000000000000077       0x2d ./Core/Src/gpio.o
 .ARM.attributes
                0x00000000000000a4       0x2d ./Core/Src/hub75.o
 .ARM.attributes
                0x00000000000000d1       0x2d ./Core/Src/main.o
 .ARM.attributes
                0x00000000000000fe       0x2d ./Core/Src/sim_events.o
 .ARM.attributes
                0x000000000000012b       0x2d ./Core/Src/stm32f1xx_hal_msp.o
 .ARM.attributes
                0x0000000000000158       0x2d ./Core/Src/stm32f1xx_it.o
 .ARM.attributes
                0x0000000000000185       0x2d ./Core/Src/system_stm32f1xx.o
 .ARM.attributes
                0x00000000000001b2       0x2d ./Core/Src/uart_rx.o
 .ARM.attributes
                0x00000000000001df       0x21 ./Core/Startup/startup_stm32f103vetx.o
 .ARM.attributes
                0x0000000000000200       0x2d ./Drivers/STM32F1xx_HAL_Driver/Src/stm32f1xx_hal.o
 .ARM.attributes
                0x000000000000022d       0x2d ./Drivers/STM32F1xx_HAL_Driver/Src/stm32f1xx_hal_cortex.o
 .ARM.attributes
                0x000000000000025a       0x2d ./Drivers/STM32F1xx_HAL_Driver/Src/stm32f1xx_hal_dma.o
 .ARM.attributes
                0x0000000000000287       0x2d ./Drivers/STM32F1xx_HAL_Driver/Src/stm32f1xx_hal_gpio.o
 .ARM.attributes
                0x00000000000002b4       0x2d ./Drivers/STM32F1xx_HAL_Driver/Src/stm32f1xx_hal_rcc.o
 .ARM.attributes
                0x00000000000002e1       0x2d ./Drivers/STM32F1xx_HAL_Driver/Src/stm32f1xx_hal_tim.o
 .ARM.attributes
                0x000000000000030e       0x2d ./Drivers/STM32F1xx_HAL_Driver/Src/stm32f1xx_hal_uart.o
 .ARM.attributes
                0x000000000000033b       0x2d c:/st/stm32cubeide_1.9.0/stm32cubeide/plugins/com.st.stm32cube.ide.mcu.externaltools.gnu-tools-for-stm32.10.3-2021.10.win32_1.0.0.202111181127/tools/bin/../lib/gcc/arm-none-eabi/10.3.1/../../../../arm-none-eabi/lib/thumb/v7-m/nofp\libc_nano.a(lib_a-init.o)
 .ARM.attributes
                0x0000000000000368       0x2d c:/st/stm32cubeide_1.9.0/stm32cubeide/plugins/com.st.stm32cube.ide.mcu.externaltools.gnu-tools-for-stm32.10.3-2021.10.win32_1.0.0.202111181127/tools/bin/../lib/gcc/arm-none-eabi/10.3.1/../../../../arm-none-eabi/lib/thumb/v7-m/nofp\libc_nano.a(lib_a-memset.o)
 .ARM.attributes
                0x0000000000000395       0x1d c:/st/stm32cubeide_1.9.0/stm32cubeide/plugins/com.st.stm32cube.ide.mcu.externaltools.gnu-tools-for-stm32.10.3-2021.10.win32_1.0.0.202111181127/tools/bin/../lib/gcc/arm-none-eabi/10.3.1/thumb/v7-m/nofp/crtn.o
OUTPUT(Board2_Display.elf elf32-littlearm)
LOAD linker stubs
LOAD c:/st/stm32cubeide_1.9.0/stm32cubeide/plugins/com.st.stm32cube.ide.mcu.externaltools.gnu-tools-for-stm32.10.3-2021.10.win32_1.0.0.202111181127/tools/bin/../lib/gcc/arm-none-eabi/10.3.1/../../../../arm-none-eabi/lib/thumb/v7-m/nofp\libc.a
LOAD c:/st/stm32cubeide_1.9.0/stm32cubeide/plugins/com.st.stm32cube.ide.mcu.externaltools.gnu-tools-for-stm32.10.3-2021.10.win32_1.0.0.202111181127/tools/bin/../lib/gcc/arm-none-eabi/10.3.1/../../../../arm-none-eabi/lib/thumb/v7-m/nofp\libm.a
LOAD c:/st/stm32cubeide_1.9.0/stm32cubeide/plugins/com.st.stm32cube.ide.mcu.externaltools.gnu-tools-for-stm32.10.3-2021.10.win32_1.0.0.202111181127/tools/bin/../lib/gcc/arm-none-eabi/10.3.1/thumb/v7-m/nofp\libgcc.a

.debug_info     0x0000000000000000     0xb2a8
 .debug_info    0x0000000000000000      0x61b ./Core/Src/animation.o
 .debug_info    0x000000000000061b      0x2d1 ./Core/Src/gpio.o
 .debug_info    0x00000000000008ec      0xe8a ./Core/Src/hub75.o
 .debug_info    0x0000000000001776      0x467 ./Core/Src/main.o
 .debug_info    0x0000000000001bdd       0x4e ./Core/Src/sim_events.o
 .debug_info    0x0000000000001c2b      0x210 ./Core/Src/stm32f1xx_hal_msp.o
 .debug_info    0x0000000000001e3b      0x122 ./Core/Src/stm32f1xx_it.o
 .debug_info    0x0000000000001f5d      0x23d ./Core/Src/system_stm32f1xx.o
 .debug_info    0x000000000000219a      0xb51 ./Core/Src/uart_rx.o
 .debug_info    0x0000000000002ceb       0x22 ./Core/Startup/startup_stm32f103vetx.o
 .debug_info    0x0000000000002d0d      0x79a ./Drivers/STM32F1xx_HAL_Driver/Src/stm32f1xx_hal.o
 .debug_info    0x00000000000034a7      0xb86 ./Drivers/STM32F1xx_HAL_Driver/Src/stm32f1xx_hal_cortex.o
 .debug_info    0x000000000000402d      0x744 ./Drivers/STM32F1xx_HAL_Driver/Src/stm32f1xx_hal_dma.o
 .debug_info    0x0000000000004771      0x615 ./Drivers/STM32F1xx_HAL_Driver/Src/stm32f1xx_hal_gpio.o
 .debug_info    0x0000000000004d86      0x865 ./Drivers/STM32F1xx_HAL_Driver/Src/stm32f1xx_hal_rcc.o
 .debug_info    0x00000000000055eb     0x2bcb ./Drivers/STM32F1xx_HAL_Driver/Src/stm32f1xx_hal_tim.o
 .debug_info    0x00000000000081b6     0x30f2 ./Drivers/STM32F1xx_HAL_Driver/Src/stm32f1xx_hal_uart.o

.debug_abbrev   0x0000000000000000     0x1d96
 .debug_abbrev  0x0000000000000000      0x242 ./Core/Src/animation.o
 .debug_abbrev  0x0000000000000242      0x134 ./Core/Src/gpio.o
 .debug_abbrev  0x0000000000000376      0x2cc ./Core/Src/hub75.o
 .debug_abbrev  0x0000000000000642      0x1f0 ./Core/Src/main.o
 .debug_abbrev  0x0000000000000832       0x31 ./Core/Src/sim_events.o
 .debug_abbrev  0x0000000000000863       0xd4 ./Core/Src/stm32f1xx_hal_msp.o
 .debug_abbrev  0x0000000000000937       0x74 ./Core/Src/stm32f1xx_it.o
 .debug_abbrev  0x00000000000009ab      0x13b ./Core/Src/system_stm32f1xx.o
 .debug_abbrev  0x0000000000000ae6      0x212 ./Core/Src/uart_rx.o
 .debug_abbrev  0x0000000000000cf8       0x12 ./Core/Startup/startup_stm32f103vetx.o
 .debug_abbrev  0x0000000000000d0a      0x1fb ./Drivers/STM32F1xx_HAL_Driver/Src/stm32f1xx_hal.o
 .debug_abbrev  0x0000000000000f05      0x2ed ./Drivers/STM32F1xx_HAL_Driver/Src/stm32f1xx_hal_cortex.o
 .debug_abbrev  0x00000000000011f2      0x1fe ./Drivers/STM32F1xx_HAL_Driver/Src/stm32f1xx_hal_dma.o
 .debug_abbrev  0x00000000000013f0      0x1bb ./Drivers/STM32F1xx_HAL_Driver/Src/stm32f1xx_hal_gpio.o
 .debug_abbrev  0x00000000000015ab      0x2a8 ./Drivers/STM32F1xx_HAL_Driver/Src/stm32f1xx_hal_rcc.o
 .debug_abbrev  0x0000000000001853      0x264 ./Drivers/STM32F1xx_HAL_Driver/Src/stm32f1xx_hal_tim.o
 .debug_abbrev  0x0000000000001ab7      0x2df ./Drivers/STM32F1xx_HAL_Driver/Src/stm32f1xx_hal_uart.o

.debug_aranges  0x0000000000000000      0xb60
 .debug_aranges
                0x0000000000000000       0x60 ./Core/Src/animation.o
 .debug_aranges
                0x0000000000000060       0x20 ./Core/Src/gpio.o
 .debug_aranges
                0x0000000000000080       0x60 ./Core/Src/hub75.o
 .debug_aranges
                0x00000000000000e0       0x30 ./Core/Src/main.o
 .debug_aranges
                0x0000000000000110       0x28 ./Core/Src/sim_events.o
 .debug_aranges
                0x0000000000000138       0x20 ./Core/Src/stm32f1xx_hal_msp.o
 .debug_aranges
                0x0000000000000158       0x60 ./Core/Src/stm32f1xx_it.o
 .debug_aranges
                0x00000000000001b8       0x28 ./Core/Src/system_stm32f1xx.o
 .debug_aranges
                0x00000000000001e0       0x38 ./Core/Src/uart_rx.o
 .debug_aranges
                0x0000000000000218       0x28 ./Core/Startup/startup_stm32f103vetx.o
 .debug_aranges
                0x0000000000000240       0xe0 ./Drivers/STM32F1xx_HAL_Driver/Src/stm32f1xx_hal.o
 .debug_aranges
                0x0000000000000320      0x100 ./Drivers/STM32F1xx_HAL_Driver/Src/stm32f1xx_hal_cortex.o
 .debug_aranges
                0x0000000000000420       0x80 ./Drivers/STM32F1xx_HAL_Driver/Src/stm32f1xx_hal_dma.o
 .debug_aranges
                0x00000000000004a0       0x58 ./Drivers/STM32F1xx_HAL_Driver/Src/stm32f1xx_hal_gpio.o
 .debug_aranges
                0x00000000000004f8       0x90 ./Drivers/STM32F1xx_HAL_Driver/Src/stm32f1xx_hal_rcc.o
 .debug_aranges
                0x0000000000000588      0x3d0 ./Drivers/STM32F1xx_HAL_Driver/Src/stm32f1xx_hal_tim.o
 .debug_aranges
                0x0000000000000958      0x208 ./Drivers/STM32F1xx_HAL_Driver/Src/stm32f1xx_hal_uart.o

.debug_ranges   0x0000000000000000      0xa88
 .debug_ranges  0x0000000000000000       0x50 ./Core/Src/animation.o
 .debug_ranges  0x0000000000000050       0x10 ./Core/Src/gpio.o
 .debug_ranges  0x0000000000000060       0x50 ./Core/Src/hub75.o
 .debug_ranges  0x00000000000000b0       0x20 ./Core/Src/main.o
 .debug_ranges  0x00000000000000d0       0x18 ./Core/Src/sim_events.o
 .debug_ranges  0x00000000000000e8       0x10 ./Core/Src/stm32f1xx_hal_msp.o
 .debug_ranges  0x00000000000000f8       0x50 ./Core/Src/stm32f1xx_it.o
 .debug_ranges  0x0000000000000148       0x18 ./Core/Src/system_stm32f1xx.o
 .debug_ranges  0x0000000000000160       0x28 ./Core/Src/uart_rx.o
 .debug_ranges  0x0000000000000188       0x20 ./Core/Startup/startup_stm32f103vetx.o
 .debug_ranges  0x00000000000001a8       0xd0 ./Drivers/STM32F1xx_HAL_Driver/Src/stm32f1xx_hal.o
 .debug_ranges  0x0000000000000278       0xf0 ./Drivers/STM32F1xx_HAL_Driver/Src/stm32f1xx_hal_cortex.o
 .debug_ranges  0x0000000000000368       0x70 ./Drivers/STM32F1xx_HAL_Driver/Src/stm32f1xx_hal_dma.o
 .debug_ranges  0x00000000000003d8       0x48 ./Drivers/STM32F1xx_HAL_Driver/Src/stm32f1xx_hal_gpio.o
 .debug_ranges  0x0000000000000420       0x80 ./Drivers/STM32F1xx_HAL_Driver/Src/stm32f1xx_hal_rcc.o
 .debug_ranges  0x00000000000004a0      0x3c0 ./Drivers/STM32F1xx_HAL_Driver/Src/stm32f1xx_hal_tim.o
 .debug_ranges  0x0000000000000860      0x228 ./Drivers/STM32F1xx_HAL_Driver/Src/stm32f1xx_hal_uart.o

.debug_macro    0x0000000000000000    0x19d80
 .debug_macro   0x0000000000000000      0x2c5 ./Core/Src/animation.o
 .debug_macro   0x00000000000002c5      0xa72 ./Core/Src/animation.o
 .debug_macro   0x0000000000000d37      0x239 ./Core/Src/animation.o
 .debug_macro   0x0000000000000f70       0x2e ./Core/Src/animation.o
 .debug_macro   0x0000000000000f9e       0x22 ./Core/Src/animation.o
 .debug_macro   0x0000000000000fc0       0x22 ./Core/Src/animation.o
 .debug_macro   0x0000000000000fe2       0x8e ./Core/Src/animation.o
 .debug_macro   0x0000000000001070       0x51 ./Core/Src/animation.o
 .debug_macro   0x00000000000010c1      0x103 ./Core/Src/animation.o
 .debug_macro   0x00000000000011c4       0x6a ./Core/Src/animation.o
 .debug_macro   0x000000000000122e      0x1df ./Core/Src/animation.o
 .debug_macro   0x000000000000140d       0x1c ./Core/Src/animation.o
 .debug_macro   0x0000000000001429       0x22 ./Core/Src/animation.o
 .debug_macro   0x000000000000144b       0xbd ./Core/Src/animation.o
 .debug_macro   0x0000000000001508      0xd23 ./Core/Src/animation.o
 .debug_macro   0x000000000000222b     0xfd8c ./Core/Src/animation.o
 .debug_macro   0x0000000000011fb7       0x6d ./Core/Src/animation.o
 .debug_macro   0x0000000000012024     0x34a2 ./Core/Src/animation.o
 .debug_macro   0x00000000000154c6      0x174 ./Core/Src/animation.o
 .debug_macro   0x000000000001563a       0x5c ./Core/Src/animation.o
 .debug_macro   0x0000000000015696      0x5bc ./Core/Src/animation.o
 .debug_macro   0x0000000000015c52      0x4d5 ./Core/Src/animation.o
 .debug_macro   0x0000000000016127      0x1cb ./Core/Src/animation.o
 .debug_macro   0x00000000000162f2      0x114 ./Core/Src/animation.o
 .debug_macro   0x0000000000016406      0x1ea ./Core/Src/animation.o
 .debug_macro   0x00000000000165f0       0x27 ./Core/Src/animation.o
 .debug_macro   0x0000000000016617      0x144 ./Core/Src/animation.o
 .debug_macro   0x000000000001675b      0x1bc ./Core/Src/animation.o
 .debug_macro   0x0000000000016917       0x30 ./Core/Src/animation.o
 .debug_macro   0x0000000000016947       0x3c ./Core/Src/animation.o
 .debug_macro   0x0000000000016983       0x57 ./Core/Src/animation.o
 .debug_macro   0x00000000000169da       0x87 ./Core/Src/animation.o
 .debug_macro   0x0000000000016a61      0x24f ./Core/Src/animation.o
 .debug_macro   0x0000000000016cb0      0x140 ./Core/Src/animation.o
 .debug_macro   0x0000000000016df0      0x8ed ./Core/Src/animation.o
 .debug_macro   0x00000000000176dd      0x28e ./Core/Src/animation.o
 .debug_macro   0x000000000001796b       0xb5 ./Core/Src/animation.o
 .debug_macro   0x0000000000017a20       0x52 ./Core/Src/animation.o
 .debug_macro   0x0000000000017a72       0x18 ./Core/Src/animation.o
 .debug_macro   0x0000000000017a8a       0x3c ./Core/Src/animation.o
 .debug_macro   0x0000000000017ac6       0x34 ./Core/Src/animation.o
 .debug_macro   0x0000000000017afa       0x16 ./Core/Src/animation.o
 .debug_macro   0x0000000000017b10       0x43 ./Core/Src/animation.o
 .debug_macro   0x0000000000017b53       0x34 ./Core/Src/animation.o
 .debug_macro   0x0000000000017b87       0x10 ./Core/Src/animation.o
 .debug_macro   0x0000000000017b97       0x58 ./Core/Src/animation.o
 .debug_macro   0x0000000000017bef       0x71 ./Core/Src/animation.o
 .debug_macro   0x0000000000017c60       0x1c ./Core/Src/animation.o
 .debug_macro   0x0000000000017c7c      0x12a ./Core/Src/animation.o
 .debug_macro   0x0000000000017da6      0x341 ./Core/Src/animation.o
 .debug_macro   0x00000000000180e7       0x10 ./Core/Src/animation.o
 .debug_macro   0x00000000000180f7       0x35 ./Core/Src/animation.o
 .debug_macro   0x000000000001812c       0x20 ./Core/Src/animation.o
 .debug_macro   0x000000000001814c       0x4c ./Core/Src/animation.o
 .debug_macro   0x0000000000018198       0x16 ./Core/Src/animation.o
 .debug_macro   0x00000000000181ae       0x76 ./Core/Src/animation.o
 .debug_macro   0x0000000000018224       0x10 ./Core/Src/animation.o
 .debug_macro   0x0000000000018234      0x1b7 ./Core/Src/gpio.o
 .debug_macro   0x00000000000183eb      0x2db ./Core/Src/hub75.o
 .debug_macro   0x00000000000186c6      0x2d1 ./Core/Src/main.o
 .debug_macro   0x0000000000018997       0x1b ./Core/Src/sim_events.o
 .debug_macro   0x00000000000189b2      0x1ad ./Core/Src/stm32f1xx_hal_msp.o
 .debug_macro   0x0000000000018b5f      0x1b7 ./Core/Src/stm32f1xx_it.o
 .debug_macro   0x0000000000018d16      0x1a3 ./Core/Src/system_stm32f1xx.o
 .debug_macro   0x0000000000018eb9      0x2af ./Core/Src/uart_rx.o
 .debug_macro   0x0000000000019168      0x1c7 ./Drivers/STM32F1xx_HAL_Driver/Src/stm32f1xx_hal.o
 .debug_macro   0x000000000001932f      0x1a3 ./Drivers/STM32F1xx_HAL_Driver/Src/stm32f1xx_hal_cortex.o
 .debug_macro   0x00000000000194d2      0x1a3 ./Drivers/STM32F1xx_HAL_Driver/Src/stm32f1xx_hal_dma.o
 .debug_macro   0x0000000000019675      0x20e ./Drivers/STM32F1xx_HAL_Driver/Src/stm32f1xx_hal_gpio.o
 .debug_macro   0x0000000000019883      0x1b5 ./Drivers/STM32F1xx_HAL_Driver/Src/stm32f1xx_hal_rcc.o
 .debug_macro   0x0000000000019a38      0x1a4 ./Drivers/STM32F1xx_HAL_Driver/Src/stm32f1xx_hal_tim.o
 .debug_macro   0x0000000000019bdc      0x1a4 ./Drivers/STM32F1xx_HAL_Driver/Src/stm32f1xx_hal_uart.o

.debug_line     0x0000000000000000     0xdfa2
 .debug_line    0x0000000000000000      0xb46 ./Core/Src/animation.o
 .debug_line    0x0000000000000b46      0x689 ./Core/Src/gpio.o
 .debug_line    0x00000000000011cf      0xafa ./Core/Src/hub75.o
 .debug_line    0x0000000000001cc9      0x9a0 ./Core/Src/main.o
 .debug_line    0x0000000000002669       0x7f ./Core/Src/sim_events.o
 .debug_line    0x00000000000026e8      0x66e ./Core/Src/stm32f1xx_hal_msp.o
 .debug_line    0x0000000000002d56      0x730 ./Core/Src/stm32f1xx_it.o
 .debug_line    0x0000000000003486      0x6ec ./Core/Src/system_stm32f1xx.o
 .debug_line    0x0000000000003b72      0x88d ./Core/Src/uart_rx.o
 .debug_line    0x00000000000043ff       0x87 ./Core/Startup/startup_stm32f103vetx.o
 .debug_line    0x0000000000004486      0x919 ./Drivers/STM32F1xx_HAL_Driver/Src/stm32f1xx_hal.o
 .debug_line    0x0000000000004d9f      0xb01 ./Drivers/STM32F1xx_HAL_Driver/Src/stm32f1xx_hal_cortex.o
 .debug_line    0x00000000000058a0     0x1244 ./Drivers/STM32F1xx_HAL_Driver/Src/stm32f1xx_hal_dma.o
 .debug_line    0x0000000000006ae4      0x9da ./Drivers/STM32F1xx_HAL_Driver/Src/stm32f1xx_hal_gpio.o
 .debug_line    0x00000000000074be      0xd25 ./Drivers/STM32F1xx_HAL_Driver/Src/stm32f1xx_hal_rcc.o
 .debug_line    0x00000000000081e3     0x35df ./Drivers/STM32F1xx_HAL_Driver/Src/stm32f1xx_hal_tim.o
 .debug_line    0x000000000000b7c2     0x27e0 ./Drivers/STM32F1xx_HAL_Driver/Src/stm32f1xx_hal_uart.o

.debug_str      0x0000000000000000    0x97b0f
 .debug_str     0x0000000000000000    0x94761 ./Core/Src/animation.o
                                      0x94b83 (size before relaxing)
 .debug_str     0x0000000000094761      0x114 ./Core/Src/gpio.o
                                      0x9195c (size before relaxing)
 .debug_str     0x0000000000094875      0xacd ./Core/Src/hub75.o
                                      0x954d9 (size before relaxing)
 .debug_str     0x0000000000095342      0x1e2 ./Core/Src/main.o
                                      0x94bbc (size before relaxing)
 .debug_str     0x0000000000095524       0x19 ./Core/Src/sim_events.o
                                       0x2ccd (size before relaxing)
 .debug_str     0x000000000009553d       0x5a ./Core/Src/stm32f1xx_hal_msp.o
                                      0x918e4 (size before relaxing)
 .debug_str     0x0000000000095597       0xc9 ./Core/Src/stm32f1xx_it.o
                                      0x918f9 (size before relaxing)
 .debug_str     0x0000000000095660       0x7e ./Core/Src/system_stm32f1xx.o
                                      0x9190f (size before relaxing)
 .debug_str     0x00000000000956de      0x2bb ./Core/Src/uart_rx.o
                                      0x952ff (size before relaxing)
 .debug_str     0x0000000000095999       0x36 ./Core/Startup/startup_stm32f103vetx.o
                                         0x77 (size before relaxing)
 .debug_str     0x00000000000959cf      0x378 ./Drivers/STM32F1xx_HAL_Driver/Src/stm32f1xx_hal.o
                                      0x92126 (size before relaxing)
 .debug_str     0x0000000000095d47      0x2a8 ./Drivers/STM32F1xx_HAL_Driver/Src/stm32f1xx_hal_cortex.o
                                      0x92072 (size before relaxing)
 .debug_str     0x0000000000095fef      0x215 ./Drivers/STM32F1xx_HAL_Driver/Src/stm32f1xx_hal_dma.o
                                      0x91cb8 (size before relaxing)
 .debug_str     0x0000000000096204      0x2f1 ./Drivers/STM32F1xx_HAL_Driver/Src/stm32f1xx_hal_gpio.o
                                      0x91c95 (size before relaxing)
 .debug_str     0x00000000000964f5      0x224 ./Drivers/STM32F1xx_HAL_Driver/Src/stm32f1xx_hal_rcc.o
                                      0x91d3e (size before relaxing)
 .debug_str     0x0000000000096719      0xe06 ./Drivers/STM32F1xx_HAL_Driver/Src/stm32f1xx_hal_tim.o
                                      0x92d40 (size before relaxing)
 .debug_str     0x000000000009751f      0x5f0 ./Drivers/STM32F1xx_HAL_Driver/Src/stm32f1xx_hal_uart.o
                                      0x923af (size before relaxing)

.comment        0x0000000000000000       0x50
 .comment       0x0000000000000000       0x50 ./Core/Src/animation.o
                                         0x51 (size before relaxing)
 .comment       0x0000000000000050       0x51 ./Core/Src/gpio.o
 .comment       0x0000000000000050       0x51 ./Core/Src/hub75.o
 .comment       0x0000000000000050       0x51 ./Core/Src/main.o
 .comment       0x0000000000000050       0x51 ./Core/Src/sim_events.o
 .comment       0x0000000000000050       0x51 ./Core/Src/stm32f1xx_hal_msp.o
 .comment       0x0000000000000050       0x51 ./Core/Src/stm32f1xx_it.o
 .comment       0x0000000000000050       0x51 ./Core/Src/system_stm32f1xx.o
 .comment       0x0000000000000050       0x51 ./Core/Src/uart_rx.o
 .comment       0x0000000000000050       0x51 ./Drivers/STM32F1xx_HAL_Driver/Src/stm32f1xx_hal.o
 .comment       0x0000000000000050       0x51 ./Drivers/STM32F1xx_HAL_Driver/Src/stm32f1xx_hal_cortex.o
 .comment       0x0000000000000050       0x51 ./Drivers/STM32F1xx_HAL_Driver/Src/stm32f1xx_hal_dma.o
 .comment       0x0000000000000050       0x51 ./Drivers/STM32F1xx_HAL_Driver/Src/stm32f1xx_hal_gpio.o
 .comment       0x0000000000000050       0x51 ./Drivers/STM32F1xx_HAL_Driver/Src/stm32f1xx_hal_rcc.o
 .comment       0x0000000000000050       0x51 ./Drivers/STM32F1xx_HAL_Driver/Src/stm32f1xx_hal_tim.o
 .comment       0x0000000000000050       0x51 ./Drivers/STM32F1xx_HAL_Driver/Src/stm32f1xx_hal_uart.o

.debug_frame    0x0000000000000000     0x2dd4
 .debug_frame   0x0000000000000000      0x160 ./Core/Src/animation.o
 .debug_frame   0x0000000000000160       0x34 ./Core/Src/gpio.o
 .debug_frame   0x0000000000000194      0x14c ./Core/Src/hub75.o
 .debug_frame   0x00000000000002e0       0x6c ./Core/Src/main.o
 .debug_frame   0x000000000000034c       0x50 ./Core/Src/sim_events.o
 .debug_frame   0x000000000000039c       0x38 ./Core/Src/stm32f1xx_hal_msp.o
 .debug_frame   0x00000000000003d4      0x104 ./Core/Src/stm32f1xx_it.o
 .debug_frame   0x00000000000004d8       0x58 ./Core/Src/system_stm32f1xx.o
 .debug_frame   0x0000000000000530       0x90 ./Core/Src/uart_rx.o
 .debug_frame   0x00000000000005c0      0x334 ./Drivers/STM32F1xx_HAL_Driver/Src/stm32f1xx_hal.o
 .debug_frame   0x00000000000008f4      0x428 ./Drivers/STM32F1xx_HAL_Driver/Src/stm32f1xx_hal_cortex.o
 .debug_frame   0x0000000000000d1c      0x20c ./Drivers/STM32F1xx_HAL_Driver/Src/stm32f1xx_hal_dma.o
 .debug_frame   0x0000000000000f28      0x14c ./Drivers/STM32F1xx_HAL_Driver/Src/stm32f1xx_hal_gpio.o
 .debug_frame   0x0000000000001074      0x218 ./Drivers/STM32F1xx_HAL_Driver/Src/stm32f1xx_hal_rcc.o
 .debug_frame   0x000000000000128c     0x11b8 ./Drivers/STM32F1xx_HAL_Driver/Src/stm32f1xx_hal_tim.o
 .debug_frame   0x0000000000002444      0x944 ./Drivers/STM32F1xx_HAL_Driver/Src/stm32f1xx_hal_uart.o
 .debug_frame   0x0000000000002d88       0x2c c:/st/stm32cubeide_1.9.0/stm32cubeide/plugins/com.st.stm32cube.ide.mcu.externaltools.gnu-tools-for-stm32.10.3-2021.10.win32_1.0.0.202111181127/tools/bin/../lib/gcc/arm-none-eabi/10.3.1/../../../../arm-none-eabi/lib/thumb/v7-m/nofp\libc_nano.a(lib_a-init.o)
 .debug_frame   0x0000000000002db4       0x20 c:/st/stm32cubeide_1.9.0/stm32cubeide/plugins/com.st.stm32cube.ide.mcu.externaltools.gnu-tools-for-stm32.10.3-2021.10.win32_1.0.0.202111181127/tools/bin/../lib/gcc/arm-none-eabi/10.3.1/../../../../arm-none-eabi/lib/thumb/v7-m/nofp\libc_nano.a(lib_a-memset.o)
