../Core/Src/main.c:125:14:GetNoteFreq	24	static
../Core/Src/main.c:136:13:LCD_ShowOctave	16	static
../Core/Src/main.c:152:13:LCD_ShowWave	8	static
../Core/Src/main.c:163:13:CycleWave	8	static
../Core/Src/main.c:175:6:HAL_TIM_PeriodElapsedCallback	16	static
../Core/Src/main.c:182:13:LCD_ShowSong	16	static
../Core/Src/main.c:188:13:LCD_ShowSampleRate	8	static
../Core/Src/main.c:199:5:main	88	static
../Core/Src/main.c:431:6:SystemClock_Config	72	static
../Core/Src/main.c:471:13:MX_DAC_Init	16	static
../Core/Src/main.c:511:13:MX_SDIO_SD_Init	4	static
../Core/Src/main.c:539:13:MX_TIM2_Init	32	static
../Core/Src/main.c:584:13:MX_TIM3_Init	64	static
../Core/Src/main.c:643:13:MX_TIM8_Init	96	static
../Core/Src/main.c:717:13:MX_USART1_UART_Init	8	static
../Core/Src/main.c:748:13:MX_DMA_Init	16	static
../Core/Src/main.c:769:13:MX_GPIO_Init	48	static
../Core/Src/main.c:828:13:MX_FSMC_Init	40	static
../Core/Src/main.c:892:6:Error_Handler	4	static,ignoring_inline_asm
