../Core/Src/stm32f1xx_hal_msp.c:68:6:HAL_MspInit	24	static
../Core/Src/stm32f1xx_hal_msp.c:94:6:HAL_DAC_MspInit	40	static
../Core/Src/stm32f1xx_hal_msp.c:143:6:HAL_DAC_MspDeInit	16	static
../Core/Src/stm32f1xx_hal_msp.c:173:6:HAL_SD_MspInit	48	static
../Core/Src/stm32f1xx_hal_msp.c:236:6:HAL_SD_MspDeInit	16	static
../Core/Src/stm32f1xx_hal_msp.c:271:6:HAL_TIM_Base_MspInit	32	static
../Core/Src/stm32f1xx_hal_msp.c:315:6:HAL_TIM_MspPostInit	40	static
../Core/Src/stm32f1xx_hal_msp.c:345:6:HAL_TIM_Base_MspDeInit	16	static
../Core/Src/stm32f1xx_hal_msp.c:395:6:HAL_UART_MspInit	40	static
../Core/Src/stm32f1xx_hal_msp.c:434:6:HAL_UART_MspDeInit	16	static
../Core/Src/stm32f1xx_hal_msp.c:459:13:HAL_FSMC_MspInit	32	static
../Core/Src/stm32f1xx_hal_msp.c:513:6:HAL_SRAM_MspInit	16	static
../Core/Src/stm32f1xx_hal_msp.c:525:13:HAL_FSMC_MspDeInit	8	static
../Core/Src/stm32f1xx_hal_msp.c:571:6:HAL_SRAM_MspDeInit	16	static
