Archive member included to satisfy reference by file (symbol)

c:/st/stm32cubeide_1.9.0/stm32cubeide/plugins/com.st.stm32cube.ide.mcu.externaltools.gnu-tools-for-stm32.10.3-2021.10.win32_1.0.0.202111181127/tools/bin/../lib/gcc/arm-none-eabi/10.3.1/../../../../arm-none-eabi/lib/thumb/v7-m/nofp\libc_nano.a(lib_a-errno.o)
                              ./Core/Src/syscalls.o (__errno)
c:/st/stm32cubeide_1.9.0/stm32cubeide/plugins/com.st.stm32cube.ide.mcu.externaltools.gnu-tools-for-stm32.10.3-2021.10.win32_1.0.0.202111181127/tools/bin/../lib/gcc/arm-none-eabi/10.3.1/../../../../arm-none-eabi/lib/thumb/v7-m/nofp\libc_nano.a(lib_a-exit.o)
                              c:/st/stm32cubeide_1.9.0/stm32cubeide/plugins/com.st.stm32cube.ide.mcu.externaltools.gnu-tools-for-stm32.10.3-2021.10.win32_1.0.0.202111181127/tools/bin/../lib/gcc/arm-none-eabi/10.3.1/../../../../arm-none-eabi/lib/thumb/v7-m/nofp/crt0.o (exit)
c:/st/stm32cubeide_1.9.0/stm32cubeide/plugins/com.st.stm32cube.ide.mcu.externaltools.gnu-tools-for-stm32.10.3-2021.10.win32_1.0.0.202111181127/tools/bin/../lib/gcc/arm-none-eabi/10.3.1/../../../../arm-none-eabi/lib/thumb/v7-m/nofp\libc_nano.a(lib_a-impure.o)
                              c:/st/stm32cubeide_1.9.0/stm32cubeide/plugins/com.st.stm32cube.ide.mcu.externaltools.gnu-tools-for-stm32.10.3-2021.10.win32_1.0.0.202111181127/tools/bin/../lib/gcc/arm-none-eabi/10.3.1/../../../../arm-none-eabi/lib/thumb/v7-m/nofp\libc_nano.a(lib_a-exit.o) (_global_impure_ptr)
c:/st/stm32cubeide_1.9.0/stm32cubeide/plugins/com.st.stm32cube.ide.mcu.externaltools.gnu-tools-for-stm32.10.3-2021.10.win32_1.0.0.202111181127/tools/bin/../lib/gcc/arm-none-eabi/10.3.1/../../../../arm-none-eabi/lib/thumb/v7-m/nofp\libc_nano.a(lib_a-init.o)
                              c:/st/stm32cubeide_1.9.0/stm32cubeide/plugins/com.st.stm32cube.ide.mcu.externaltools.gnu-tools-for-stm32.10.3-2021.10.win32_1.0.0.202111181127/tools/bin/../lib/gcc/arm-none-eabi/10.3.1/../../../../arm-none-eabi/lib/thumb/v7-m/nofp/crt0.o (__libc_init_array)
c:/st/stm32cubeide_1.9.0/stm32cubeide/plugins/com.st.stm32cube.ide.mcu.externaltools.gnu-tools-for-stm32.10.3-2021.10.win32_1.0.0.202111181127/tools/bin/../lib/gcc/arm-none-eabi/10.3.1/../../../../arm-none-eabi/lib/thumb/v7-m/nofp\libc_nano.a(lib_a-memset.o)
                              c:/st/stm32cubeide_1.9.0/stm32cubeide/plugins/com.st.stm32cube.ide.mcu.externaltools.gnu-tools-for-stm32.10.3-2021.10.win32_1.0.0.202111181127/tools/bin/../lib/gcc/arm-none-eabi/10.3.1/../../../../arm-none-eabi/lib/thumb/v7-m/nofp/crt0.o (memset)
c:/st/stm32cubeide_1.9.0/stm32cubeide/plugins/com.st.stm32cube.ide.mcu.externaltools.gnu-tools-for-stm32.10.3-2021.10.win32_1.0.0.202111181127/tools/bin/../lib/gcc/arm-none-eabi/10.3.1/../../../../arm-none-eabi/lib/thumb/v7-m/nofp\libc_nano.a(lib_a-snprintf.o)
                              ./Core/Src/sd_player.o (snprintf)
c:/st/stm32cubeide_1.9.0/stm32cubeide/plugins/com.st.stm32cube.ide.mcu.externaltools.gnu-tools-for-stm32.10.3-2021.10.win32_1.0.0.202111181127/tools/bin/../lib/gcc/arm-none-eabi/10.3.1/../../../../arm-none-eabi/lib/thumb/v7-m/nofp\libc_nano.a(lib_a-strcmp.o)
                              ./Core/Src/sd_player.o (strcmp)
c:/st/stm32cubeide_1.9.0/stm32cubeide/plugins/com.st.stm32cube.ide.mcu.externaltools.gnu-tools-for-stm32.10.3-2021.10.win32_1.0.0.202111181127/tools/bin/../lib/gcc/arm-none-eabi/10.3.1/../../../../arm-none-eabi/lib/thumb/v7-m/nofp\libc_nano.a(lib_a-strncpy.o)
                              ./Core/Src/sd_player.o (strncpy)
c:/st/stm32cubeide_1.9.0/stm32cubeide/plugins/com.st.stm32cube.ide.mcu.externaltools.gnu-tools-for-stm32.10.3-2021.10.win32_1.0.0.202111181127/tools/bin/../lib/gcc/arm-none-eabi/10.3.1/../../../../arm-none-eabi/lib/thumb/v7-m/nofp\libc_nano.a(lib_a-strrchr.o)
                              ./Core/Src/sd_player.o (strrchr)
c:/st/stm32cubeide_1.9.0/stm32cubeide/plugins/com.st.stm32cube.ide.mcu.externaltools.gnu-tools-for-stm32.10.3-2021.10.win32_1.0.0.202111181127/tools/bin/../lib/gcc/arm-none-eabi/10.3.1/../../../../arm-none-eabi/lib/thumb/v7-m/nofp\libc_nano.a(lib_a-nano-svfprintf.o)
                              c:/st/stm32cubeide_1.9.0/stm32cubeide/plugins/com.st.stm32cube.ide.mcu.externaltools.gnu-tools-for-stm32.10.3-2021.10.win32_1.0.0.202111181127/tools/bin/../lib/gcc/arm-none-eabi/10.3.1/../../../../arm-none-eabi/lib/thumb/v7-m/nofp\libc_nano.a(lib_a-snprintf.o) (_svfprintf_r)
c:/st/stm32cubeide_1.9.0/stm32cubeide/plugins/com.st.stm32cube.ide.mcu.externaltools.gnu-tools-for-stm32.10.3-2021.10.win32_1.0.0.202111181127/tools/bin/../lib/gcc/arm-none-eabi/10.3.1/../../../../arm-none-eabi/lib/thumb/v7-m/nofp\libc_nano.a(lib_a-nano-vfprintf_i.o)
[...]
Memory Configuration

Name             Origin             Length             Attributes
RAM              0x0000000020000000 0x0000000000010000 xrw
FLASH            0x0000000008000000 0x0000000000080000 xr
*default*        0x0000000000000000 0xffffffffffffffff

Linker script and memory map

LOAD c:/st/stm32cubeide_1.9.0/stm32cubeide/plugins/com.st.stm32cube.ide.mcu.externaltools.gnu-tools-for-stm32.10.3-2021.10.win32_1.0.0.202111181127/tools/bin/../lib/gcc/arm-none-eabi/10.3.1/thumb/v7-m/nofp/crti.o
LOAD c:/st/stm32cubeide_1.9.0/stm32cubeide/plugins/com.st.stm32cube.ide.mcu.externaltools.gnu-tools-for-stm32.10.3-2021.10.win32_1.0.0.202111181127/tools/bin/../lib/gcc/arm-none-eabi/10.3.1/thumb/v7-m/nofp/crtbegin.o
LOAD c:/st/stm32cubeide_1.9.0/stm32cubeide/plugins/com.st.stm32cube.ide.mcu.externaltools.gnu-tools-for-stm32.10.3-2021.10.win32_1.0.0.202111181127/tools/bin/../lib/gcc/arm-none-eabi/10.3.1/../../../../arm-none-eabi/lib/thumb/v7-m/nofp/crt0.o
LOAD ./Core/Src/audio.o
LOAD ./Core/Src/keydef.o
LOAD ./Core/Src/lcd.o
LOAD ./Core/Src/main.o
LOAD ./Core/Src/sd_player.o
LOAD ./Core/Src/song_player.o
LOAD ./Core/Src/stm32f1xx_hal_msp.o
LOAD ./Core/Src/stm32f1xx_it.o
LOAD ./Core/Src/syscalls.o
LOAD ./Core/Src/sysmem.o
LOAD ./Core/Src/system_stm32f1xx.o
LOAD ./Core/Src/uart_tx.o
LOAD ./Core/Src/wavetable.o
LOAD ./Core/Startup/startup_stm32f103vetx.o
LOAD ./Drivers/STM32F1xx_HAL_Driver/Src/stm32f1xx_hal.o
LOAD ./Drivers/STM32F1xx_HAL_Driver/Src/stm32f1xx_hal_cortex.o
LOAD ./Drivers/STM32F1xx_HAL_Driver/Src/stm32f1xx_hal_dac.o
LOAD ./Drivers/STM32F1xx_HAL_Driver/Src/stm32f1xx_hal_dac_ex.o
LOAD ./Drivers/STM32F1xx_HAL_Driver/Src/stm32f1xx_hal_dma.o
LOAD ./Drivers/STM32F1xx_HAL_Driver/Src/stm32f1xx_hal_exti.o
LOAD ./Drivers/STM32F1xx_HAL_Driver/Src/stm32f1xx_hal_flash.o
LOAD ./Drivers/STM32F1xx_HAL_Driver/Src/stm32f1xx_hal_flash_ex.o
LOAD ./Drivers/STM32F1xx_HAL_Driver/Src/stm32f1xx_hal_gpio.o
LOAD ./Drivers/STM32F1xx_HAL_Driver/Src/stm32f1xx_hal_gpio_ex.o
LOAD ./Drivers/STM32F1xx_HAL_Driver/Src/stm32f1xx_hal_pwr.o
LOAD ./Drivers/STM32F1xx_HAL_Driver/Src/stm32f1xx_hal_rcc.o
LOAD ./Drivers/STM32F1xx_HAL_Driver/Src/stm32f1xx_hal_rcc_ex.o
LOAD ./Drivers/STM32F1xx_HAL_Driver/Src/stm32f1xx_hal_sd.o
LOAD ./Drivers/STM32F1xx_HAL_Driver/Src/stm32f1xx_hal_sram.o
LOAD ./Drivers/STM32F1xx_HAL_Driver/Src/stm32f1xx_hal_tim.o
LOAD ./Drivers/STM32F1xx_HAL_Driver/Src/stm32f1xx_hal_tim_ex.o
LOAD ./Drivers/STM32F1xx_HAL_Driver/Src/stm32f1xx_hal_uart.o
LOAD ./Drivers/STM32F1xx_HAL_Driver/Src/stm32f1xx_ll_fsmc.o
LOAD ./Drivers/STM32F1xx_HAL_Driver/Src/stm32f1xx_ll_sdmmc.o
LOAD ./FATFS/App/fatfs.o
LOAD ./FATFS/Target/bsp_driver_sd.o
LOAD ./Middlewares/Third_Party/FatFs/src/diskio.o
LOAD ./Middlewares/Third_Party/FatFs/src/ff.o
LOAD ./Middlewares/Third_Party/FatFs/src/ff_gen_drv.o
LOAD ./Middlewares/Third_Party/FatFs/src/drivers/sd_diskio.o
LOAD ./Middlewares/Third_Party/FatFs/src/option/syscall.o
START GROUP
LOAD c:/st/stm32cubeide_1.9.0/stm32cubeide/plugins/com.st.stm32cube.ide.mcu.externaltools.gnu-tools-for-stm32.10.3-2021.10.win32_1.0.0.202111181127/tools/bin/../lib/gcc/arm-none-eabi/10.3.1/../../../../arm-none-eabi/lib/thumb/v7-m/nofp\libc_nano.a
LOAD c:/st/stm32cubeide_1.9.0/stm32cubeide/plugins/com.st.stm32cube.ide.mcu.externaltools.gnu-tools-for-stm32.10.3-2021.10.win32_1.0.0.202111181127/tools/bin/../lib/gcc/arm-none-eabi/10.3.1/../../../../arm-none-eabi/lib/thumb/v7-m/nofp\libm.a
END GROUP
START GROUP
LOAD c:/st/stm32cubeide_1.9.0/stm32cubeide/plugins/com.st.stm32cube.ide.mcu.externaltools.gnu-tools-for-stm32.10.3-2021.10.win32_1.0.0.202111181127/tools/bin/../lib/gcc/arm-none-eabi/10.3.1/thumb/v7-m/nofp\libgcc.a
LOAD c:/st/stm32cubeide_1.9.0/stm32cubeide/plugins/com.st.stm32cube.ide.mcu.externaltools.gnu-tools-for-stm32.10.3-2021.10.win32_1.0.0.202111181127/tools/bin/../lib/gcc/arm-none-eabi/10.3.1/../../../../arm-none-eabi/lib/thumb/v7-m/nofp\libc_nano.a
END GROUP
START GROUP
LOAD c:/st/stm32cubeide_1.9.0/stm32cubeide/plugins/com.st.stm32cube.ide.mcu.externaltools.gnu-tools-for-stm32.10.3-2021.10.win32_1.0.0.202111181127/tools/bin/../lib/gcc/arm-none-eabi/10.3.1/thumb/v7-m/nofp\libgcc.a
LOAD c:/st/stm32cubeide_1.9.0/stm32cubeide/plugins/com.st.stm32cube.ide.mcu.externaltools.gnu-tools-for-stm32.10.3-2021.10.win32_1.0.0.202111181127/tools/bin/../lib/gcc/arm-none-eabi/10.3.1/../../../../arm-none-eabi/lib/thumb/v7-m/nofp\libc_nano.a
LOAD c:/st/stm32cubeide_1.9.0/stm32cubeide/plugins/com.st.stm32cube.ide.mcu.externaltools.gnu-tools-for-stm32.10.3-2021.10.win32_1.0.0.202111181127/tools/bin/../lib/gcc/arm-none-eabi/10.3.1/../../../../arm-none-eabi/lib/thumb/v7-m/nofp\libnosys.a
END GROUP
START GROUP
LOAD c:/st/stm32cubeide_1.9.0/stm32cubeide/plugins/com.st.stm32cube.ide.mcu.externaltools.gnu-tools-for-stm32.10.3-2021.10.win32_1.0.0.202111181127/tools/bin/../lib/gcc/arm-none-eabi/10.3.1/thumb/v7-m/nofp\libgcc.a
LOAD c:/st/stm32cubeide_1.9.0/stm32cubeide/plugins/com.st.stm32cube.ide.mcu.externaltools.gnu-tools-for-stm32.10.3-2021.10.win32_1.0.0.202111181127/tools/bin/../lib/gcc/arm-none-eabi/10.3.1/../../../../arm-none-eabi/lib/thumb/v7-m/nofp\libc_nano.a
LOAD c:/st/stm32cubeide_1.9.0/stm32cubeide/plugins/com.st.stm32cube.ide.mcu.externaltools.gnu-tools-for-stm32.10.3-2021.10.win32_1.0.0.202111181127/tools/bin/../lib/gcc/arm-none-eabi/10.3.1/../../../../arm-none-eabi/lib/thumb/v7-m/nofp\libnosys.a
END GROUP
LOAD c:/st/stm32cubeide_1.9.0/stm32cubeide/plugins/com.st.stm32cube.ide.mcu.externaltools.gnu-tools-for-stm32.10.3-2021.10.win32_1.0.0.202111181127/tools/bin/../lib/gcc/arm-none-eabi/10.3.1/thumb/v7-m/nofp/crtend.o
LOAD c:/st/stm32cubeide_1.9.0/stm32cubeide/plugins/com.st.stm32cube.ide.mcu.externaltools.gnu-tools-for-stm32.10.3-2021.10.win32_1.0.0.202111181127/tools/bin/../lib/gcc/arm-none-eabi/10.3.1/thumb/v7-m/nofp/crtn.o
                0x0000000020010000                _estack = (ORIGIN (RAM) + LENGTH (RAM))
                0x0000000000000200                _Min_Heap_Size = 0x200
                0x0000000000000400                _Min_Stack_Size = 0x400

.isr_vector     0x0000000008000000      0x1e4
                0x0000000008000000                . = ALIGN (0x4)
 *(.isr_vector)
 .isr_vector    0x0000000008000000      0x1e4 ./Core/Startup/startup_stm32f103vetx.o
                0x0000000008000000                g_pfnVectors
                0x00000000080001e4                . = ALIGN (0x4)

.text           0x00000000080001e4     0xb024
                0x00000000080001e4                . = ALIGN (0x4)
 *(.text)
 .text          0x00000000080001e4       0x40 c:/st/stm32cubeide_1.9.0/stm32cubeide/plugins/com.st.stm32cube.ide.mcu.externaltools.gnu-tools-for-stm32.10.3-2021.10.win32_1.0.0.202111181127/tools/bin/../lib/gcc/arm-none-eabi/10.3.1/thumb/v7-m/nofp/crtbegin.o
 .text          0x0000000008000224       0x14 c:/st/stm32cubeide_1.9.0/stm32cubeide/plugins/com.st.stm32cube.ide.mcu.externaltools.gnu-tools-for-stm32.10.3-2021.10.win32_1.0.0.202111181127/tools/bin/../lib/gcc/arm-none-eabi/10.3.1/../../../../arm-none-eabi/lib/thumb/v7-m/nofp\libc_nano.a(lib_a-strcmp.o)
                0x0000000008000224                strcmp
 .text          0x0000000008000238      0x21c c:/st/stm32cubeide_1.9.0/stm32cubeide/plugins/com.st.stm32cube.ide.mcu.externaltools.gnu-tools-for-stm32.10.3-2021.10.win32_1.0.0.202111181127/tools/bin/../lib/gcc/arm-none-eabi/10.3.1/thumb/v7-m/nofp\libgcc.a(_arm_addsubsf3.o)
                0x0000000008000238                __aeabi_frsub
                0x0000000008000240                __subsf3
                0x0000000008000240                __aeabi_fsub
                0x0000000008000244                __aeabi_fadd
                0x0000000008000244                __addsf3
                0x00000000080003a4                __aeabi_ui2f
                0x00000000080003a4                __floatunsisf
                0x00000000080003ac                __aeabi_i2f
                0x00000000080003ac                __floatsisf
                0x00000000080003c8                __aeabi_ul2f
                0x00000000080003c8                __floatundisf
                0x00000000080003d8                __aeabi_l2f
                0x00000000080003d8                __floatdisf
 .text          0x0000000008000454      0x2a0 c:/st/stm32cubeide_1.9.0/stm32cubeide/plugins/com.st.stm32cube.ide.mcu.externaltools.gnu-tools-for-stm32.10.3-2021.10.win32_1.0.0.202111181127/tools/bin/../lib/gcc/arm-none-eabi/10.3.1/thumb/v7-m/nofp\libgcc.a(_arm_muldivsf3.o)
                0x0000000008000454                __mulsf3
                0x0000000008000454                __aeabi_fmul
                0x00000000080005bc                __aeabi_fdiv
                0x00000000080005bc                __divsf3
 .text          0x00000000080006f4       0xec c:/st/stm32cubeide_1.9.0/stm32cubeide/plugins/com.st.stm32cube.ide.mcu.externaltools.gnu-tools-for-stm32.10.3-2021.10.win32_1.0.0.202111181127/tools/bin/../lib/gcc/arm-none-eabi/10.3.1/thumb/v7-m/nofp\libgcc.a(_arm_cmpsf2.o)
                0x00000000080006f4                __gesf2
                0x00000000080006f4                __gtsf2
                0x00000000080006fc                __lesf2
                0x00000000080006fc                __ltsf2
                0x0000000008000704                __nesf2
                0x0000000008000704                __eqsf2
                0x0000000008000704                __cmpsf2
                0x0000000008000764                __aeabi_cfrcmple
                0x000000000800076c                __aeabi_cfcmpeq
                0x000000000800076c                __aeabi_cfcmple
                0x000000000800077c                __aeabi_fcmpeq
                0x0000000008000790                __aeabi_fcmplt
                0x00000000080007a4                __aeabi_fcmple
                0x00000000080007b8                __aeabi_fcmpge
                0x00000000080007cc                __aeabi_fcmpgt
 .text          0x00000000080007e0       0x40 c:/st/stm32cubeide_1.9.0/stm32cubeide/plugins/com.st.stm32cube.ide.mcu.externaltools.gnu-tools-for-stm32.10.3-2021.10.win32_1.0.0.202111181127/tools/bin/../lib/gcc/arm-none-eabi/10.3.1/thumb/v7-m/nofp\libgcc.a(_arm_fixunssfsi.o)
                0x00000000080007e0                __fixunssfsi
                0x00000000080007e0                __aeabi_f2uiz
 *(.text*)
 .text.Audio_Init
                0x0000000008000820       0x78 ./Core/Src/audio.o
                0x0000000008000820                Audio_Init
 .text.Audio_SetWave
                0x0000000008000898       0x48 ./Core/Src/audio.o
                0x0000000008000898                Audio_SetWave
 .text.Audio_SetNote
                0x00000000080008e0       0x5c ./Core/Src/audio.o
                0x00000000080008e0                Audio_SetNote
 .text.Audio_Stop
                0x000000000800093c       0x18 ./Core/Src/audio.o
                0x000000000800093c                Audio_Stop
 .text.Audio_SetSampleRate
                0x0000000008000954       0xa0 ./Core/Src/audio.o
                0x0000000008000954                Audio_SetSampleRate
 .text.Audio_GetSampleRate
                0x00000000080009f4       0x14 ./Core/Src/audio.o
                0x00000000080009f4                Audio_GetSampleRate
 .text.Audio_GetSampleRateName
                0x0000000008000a08       0x20 ./Core/Src/audio.o
                0x0000000008000a08                Audio_GetSampleRateName
 .text.Audio_FillHalf
                0x0000000008000a28       0xfc ./Core/Src/audio.o
                0x0000000008000a28                Audio_FillHalf
 .text.HAL_DAC_ConvHalfCpltCallbackCh1
                0x0000000008000b24       0x16 ./Core/Src/audio.o
                0x0000000008000b24                HAL_DAC_ConvHalfCpltCallbackCh1
 .text.HAL_DAC_ConvCpltCallbackCh1
                0x0000000008000b3a       0x16 ./Core/Src/audio.o
                0x0000000008000b3a                HAL_DAC_ConvCpltCallbackCh1
 .text.Keypad_AllColumnsOff
                0x0000000008000b50       0x3c ./Core/Src/keydef.o
                0x0000000008000b50                Keypad_AllColumnsOff
 .text.Keypad_ScanOneColumn
                0x0000000008000b8c      0x1a0 ./Core/Src/keydef.o
                0x0000000008000b8c                Keypad_ScanOneColumn
 .text.Delay    0x0000000008000d2c       0x22 ./Core/Src/lcd.o
                0x0000000008000d2c                Delay
 .text.LCD_INIT
                0x0000000008000d4e       0x2e ./Core/Src/lcd.o
                0x0000000008000d4e                LCD_INIT
 .text.LCD_Rst  0x0000000008000d7c       0x30 ./Core/Src/lcd.o
                0x0000000008000d7c                LCD_Rst
 .text.LCD_BackLed_Control
                0x0000000008000dac       0x38 ./Core/Src/lcd.o
                0x0000000008000dac                LCD_BackLed_Control
 .text.LCD_Write_Cmd
                0x0000000008000de4       0x1c ./Core/Src/lcd.o
                0x0000000008000de4                LCD_Write_Cmd
 .text.LCD_Write_Data
                0x0000000008000e00       0x20 ./Core/Src/lcd.o
                0x0000000008000e00                LCD_Write_Data
 .text.LCD_REG_Config
                0x0000000008000e20      0x234 ./Core/Src/lcd.o
                0x0000000008000e20                LCD_REG_Config
 .text.LCD_OpenWindow
                0x0000000008001054       0xb2 ./Core/Src/lcd.o
                0x0000000008001054                LCD_OpenWindow
 .text.LCD_FillColor
                0x0000000008001106       0x3c ./Core/Src/lcd.o
                0x0000000008001106                LCD_FillColor
 .text.LCD_Clear
                0x0000000008001142       0x46 ./Core/Src/lcd.o
                0x0000000008001142                LCD_Clear
 .text.LCD_DrawChar
                0x0000000008001188       0x8c ./Core/Src/lcd.o
                0x0000000008001188                LCD_DrawChar
 .text.LCD_DrawString
                0x0000000008001214       0x5e ./Core/Src/lcd.o
                0x0000000008001214                LCD_DrawString
 *fill*         0x0000000008001272        0x2 
 .text.GetNoteFreq
                0x0000000008001274       0xa4 ./Core/Src/main.o
 .text.LCD_ShowOctave
                0x0000000008001318       0x84 ./Core/Src/main.o
 .text.LCD_ShowWave
                0x000000000800139c       0x70 ./Core/Src/main.o
 .text.CycleWave
                0x000000000800140c       0x50 ./Core/Src/main.o
 .text.HAL_TIM_PeriodElapsedCallback
                0x000000000800145c       0x24 ./Core/Src/main.o
                0x000000000800145c                HAL_TIM_PeriodElapsedCallback
 .text.LCD_ShowSong
                0x0000000008001480       0x28 ./Core/Src/main.o
 .text.LCD_ShowSampleRate
                0x00000000080014a8       0x28 ./Core/Src/main.o
 .text.main     0x00000000080014d0      0x530 ./Core/Src/main.o
                0x00000000080014d0                main
 .text.SystemClock_Config
                0x0000000008001a00       0x8a ./Core/Src/main.o
                0x0000000008001a00                SystemClock_Config
 *fill*         0x0000000008001a8a        0x2 
 .text.MX_DAC_Init
                0x0000000008001a8c       0x54 ./Core/Src/main.o
 .text.MX_SDIO_SD_Init
                0x0000000008001ae0       0x40 ./Core/Src/main.o
 .text.MX_TIM2_Init
                0x0000000008001b20       0x98 ./Core/Src/main.o
 .text.MX_TIM3_Init
                0x0000000008001bb8       0xf0 ./Core/Src/main.o
 .text.MX_TIM8_Init
                0x0000000008001ca8      0x13c ./Core/Src/main.o
 .text.MX_USART1_UART_Init
                0x0000000008001de4       0x54 ./Core/Src/main.o
 .text.MX_DMA_Init
                0x0000000008001e38       0x4c ./Core/Src/main.o
 .text.MX_GPIO_Init
                0x0000000008001e84      0x158 ./Core/Src/main.o
 .text.MX_FSMC_Init
                0x0000000008001fdc       0xc8 ./Core/Src/main.o
 .text.Error_Handler
                0x00000000080020a4        0xa ./Core/Src/main.o
                0x00000000080020a4                Error_Handler
 *fill*         0x00000000080020ae        0x2 
 .text.SdPlayer_Init
                0x00000000080020b0       0x40 ./Core/Src/sd_player.o
                0x00000000080020b0                SdPlayer_Init
 .text.CloseFile
                0x00000000080020f0       0x24 ./Core/Src/sd_player.o
 .text.SdPlayer_LoadNext
                0x0000000008002114      0x100 ./Core/Src/sd_player.o
                0x0000000008002114                SdPlayer_LoadNext
 .text.SdPlayer_Play
                0x0000000008002214       0x2c ./Core/Src/sd_player.o
                0x0000000008002214                SdPlayer_Play
 .text.SdPlayer_Stop
                0x0000000008002240       0x34 ./Core/Src/sd_player.o
                0x0000000008002240                SdPlayer_Stop
 .text.SdPlayer_Toggle
                0x0000000008002274       0x30 ./Core/Src/sd_player.o
                0x0000000008002274                SdPlayer_Toggle
 .text.SdPlayer_RequestFill
                0x00000000080022a4       0x28 ./Core/Src/sd_player.o
                0x00000000080022a4                SdPlayer_RequestFill
 .text.SdPlayer_Tick
                0x00000000080022cc       0xfc ./Core/Src/sd_player.o
                0x00000000080022cc                SdPlayer_Tick
 .text.SdPlayer_GetState
                0x00000000080023c8       0x14 ./Core/Src/sd_player.o
                0x00000000080023c8                SdPlayer_GetState
 .text.SdPlayer_GetFilename
                0x00000000080023dc       0x14 ./Core/Src/sd_player.o
                0x00000000080023dc                SdPlayer_GetFilename
 .text.SongPlayer_MuteForKey
                0x00000000080023f0       0x2c ./Core/Src/song_player.o
                0x00000000080023f0                SongPlayer_MuteForKey
 .text.SongPlayer_UnmuteAfterKey
                0x000000000800241c       0x50 ./Core/Src/song_player.o
                0x000000000800241c                SongPlayer_UnmuteAfterKey
 .text.SongPlayer_Tick
                0x000000000800246c       0xbc ./Core/Src/song_player.o
                0x000000000800246c                SongPlayer_Tick
 .text.HAL_MspInit
                0x0000000008002528       0x64 ./Core/Src/stm32f1xx_hal_msp.o
                0x0000000008002528                HAL_MspInit
 .text.HAL_DAC_MspInit
                0x000000000800258c       0xd4 ./Core/Src/stm32f1xx_hal_msp.o
                0x000000000800258c                HAL_DAC_MspInit
 .text.HAL_SD_MspInit
                0x0000000008002660      0x118 ./Core/Src/stm32f1xx_hal_msp.o
                0x0000000008002660                HAL_SD_MspInit
 .text.HAL_TIM_Base_MspInit
                0x0000000008002778       0xa8 ./Core/Src/stm32f1xx_hal_msp.o
                0x0000000008002778                HAL_TIM_Base_MspInit
 .text.HAL_TIM_MspPostInit
                0x0000000008002820       0x64 ./Core/Src/stm32f1xx_hal_msp.o
                0x0000000008002820                HAL_TIM_MspPostInit
 .text.HAL_UART_MspInit
                0x0000000008002884       0x98 ./Core/Src/stm32f1xx_hal_msp.o
                0x0000000008002884                HAL_UART_MspInit
 .text.HAL_FSMC_MspInit
                0x000000000800291c       0x88 ./Core/Src/stm32f1xx_hal_msp.o
 .text.HAL_SRAM_MspInit
                0x00000000080029a4       0x14 ./Core/Src/stm32f1xx_hal_msp.o
                0x00000000080029a4                HAL_SRAM_MspInit
 .text.NMI_Handler
                0x00000000080029b8        0x6 ./Core/Src/stm32f1xx_it.o
                0x00000000080029b8                NMI_Handler
 .text.HardFault_Handler
                0x00000000080029be        0x6 ./Core/Src/stm32f1xx_it.o
                0x00000000080029be                HardFault_Handler
 .text.MemManage_Handler
                0x00000000080029c4        0x6 ./Core/Src/stm32f1xx_it.o
                0x00000000080029c4                MemManage_Handler
 .text.BusFault_Handler
                0x00000000080029ca        0x6 ./Core/Src/stm32f1xx_it.o
                0x00000000080029ca                BusFault_Handler
 .text.UsageFault_Handler
                0x00000000080029d0        0x6 ./Core/Src/stm32f1xx_it.o
                0x00000000080029d0                UsageFault_Handler
 .text.SVC_Handler
                0x00000000080029d6        0xc ./Core/Src/stm32f1xx_it.o
                0x00000000080029d6                SVC_Handler
 .text.DebugMon_Handler
                0x00000000080029e2        0xc ./Core/Src/stm32f1xx_it.o
                0x00000000080029e2                DebugMon_Handler
 .text.PendSV_Handler
                0x00000000080029ee        0xc ./Core/Src/stm32f1xx_it.o
                0x00000000080029ee                PendSV_Handler
 .text.SysTick_Handler
                0x00000000080029fa        0xc ./Core/Src/stm32f1xx_it.o
                0x00000000080029fa                SysTick_Handler
 *fill*         0x0000000008002a06        0x2 
 .text.TIM3_IRQHandler
                0x0000000008002a08       0x14 ./Core/Src/stm32f1xx_it.o
                0x0000000008002a08                TIM3_IRQHandler
 .text.TIM8_UP_IRQHandler
                0x0000000008002a1c       0x14 ./Core/Src/stm32f1xx_it.o
                0x0000000008002a1c                TIM8_UP_IRQHandler
 .text.DMA2_Channel3_IRQHandler
                0x0000000008002a30       0x14 ./Core/Src/stm32f1xx_it.o
                0x0000000008002a30                DMA2_Channel3_IRQHandler
 .text.DMA2_Channel4_5_IRQHandler
                0x0000000008002a44       0x14 ./Core/Src/stm32f1xx_it.o
                0x0000000008002a44                DMA2_Channel4_5_IRQHandler
 .text._sbrk    0x0000000008002a58       0x6c ./Core/Src/sysmem.o
                0x0000000008002a58                _sbrk
 .text.SystemInit
                0x0000000008002ac4        0xc ./Core/Src/system_stm32f1xx.o
                0x0000000008002ac4                SystemInit
 .text.UART_TX_Init
                0x0000000008002ad0       0xb0 ./Core/Src/uart_tx.o
                0x0000000008002ad0                UART_TX_Init
 .text.UART_TX_SendNoteEvent
                0x0000000008002b80       0x20 ./Core/Src/uart_tx.o
                0x0000000008002b80                UART_TX_SendNoteEvent
 .text.Reset_Handler
                0x0000000008002ba0       0x48 ./Core/Startup/startup_stm32f103vetx.o
                0x0000000008002ba0                Reset_Handler
 .text.Default_Handler
                0x0000000008002be8        0x2 ./Core/Startup/startup_stm32f103vetx.o
                0x0000000008002be8                RTC_Alarm_IRQHandler
                0x0000000008002be8                EXTI2_IRQHandler
                0x0000000008002be8                TIM8_TRG_COM_IRQHandler
                0x0000000008002be8                TIM8_CC_IRQHandler
                0x0000000008002be8                TIM1_CC_IRQHandler
                0x0000000008002be8                TIM6_IRQHandler
                0x0000000008002be8                PVD_IRQHandler
                0x0000000008002be8                SDIO_IRQHandler
                0x0000000008002be8                EXTI3_IRQHandler
                0x0000000008002be8                EXTI0_IRQHandler
                0x0000000008002be8                I2C2_EV_IRQHandler
                0x0000000008002be8                ADC1_2_IRQHandler
                0x0000000008002be8                SPI1_IRQHandler
                0x0000000008002be8                TAMPER_IRQHandler
                0x0000000008002be8                DMA2_Channel2_IRQHandler
                0x0000000008002be8                DMA1_Channel4_IRQHandler
                0x0000000008002be8                USART3_IRQHandler
                0x0000000008002be8                RTC_IRQHandler
                0x0000000008002be8                DMA1_Channel7_IRQHandler
                0x0000000008002be8                CAN1_RX1_IRQHandler
                0x0000000008002be8                UART5_IRQHandler
                0x0000000008002be8                ADC3_IRQHandler
                0x0000000008002be8                TIM4_IRQHandler
                0x0000000008002be8                DMA2_Channel1_IRQHandler
                0x0000000008002be8                I2C1_EV_IRQHandler
                0x0000000008002be8                DMA1_Channel6_IRQHandler
                0x0000000008002be8                UART4_IRQHandler
                0x0000000008002be8                RCC_IRQHandler
                0x0000000008002be8                TIM1_TRG_COM_IRQHandler
                0x0000000008002be8                DMA1_Channel1_IRQHandler
                0x0000000008002be8                Default_Handler
                0x0000000008002be8                EXTI15_10_IRQHandler
                0x0000000008002be8                TIM7_IRQHandler
                0x0000000008002be8                TIM5_IRQHandler
                0x0000000008002be8                EXTI9_5_IRQHandler
                0x0000000008002be8                SPI2_IRQHandler
                0x0000000008002be8                DMA1_Channel5_IRQHandler
                0x0000000008002be8                EXTI4_IRQHandler
                0x0000000008002be8                USB_LP_CAN1_RX0_IRQHandler
                0x0000000008002be8                USB_HP_CAN1_TX_IRQHandler
                0x0000000008002be8                DMA1_Channel3_IRQHandler
                0x0000000008002be8                FSMC_IRQHandler
                0x0000000008002be8                TIM1_UP_IRQHandler
                0x0000000008002be8                WWDG_IRQHandler
                0x0000000008002be8                TIM2_IRQHandler
                0x0000000008002be8                TIM1_BRK_IRQHandler
                0x0000000008002be8                EXTI1_IRQHandler
                0x0000000008002be8                USART2_IRQHandler
                0x0000000008002be8                I2C2_ER_IRQHandler
                0x0000000008002be8                DMA1_Channel2_IRQHandler
                0x0000000008002be8                TIM8_BRK_IRQHandler
                0x0000000008002be8                CAN1_SCE_IRQHandler
                0x0000000008002be8                FLASH_IRQHandler
                0x0000000008002be8                USART1_IRQHandler
                0x0000000008002be8                SPI3_IRQHandler
                0x0000000008002be8                I2C1_ER_IRQHandler
                0x0000000008002be8                USBWakeUp_IRQHandler
 *fill*         0x0000000008002bea        0x2 
 .text.HAL_Init
                0x0000000008002bec       0x2c ./Drivers/STM32F1xx_HAL_Driver/Src/stm32f1xx_hal.o
                0x0000000008002bec                HAL_Init
 .text.HAL_InitTick
                0x0000000008002c18       0x60 ./Drivers/STM32F1xx_HAL_Driver/Src/stm32f1xx_hal.o
                0x0000000008002c18                HAL_InitTick
 .text.HAL_IncTick
                0x0000000008002c78       0x24 ./Drivers/STM32F1xx_HAL_Driver/Src/stm32f1xx_hal.o
                0x0000000008002c78                HAL_IncTick
 .text.HAL_GetTick
                0x0000000008002c9c       0x14 ./Drivers/STM32F1xx_HAL_Driver/Src/stm32f1xx_hal.o
                0x0000000008002c9c                HAL_GetTick
 .text.HAL_Delay
                0x0000000008002cb0       0x48 ./Drivers/STM32F1xx_HAL_Driver/Src/stm32f1xx_hal.o
                0x0000000008002cb0                HAL_Delay
 .text.__NVIC_SetPriorityGrouping
                0x0000000008002cf8       0x48 ./Drivers/STM32F1xx_HAL_Driver/Src/stm32f1xx_hal_cortex.o
 .text.__NVIC_GetPriorityGrouping
                0x0000000008002d40       0x1c ./Drivers/STM32F1xx_HAL_Driver/Src/stm32f1xx_hal_cortex.o
 .text.__NVIC_EnableIRQ
                0x0000000008002d5c       0x38 ./Drivers/STM32F1xx_HAL_Driver/Src/stm32f1xx_hal_cortex.o
 .text.__NVIC_SetPriority
                0x0000000008002d94       0x54 ./Drivers/STM32F1xx_HAL_Driver/Src/stm32f1xx_hal_cortex.o
 .text.NVIC_EncodePriority
                0x0000000008002de8       0x64 ./Drivers/STM32F1xx_HAL_Driver/Src/stm32f1xx_hal_cortex.o
 .text.SysTick_Config
                0x0000000008002e4c       0x44 ./Drivers/STM32F1xx_HAL_Driver/Src/stm32f1xx_hal_cortex.o
 .text.HAL_NVIC_SetPriorityGrouping
                0x0000000008002e90       0x16 ./Drivers/STM32F1xx_HAL_Driver/Src/stm32f1xx_hal_cortex.o
                0x0000000008002e90                HAL_NVIC_SetPriorityGrouping
 .text.HAL_NVIC_SetPriority
                0x0000000008002ea6       0x38 ./Drivers/STM32F1xx_HAL_Driver/Src/stm32f1xx_hal_cortex.o
                0x0000000008002ea6                HAL_NVIC_SetPriority
 .text.HAL_NVIC_EnableIRQ
                0x0000000008002ede       0x1c ./Drivers/STM32F1xx_HAL_Driver/Src/stm32f1xx_hal_cortex.o
                0x0000000008002ede                HAL_NVIC_EnableIRQ
 .text.HAL_SYSTICK_Config
                0x0000000008002efa       0x18 ./Drivers/STM32F1xx_HAL_Driver/Src/stm32f1xx_hal_cortex.o
                0x0000000008002efa                HAL_SYSTICK_Config
 .text.HAL_DAC_Init
                0x0000000008002f12       0x44 ./Drivers/STM32F1xx_HAL_Driver/Src/stm32f1xx_hal_dac.o
                0x0000000008002f12                HAL_DAC_Init
 *fill*         0x0000000008002f56        0x2 
 .text.HAL_DAC_Start_DMA
                0x0000000008002f58      0x160 ./Drivers/STM32F1xx_HAL_Driver/Src/stm32f1xx_hal_dac.o
                0x0000000008002f58                HAL_DAC_Start_DMA
 .text.HAL_DAC_ErrorCallbackCh1
                0x00000000080030b8       0x12 ./Drivers/STM32F1xx_HAL_Driver/Src/stm32f1xx_hal_dac.o
                0x00000000080030b8                HAL_DAC_ErrorCallbackCh1
 .text.HAL_DAC_ConfigChannel
                0x00000000080030ca       0xb0 ./Drivers/STM32F1xx_HAL_Driver/Src/stm32f1xx_hal_dac.o
                0x00000000080030ca                HAL_DAC_ConfigChannel
 .text.DAC_DMAConvCpltCh1
                0x000000000800317a       0x22 ./Drivers/STM32F1xx_HAL_Driver/Src/stm32f1xx_hal_dac.o
                0x000000000800317a                DAC_DMAConvCpltCh1
 .text.DAC_DMAHalfConvCpltCh1
                0x000000000800319c       0x1c ./Drivers/STM32F1xx_HAL_Driver/Src/stm32f1xx_hal_dac.o
                0x000000000800319c                DAC_DMAHalfConvCpltCh1
 .text.DAC_DMAErrorCh1
                0x00000000080031b8       0x2e ./Drivers/STM32F1xx_HAL_Driver/Src/stm32f1xx_hal_dac.o
                0x00000000080031b8                DAC_DMAErrorCh1
 .text.HAL_DACEx_ConvCpltCallbackCh2
                0x00000000080031e6       0x12 ./Drivers/STM32F1xx_HAL_Driver/Src/stm32f1xx_hal_dac_ex.o
                0x00000000080031e6                HAL_DACEx_ConvCpltCallbackCh2
 .text.HAL_DACEx_ConvHalfCpltCallbackCh2
                0x00000000080031f8       0x12 ./Drivers/STM32F1xx_HAL_Driver/Src/stm32f1xx_hal_dac_ex.o
                0x00000000080031f8                HAL_DACEx_ConvHalfCpltCallbackCh2
 .text.HAL_DACEx_ErrorCallbackCh2
                0x000000000800320a       0x12 ./Drivers/STM32F1xx_HAL_Driver/Src/stm32f1xx_hal_dac_ex.o
                0x000000000800320a                HAL_DACEx_ErrorCallbackCh2
 .text.DAC_DMAConvCpltCh2
                0x000000000800321c       0x22 ./Drivers/STM32F1xx_HAL_Driver/Src/stm32f1xx_hal_dac_ex.o
                0x000000000800321c                DAC_DMAConvCpltCh2
 .text.DAC_DMAHalfConvCpltCh2
                0x000000000800323e       0x1c ./Drivers/STM32F1xx_HAL_Driver/Src/stm32f1xx_hal_dac_ex.o
                0x000000000800323e                DAC_DMAHalfConvCpltCh2
 .text.DAC_DMAErrorCh2
                0x000000000800325a       0x2e ./Drivers/STM32F1xx_HAL_Driver/Src/stm32f1xx_hal_dac_ex.o
                0x000000000800325a                DAC_DMAErrorCh2
 .text.HAL_DMA_Init
                0x0000000008003288       0xec ./Drivers/STM32F1xx_HAL_Driver/Src/stm32f1xx_hal_dma.o
                0x0000000008003288                HAL_DMA_Init
 .text.HAL_DMA_Start_IT
                0x0000000008003374       0xc0 ./Drivers/STM32F1xx_HAL_Driver/Src/stm32f1xx_hal_dma.o
                0x0000000008003374                HAL_DMA_Start_IT
 .text.HAL_DMA_IRQHandler
                0x0000000008003434      0x478 ./Drivers/STM32F1xx_HAL_Driver/Src/stm32f1xx_hal_dma.o
                0x0000000008003434                HAL_DMA_IRQHandler
 .text.DMA_SetConfig
                0x00000000080038ac       0x5a ./Drivers/STM32F1xx_HAL_Driver/Src/stm32f1xx_hal_dma.o
 *fill*         0x0000000008003906        0x2 
 .text.HAL_GPIO_Init
                0x0000000008003908      0x328 ./Drivers/STM32F1xx_HAL_Driver/Src/stm32f1xx_hal_gpio.o
                0x0000000008003908                HAL_GPIO_Init
 .text.HAL_GPIO_ReadPin
                0x0000000008003c30       0x2e ./Drivers/STM32F1xx_HAL_Driver/Src/stm32f1xx_hal_gpio.o
                0x0000000008003c30                HAL_GPIO_ReadPin
 .text.HAL_GPIO_WritePin
                0x0000000008003c5e       0x30 ./Drivers/STM32F1xx_HAL_Driver/Src/stm32f1xx_hal_gpio.o
                0x0000000008003c5e                HAL_GPIO_WritePin
 *fill*         0x0000000008003c8e        0x2 
 .text.HAL_RCC_OscConfig
                0x0000000008003c90      0x504 ./Drivers/STM32F1xx_HAL_Driver/Src/stm32f1xx_hal_rcc.o
                0x0000000008003c90                HAL_RCC_OscConfig
 .text.HAL_RCC_ClockConfig
                0x0000000008004194      0x1d4 ./Drivers/STM32F1xx_HAL_Driver/Src/stm32f1xx_hal_rcc.o
                0x0000000008004194                HAL_RCC_ClockConfig
 .text.HAL_RCC_GetSysClockFreq
                0x0000000008004368       0xa8 ./Drivers/STM32F1xx_HAL_Driver/Src/stm32f1xx_hal_rcc.o
                0x0000000008004368                HAL_RCC_GetSysClockFreq
 .text.HAL_RCC_GetHCLKFreq
                0x0000000008004410       0x14 ./Drivers/STM32F1xx_HAL_Driver/Src/stm32f1xx_hal_rcc.o
                0x0000000008004410                HAL_RCC_GetHCLKFreq
 .text.HAL_RCC_GetPCLK1Freq
                0x0000000008004424       0x28 ./Drivers/STM32F1xx_HAL_Driver/Src/stm32f1xx_hal_rcc.o
                0x0000000008004424                HAL_RCC_GetPCLK1Freq
 .text.HAL_RCC_GetPCLK2Freq
                0x000000000800444c       0x28 ./Drivers/STM32F1xx_HAL_Driver/Src/stm32f1xx_hal_rcc.o
                0x000000000800444c                HAL_RCC_GetPCLK2Freq
 .text.RCC_Delay
                0x0000000008004474       0x3c ./Drivers/STM32F1xx_HAL_Driver/Src/stm32f1xx_hal_rcc.o
 .text.HAL_SD_Init
                0x00000000080044b0       0x60 ./Drivers/STM32F1xx_HAL_Driver/Src/stm32f1xx_hal_sd.o
                0x00000000080044b0                HAL_SD_Init
 .text.HAL_SD_InitCard
                0x0000000008004510       0xf0 ./Drivers/STM32F1xx_HAL_Driver/Src/stm32f1xx_hal_sd.o
                0x0000000008004510                HAL_SD_InitCard
 .text.HAL_SD_ReadBlocks
                0x0000000008004600      0x3cc ./Drivers/STM32F1xx_HAL_Driver/Src/stm32f1xx_hal_sd.o
                0x0000000008004600                HAL_SD_ReadBlocks
 .text.HAL_SD_WriteBlocks
                0x00000000080049cc      0x31c ./Drivers/STM32F1xx_HAL_Driver/Src/stm32f1xx_hal_sd.o
                0x00000000080049cc                HAL_SD_WriteBlocks
 .text.HAL_SD_GetCardCSD
                0x0000000008004ce8      0x348 ./Drivers/STM32F1xx_HAL_Driver/Src/stm32f1xx_hal_sd.o
                0x0000000008004ce8                HAL_SD_GetCardCSD
 .text.HAL_SD_GetCardInfo
                0x0000000008005030       0x56 ./Drivers/STM32F1xx_HAL_Driver/Src/stm32f1xx_hal_sd.o
                0x0000000008005030                HAL_SD_GetCardInfo
 .text.HAL_SD_GetCardState
                0x0000000008005086       0x40 ./Drivers/STM32F1xx_HAL_Driver/Src/stm32f1xx_hal_sd.o
                0x0000000008005086                HAL_SD_GetCardState
 .text.SD_InitCard
                0x00000000080050c6      0x19c ./Drivers/STM32F1xx_HAL_Driver/Src/stm32f1xx_hal_sd.o
 *fill*         0x0000000008005262        0x2 
 .text.SD_PowerON
                0x0000000008005264      0x11c ./Drivers/STM32F1xx_HAL_Driver/Src/stm32f1xx_hal_sd.o
 .text.SD_SendStatus
                0x0000000008005380       0x50 ./Drivers/STM32F1xx_HAL_Driver/Src/stm32f1xx_hal_sd.o
 .text.HAL_SRAM_Init
                0x00000000080053d0       0x9a ./Drivers/STM32F1xx_HAL_Driver/Src/stm32f1xx_hal_sram.o
                0x00000000080053d0                HAL_SRAM_Init
 .text.HAL_TIM_Base_Init
                0x000000000800546a       0x9e ./Drivers/STM32F1xx_HAL_Driver/Src/stm32f1xx_hal_tim.o
                0x000000000800546a                HAL_TIM_Base_Init
 .text.HAL_TIM_Base_Start
                0x0000000008005508       0xb0 ./Drivers/STM32F1xx_HAL_Driver/Src/stm32f1xx_hal_tim.o
                0x0000000008005508                HAL_TIM_Base_Start
 .text.HAL_TIM_Base_Start_IT
                0x00000000080055b8       0xc0 ./Drivers/STM32F1xx_HAL_Driver/Src/stm32f1xx_hal_tim.o
                0x00000000080055b8                HAL_TIM_Base_Start_IT
 .text.HAL_TIM_OC_Init
                0x0000000008005678       0x9e ./Drivers/STM32F1xx_HAL_Driver/Src/stm32f1xx_hal_tim.o
                0x0000000008005678                HAL_TIM_OC_Init
 .text.HAL_TIM_OC_MspInit
                0x0000000008005716       0x12 ./Drivers/STM32F1xx_HAL_Driver/Src/stm32f1xx_hal_tim.o
                0x0000000008005716                HAL_TIM_OC_MspInit
 .text.HAL_TIM_PWM_Init
                0x0000000008005728       0x9e ./Drivers/STM32F1xx_HAL_Driver/Src/stm32f1xx_hal_tim.o
                0x0000000008005728                HAL_TIM_PWM_Init
 .text.HAL_TIM_PWM_MspInit
                0x00000000080057c6       0x12 ./Drivers/STM32F1xx_HAL_Driver/Src/stm32f1xx_hal_tim.o
                0x00000000080057c6                HAL_TIM_PWM_MspInit
 .text.HAL_TIM_IRQHandler
                0x00000000080057d8      0x1e0 ./Drivers/STM32F1xx_HAL_Driver/Src/stm32f1xx_hal_tim.o
                0x00000000080057d8                HAL_TIM_IRQHandler
 .text.HAL_TIM_OC_ConfigChannel
                0x00000000080059b8       0xb8 ./Drivers/STM32F1xx_HAL_Driver/Src/stm32f1xx_hal_tim.o
                0x00000000080059b8                HAL_TIM_OC_ConfigChannel
 .text.HAL_TIM_PWM_ConfigChannel
                0x0000000008005a70      0x184 ./Drivers/STM32F1xx_HAL_Driver/Src/stm32f1xx_hal_tim.o
                0x0000000008005a70                HAL_TIM_PWM_ConfigChannel
 .text.HAL_TIM_ConfigClockSource
                0x0000000008005bf4      0x18e ./Drivers/STM32F1xx_HAL_Driver/Src/stm32f1xx_hal_tim.o
                0x0000000008005bf4                HAL_TIM_ConfigClockSource
 .text.HAL_TIM_OC_DelayElapsedCallback
                0x0000000008005d82       0x12 ./Drivers/STM32F1xx_HAL_Driver/Src/stm32f1xx_hal_tim.o
                0x0000000008005d82                HAL_TIM_OC_DelayElapsedCallback
 .text.HAL_TIM_IC_CaptureCallback
                0x0000000008005d94       0x12 ./Drivers/STM32F1xx_HAL_Driver/Src/stm32f1xx_hal_tim.o
                0x0000000008005d94                HAL_TIM_IC_CaptureCallback
 .text.HAL_TIM_PWM_PulseFinishedCallback
                0x0000000008005da6       0x12 ./Drivers/STM32F1xx_HAL_Driver/Src/stm32f1xx_hal_tim.o
                0x0000000008005da6                HAL_TIM_PWM_PulseFinishedCallback
 .text.HAL_TIM_TriggerCallback
                0x0000000008005db8       0x12 ./Drivers/STM32F1xx_HAL_Driver/Src/stm32f1xx_hal_tim.o
                0x0000000008005db8                HAL_TIM_TriggerCallback
 *fill*         0x0000000008005dca        0x2 
 .text.TIM_Base_SetConfig
                0x0000000008005dcc      0x10c ./Drivers/STM32F1xx_HAL_Driver/Src/stm32f1xx_hal_tim.o
                0x0000000008005dcc                TIM_Base_SetConfig
 .text.TIM_OC1_SetConfig
                0x0000000008005ed8       0xe0 ./Drivers/STM32F1xx_HAL_Driver/Src/stm32f1xx_hal_tim.o
 .text.TIM_OC2_SetConfig
                0x0000000008005fb8       0xe8 ./Drivers/STM32F1xx_HAL_Driver/Src/stm32f1xx_hal_tim.o
                0x0000000008005fb8                TIM_OC2_SetConfig
 .text.TIM_OC3_SetConfig
                0x00000000080060a0       0xe8 ./Drivers/STM32F1xx_HAL_Driver/Src/stm32f1xx_hal_tim.o
 .text.TIM_OC4_SetConfig
                0x0000000008006188       0xa8 ./Drivers/STM32F1xx_HAL_Driver/Src/stm32f1xx_hal_tim.o
 .text.TIM_TI1_ConfigInputStage
                0x0000000008006230       0x5c ./Drivers/STM32F1xx_HAL_Driver/Src/stm32f1xx_hal_tim.o
 .text.TIM_TI2_ConfigInputStage
                0x000000000800628c       0x5e ./Drivers/STM32F1xx_HAL_Driver/Src/stm32f1xx_hal_tim.o
 .text.TIM_ITRx_SetConfig
                0x00000000080062ea       0x34 ./Drivers/STM32F1xx_HAL_Driver/Src/stm32f1xx_hal_tim.o
 .text.TIM_ETR_SetConfig
                0x000000000800631e       0x3e ./Drivers/STM32F1xx_HAL_Driver/Src/stm32f1xx_hal_tim.o
                0x000000000800631e                TIM_ETR_SetConfig
 .text.HAL_TIMEx_MasterConfigSynchronization
                0x000000000800635c       0xd8 ./Drivers/STM32F1xx_HAL_Driver/Src/stm32f1xx_hal_tim_ex.o
                0x000000000800635c                HAL_TIMEx_MasterConfigSynchronization
 .text.HAL_TIMEx_ConfigBreakDeadTime
                0x0000000008006434       0xa2 ./Drivers/STM32F1xx_HAL_Driver/Src/stm32f1xx_hal_tim_ex.o
                0x0000000008006434                HAL_TIMEx_ConfigBreakDeadTime
 .text.HAL_TIMEx_CommutCallback
                0x00000000080064d6       0x12 ./Drivers/STM32F1xx_HAL_Driver/Src/stm32f1xx_hal_tim_ex.o
                0x00000000080064d6                HAL_TIMEx_CommutCallback
 .text.HAL_TIMEx_BreakCallback
                0x00000000080064e8       0x12 ./Drivers/STM32F1xx_HAL_Driver/Src/stm32f1xx_hal_tim_ex.o
                0x00000000080064e8                HAL_TIMEx_BreakCallback
 .text.HAL_UART_Init
                0x00000000080064fa       0xa0 ./Drivers/STM32F1xx_HAL_Driver/Src/stm32f1xx_hal_uart.o
                0x00000000080064fa                HAL_UART_Init
 .text.HAL_UART_Transmit
                0x000000000800659a      0x116 ./Drivers/STM32F1xx_HAL_Driver/Src/stm32f1xx_hal_uart.o
                0x000000000800659a                HAL_UART_Transmit
 .text.UART_WaitOnFlagUntilTimeout
                0x00000000080066b0       0xb2 ./Drivers/STM32F1xx_HAL_Driver/Src/stm32f1xx_hal_uart.o
 .text.UART_EndRxTransfer
                0x0000000008006762       0xc4 ./Drivers/STM32F1xx_HAL_Driver/Src/stm32f1xx_hal_uart.o
 *fill*         0x0000000008006826        0x2 
 .text.UART_SetConfig
                0x0000000008006828      0x11c ./Drivers/STM32F1xx_HAL_Driver/Src/stm32f1xx_hal_uart.o
 .text.FSMC_NORSRAM_Init
                0x0000000008006944       0xd4 ./Drivers/STM32F1xx_HAL_Driver/Src/stm32f1xx_ll_fsmc.o
                0x0000000008006944                FSMC_NORSRAM_Init
 .text.FSMC_NORSRAM_Timing_Init
                0x0000000008006a18       0x5a ./Drivers/STM32F1xx_HAL_Driver/Src/stm32f1xx_ll_fsmc.o
                0x0000000008006a18                FSMC_NORSRAM_Timing_Init
 *fill*         0x0000000008006a72        0x2 
 .text.FSMC_NORSRAM_Extended_Timing_Init
                0x0000000008006a74       0x70 ./Drivers/STM32F1xx_HAL_Driver/Src/stm32f1xx_ll_fsmc.o
                0x0000000008006a74                FSMC_NORSRAM_Extended_Timing_Init
 .text.SDIO_Init
                0x0000000008006ae4       0x54 ./Drivers/STM32F1xx_HAL_Driver/Src/stm32f1xx_ll_sdmmc.o
                0x0000000008006ae4                SDIO_Init
 .text.SDIO_ReadFIFO
                0x0000000008006b38       0x18 ./Drivers/STM32F1xx_HAL_Driver/Src/stm32f1xx_ll_sdmmc.o
                0x0000000008006b38                SDIO_ReadFIFO
 .text.SDIO_WriteFIFO
                0x0000000008006b50       0x20 ./Drivers/STM32F1xx_HAL_Driver/Src/stm32f1xx_ll_sdmmc.o
                0x0000000008006b50                SDIO_WriteFIFO
 .text.SDIO_PowerState_ON
                0x0000000008006b70       0x1a ./Drivers/STM32F1xx_HAL_Driver/Src/stm32f1xx_ll_sdmmc.o
                0x0000000008006b70                SDIO_PowerState_ON
 .text.SDIO_GetPowerState
                0x0000000008006b8a       0x1a ./Drivers/STM32F1xx_HAL_Driver/Src/stm32f1xx_ll_sdmmc.o
                0x0000000008006b8a                SDIO_GetPowerState
 .text.SDIO_SendCommand
                0x0000000008006ba4       0x52 ./Drivers/STM32F1xx_HAL_Driver/Src/stm32f1xx_ll_sdmmc.o
                0x0000000008006ba4                SDIO_SendCommand
 .text.SDIO_GetCommandResponse
                0x0000000008006bf6       0x18 ./Drivers/STM32F1xx_HAL_Driver/Src/stm32f1xx_ll_sdmmc.o
                0x0000000008006bf6                SDIO_GetCommandResponse
 .text.SDIO_GetResponse
                0x0000000008006c0e       0x24 ./Drivers/STM32F1xx_HAL_Driver/Src/stm32f1xx_ll_sdmmc.o
                0x0000000008006c0e                SDIO_GetResponse
 .text.SDIO_ConfigData
                0x0000000008006c32       0x56 ./Drivers/STM32F1xx_HAL_Driver/Src/stm32f1xx_ll_sdmmc.o
                0x0000000008006c32                SDIO_ConfigData
 .text.SDMMC_CmdBlockLength
                0x0000000008006c88       0x44 ./Drivers/STM32F1xx_HAL_Driver/Src/stm32f1xx_ll_sdmmc.o
                0x0000000008006c88                SDMMC_CmdBlockLength
 .text.SDMMC_CmdReadSingleBlock
                0x0000000008006ccc       0x44 ./Drivers/STM32F1xx_HAL_Driver/Src/stm32f1xx_ll_sdmmc.o
                0x0000000008006ccc                SDMMC_CmdReadSingleBlock
 .text.SDMMC_CmdReadMultiBlock
                0x0000000008006d10       0x44 ./Drivers/STM32F1xx_HAL_Driver/Src/stm32f1xx_ll_sdmmc.o
                0x0000000008006d10                SDMMC_CmdReadMultiBlock
 .text.SDMMC_CmdWriteSingleBlock
                0x0000000008006d54       0x44 ./Drivers/STM32F1xx_HAL_Driver/Src/stm32f1xx_ll_sdmmc.o
                0x0000000008006d54                SDMMC_CmdWriteSingleBlock
 .text.SDMMC_CmdWriteMultiBlock
                0x0000000008006d98       0x44 ./Drivers/STM32F1xx_HAL_Driver/Src/stm32f1xx_ll_sdmmc.o
                0x0000000008006d98                SDMMC_CmdWriteMultiBlock
 .text.SDMMC_CmdStopTransfer
                0x0000000008006ddc       0x44 ./Drivers/STM32F1xx_HAL_Driver/Src/stm32f1xx_ll_sdmmc.o
                0x0000000008006ddc                SDMMC_CmdStopTransfer
 .text.SDMMC_CmdSelDesel
                0x0000000008006e20       0x46 ./Drivers/STM32F1xx_HAL_Driver/Src/stm32f1xx_ll_sdmmc.o
                0x0000000008006e20                SDMMC_CmdSelDesel
 .text.SDMMC_CmdGoIdleState
                0x0000000008006e66       0x3c ./Drivers/STM32F1xx_HAL_Driver/Src/stm32f1xx_ll_sdmmc.o
                0x0000000008006e66                SDMMC_CmdGoIdleState
 .text.SDMMC_CmdOperCond
                0x0000000008006ea2       0x3e ./Drivers/STM32F1xx_HAL_Driver/Src/stm32f1xx_ll_sdmmc.o
                0x0000000008006ea2                SDMMC_CmdOperCond
 .text.SDMMC_CmdAppCommand
                0x0000000008006ee0       0x44 ./Drivers/STM32F1xx_HAL_Driver/Src/stm32f1xx_ll_sdmmc.o
                0x0000000008006ee0                SDMMC_CmdAppCommand
 .text.SDMMC_CmdAppOperCommand
                0x0000000008006f24       0x46 ./Drivers/STM32F1xx_HAL_Driver/Src/stm32f1xx_ll_sdmmc.o
                0x0000000008006f24                SDMMC_CmdAppOperCommand
 .text.SDMMC_CmdSendCID
                0x0000000008006f6a       0x3c ./Drivers/STM32F1xx_HAL_Driver/Src/stm32f1xx_ll_sdmmc.o
                0x0000000008006f6a                SDMMC_CmdSendCID
 .text.SDMMC_CmdSendCSD
                0x0000000008006fa6       0x3e ./Drivers/STM32F1xx_HAL_Driver/Src/stm32f1xx_ll_sdmmc.o
                0x0000000008006fa6                SDMMC_CmdSendCSD
 .text.SDMMC_CmdSetRelAdd
                0x0000000008006fe4       0x42 ./Drivers/STM32F1xx_HAL_Driver/Src/stm32f1xx_ll_sdmmc.o
                0x0000000008006fe4                SDMMC_CmdSetRelAdd
 .text.SDMMC_CmdSendStatus
                0x0000000008007026       0x44 ./Drivers/STM32F1xx_HAL_Driver/Src/stm32f1xx_ll_sdmmc.o
                0x0000000008007026                SDMMC_CmdSendStatus
 *fill*         0x000000000800706a        0x2 
 .text.SDMMC_GetCmdResp1
                0x000000000800706c      0x1dc ./Drivers/STM32F1xx_HAL_Driver/Src/stm32f1xx_ll_sdmmc.o
                0x000000000800706c                SDMMC_GetCmdResp1
 .text.SDMMC_GetCmdResp2
                0x0000000008007248       0x90 ./Drivers/STM32F1xx_HAL_Driver/Src/stm32f1xx_ll_sdmmc.o
                0x0000000008007248                SDMMC_GetCmdResp2
 .text.SDMMC_GetCmdResp3
                0x00000000080072d8       0x78 ./Drivers/STM32F1xx_HAL_Driver/Src/stm32f1xx_ll_sdmmc.o
                0x00000000080072d8                SDMMC_GetCmdResp3
 .text.SDMMC_GetCmdResp6
                0x0000000008007350       0xec ./Drivers/STM32F1xx_HAL_Driver/Src/stm32f1xx_ll_sdmmc.o
                0x0000000008007350                SDMMC_GetCmdResp6
 .text.SDMMC_GetCmdResp7
                0x000000000800743c       0x9c ./Drivers/STM32F1xx_HAL_Driver/Src/stm32f1xx_ll_sdmmc.o
                0x000000000800743c                SDMMC_GetCmdResp7
 .text.SDMMC_GetCmdError
                0x00000000080074d8       0x54 ./Drivers/STM32F1xx_HAL_Driver/Src/stm32f1xx_ll_sdmmc.o
 .text.MX_FATFS_Init
                0x000000000800752c       0x24 ./FATFS/App/fatfs.o
                0x000000000800752c                MX_FATFS_Init
 .text.get_fattime
                0x0000000008007550        0xe ./FATFS/App/fatfs.o
                0x0000000008007550                get_fattime
 *fill*         0x000000000800755e        0x2 
 .text.BSP_SD_Init
                0x0000000008007560       0x30 ./FATFS/Target/bsp_driver_sd.o
                0x0000000008007560                BSP_SD_Init
 .text.BSP_SD_ReadBlocks
                0x0000000008007590       0x3c ./FATFS/Target/bsp_driver_sd.o
                0x0000000008007590                BSP_SD_ReadBlocks
 .text.BSP_SD_WriteBlocks
                0x00000000080075cc       0x3c ./FATFS/Target/bsp_driver_sd.o
                0x00000000080075cc                BSP_SD_WriteBlocks
 .text.BSP_SD_GetCardState
                0x0000000008007608       0x20 ./FATFS/Target/bsp_driver_sd.o
                0x0000000008007608                BSP_SD_GetCardState
 .text.BSP_SD_GetCardInfo
                0x0000000008007628       0x1c ./FATFS/Target/bsp_driver_sd.o
                0x0000000008007628                BSP_SD_GetCardInfo
 .text.BSP_SD_IsDetected
                0x0000000008007644       0x18 ./FATFS/Target/bsp_driver_sd.o
                0x0000000008007644                BSP_SD_IsDetected
 .text.disk_status
                0x000000000800765c       0x34 ./Middlewares/Third_Party/FatFs/src/diskio.o
                0x000000000800765c                disk_status
 .text.disk_initialize
                0x0000000008007690       0x4c ./Middlewares/Third_Party/FatFs/src/diskio.o
                0x0000000008007690                disk_initialize
 .text.disk_read
                0x00000000080076dc       0x40 ./Middlewares/Third_Party/FatFs/src/diskio.o
                0x00000000080076dc                disk_read
 .text.disk_write
                0x000000000800771c       0x40 ./Middlewares/Third_Party/FatFs/src/diskio.o
                0x000000000800771c                disk_write
 .text.disk_ioctl
                0x000000000800775c       0x3c ./Middlewares/Third_Party/FatFs/src/diskio.o
                0x000000000800775c                disk_ioctl
 .text.mem_cpy  0x0000000008007798       0x3c ./Middlewares/Third_Party/FatFs/src/ff.o
 .text.mem_set  0x00000000080077d4       0x34 ./Middlewares/Third_Party/FatFs/src/ff.o
 .text.mem_cmp  0x0000000008007808       0x4c ./Middlewares/Third_Party/FatFs/src/ff.o
 .text.chk_chr  0x0000000008007854       0x34 ./Middlewares/Third_Party/FatFs/src/ff.o
 .text.chk_lock
                0x0000000008007888       0xd8 ./Middlewares/Third_Party/FatFs/src/ff.o
 .text.enq_lock
                0x0000000008007960       0x48 ./Middlewares/Third_Party/FatFs/src/ff.o
 .text.inc_lock
                0x00000000080079a8      0x16c ./Middlewares/Third_Party/FatFs/src/ff.o
 .text.dec_lock
                0x0000000008007b14       0x88 ./Middlewares/Third_Party/FatFs/src/ff.o
 .text.clear_lock
                0x0000000008007b9c       0x54 ./Middlewares/Third_Party/FatFs/src/ff.o
 .text.sync_window
                0x0000000008007bf0       0x92 ./Middlewares/Third_Party/FatFs/src/ff.o
 .text.move_window
                0x0000000008007c82       0x5c ./Middlewares/Third_Party/FatFs/src/ff.o
 .text.sync_fs  0x0000000008007cde      0x15a ./Middlewares/Third_Party/FatFs/src/ff.o
 .text.clust2sect
                0x0000000008007e38       0x42 ./Middlewares/Third_Party/FatFs/src/ff.o
                0x0000000008007e38                clust2sect
 .text.get_fat  0x0000000008007e7a      0x174 ./Middlewares/Third_Party/FatFs/src/ff.o
                0x0000000008007e7a                get_fat
 .text.put_fat  0x0000000008007fee      0x21c ./Middlewares/Third_Party/FatFs/src/ff.o
                0x0000000008007fee                put_fat
 .text.remove_chain
                0x000000000800820a       0xb4 ./Middlewares/Third_Party/FatFs/src/ff.o
 .text.create_chain
                0x00000000080082be      0x13a ./Middlewares/Third_Party/FatFs/src/ff.o
 .text.clmt_clust
                0x00000000080083f8       0x68 ./Middlewares/Third_Party/FatFs/src/ff.o
 .text.dir_sdi  0x0000000008008460      0x128 ./Middlewares/Third_Party/FatFs/src/ff.o
 .text.dir_next
                0x0000000008008588      0x1ee ./Middlewares/Third_Party/FatFs/src/ff.o
 .text.dir_alloc
                0x0000000008008776       0x94 ./Middlewares/Third_Party/FatFs/src/ff.o
 .text.ld_clust
                0x000000000800880a       0x5a ./Middlewares/Third_Party/FatFs/src/ff.o
 .text.st_clust
                0x0000000008008864       0x4c ./Middlewares/Third_Party/FatFs/src/ff.o
 .text.dir_find
                0x00000000080088b0       0x9e ./Middlewares/Third_Party/FatFs/src/ff.o
 .text.dir_read
                0x000000000800894e       0xbe ./Middlewares/Third_Party/FatFs/src/ff.o
 .text.dir_register
                0x0000000008008a0c       0x72 ./Middlewares/Third_Party/FatFs/src/ff.o
 .text.get_fileinfo
                0x0000000008008a7e       0xe0 ./Middlewares/Third_Party/FatFs/src/ff.o
 *fill*         0x0000000008008b5e        0x2 
 .text.create_name
                0x0000000008008b60      0x180 ./Middlewares/Third_Party/FatFs/src/ff.o
 .text.follow_path
                0x0000000008008ce0       0xdc ./Middlewares/Third_Party/FatFs/src/ff.o
 .text.get_ldnumber
                0x0000000008008dbc       0x86 ./Middlewares/Third_Party/FatFs/src/ff.o
 *fill*         0x0000000008008e42        0x2 
 .text.check_fs
                0x0000000008008e44       0xd4 ./Middlewares/Third_Party/FatFs/src/ff.o
 .text.find_volume
                0x0000000008008f18      0x590 ./Middlewares/Third_Party/FatFs/src/ff.o
 .text.validate
                0x00000000080094a8       0x66 ./Middlewares/Third_Party/FatFs/src/ff.o
 *fill*         0x000000000800950e        0x2 
 .text.f_mount  0x0000000008009510       0x90 ./Middlewares/Third_Party/FatFs/src/ff.o
                0x0000000008009510                f_mount
 .text.f_open   0x00000000080095a0      0x4f2 ./Middlewares/Third_Party/FatFs/src/ff.o
                0x00000000080095a0                f_open
 .text.f_read   0x0000000008009a92      0x2d6 ./Middlewares/Third_Party/FatFs/src/ff.o
                0x0000000008009a92                f_read
 .text.f_sync   0x0000000008009d68      0x174 ./Middlewares/Third_Party/FatFs/src/ff.o
                0x0000000008009d68                f_sync
 .text.f_close  0x0000000008009edc       0x50 ./Middlewares/Third_Party/FatFs/src/ff.o
                0x0000000008009edc                f_close
 .text.f_lseek  0x0000000008009f2c      0x4bc ./Middlewares/Third_Party/FatFs/src/ff.o
                0x0000000008009f2c                f_lseek
 .text.f_opendir
                0x000000000800a3e8      0x104 ./Middlewares/Third_Party/FatFs/src/ff.o
                0x000000000800a3e8                f_opendir
 .text.f_readdir
                0x000000000800a4ec       0x8c ./Middlewares/Third_Party/FatFs/src/ff.o
                0x000000000800a4ec                f_readdir
 .text.FATFS_LinkDriverEx
                0x000000000800a578       0x94 ./Middlewares/Third_Party/FatFs/src/ff_gen_drv.o
                0x000000000800a578                FATFS_LinkDriverEx
 .text.FATFS_LinkDriver
                0x000000000800a60c       0x1e ./Middlewares/Third_Party/FatFs/src/ff_gen_drv.o
                0x000000000800a60c                FATFS_LinkDriver
 *fill*         0x000000000800a62a        0x2 
 .text.SD_initialize
                0x000000000800a62c       0x3c ./Middlewares/Third_Party/FatFs/src/drivers/sd_diskio.o
                0x000000000800a62c                SD_initialize
 .text.SD_status
                0x000000000800a668       0x3c ./Middlewares/Third_Party/FatFs/src/drivers/sd_diskio.o
                0x000000000800a668                SD_status
 .text.SD_read  0x000000000800a6a4       0x5c ./Middlewares/Third_Party/FatFs/src/drivers/sd_diskio.o
                0x000000000800a6a4                SD_read
 .text.SD_write
                0x000000000800a700       0x5c ./Middlewares/Third_Party/FatFs/src/drivers/sd_diskio.o
                0x000000000800a700                SD_write
 .text.SD_ioctl
                0x000000000800a75c       0xac ./Middlewares/Third_Party/FatFs/src/drivers/sd_diskio.o
                0x000000000800a75c                SD_ioctl
 .text.__errno  0x000000000800a808        0xc c:/st/stm32cubeide_1.9.0/stm32cubeide/plugins/com.st.stm32cube.ide.mcu.externaltools.gnu-tools-for-stm32.10.3-2021.10.win32_1.0.0.202111181127/tools/bin/../lib/gcc/arm-none-eabi/10.3.1/../../../../arm-none-eabi/lib/thumb/v7-m/nofp\libc_nano.a(lib_a-errno.o)
                0x000000000800a808                __errno
 .text.__libc_init_array
                0x000000000800a814       0x48 c:/st/stm32cubeide_1.9.0/stm32cubeide/plugins/com.st.stm32cube.ide.mcu.externaltools.gnu-tools-for-stm32.10.3-2021.10.win32_1.0.0.202111181127/tools/bin/../lib/gcc/arm-none-eabi/10.3.1/../../../../arm-none-eabi/lib/thumb/v7-m/nofp\libc_nano.a(lib_a-init.o)
                0x000000000800a814                __libc_init_array
 .text.memset   0x000000000800a85c       0x10 c:/st/stm32cubeide_1.9.0/stm32cubeide/plugins/com.st.stm32cube.ide.mcu.externaltools.gnu-tools-for-stm32.10.3-2021.10.win32_1.0.0.202111181127/tools/bin/../lib/gcc/arm-none-eabi/10.3.1/../../../../arm-none-eabi/lib/thumb/v7-m/nofp\libc_nano.a(lib_a-memset.o)
                0x000000000800a85c                memset
 .text.snprintf
                0x000000000800a86c       0x68 c:/st/stm32cubeide_1.9.0/stm32cubeide/plugins/com.st.stm32cube.ide.mcu.externaltools.gnu-tools-for-stm32.10.3-2021.10.win32_1.0.0.202111181127/tools/bin/../lib/gcc/arm-none-eabi/10.3.1/../../../../arm-none-eabi/lib/thumb/v7-m/nofp\libc_nano.a(lib_a-snprintf.o)
                0x000000000800a86c                sniprintf
                0x000000000800a86c                snprintf
 .text.strncpy  0x000000000800a8d4       0x26 c:/st/stm32cubeide_1.9.0/stm32cubeide/plugins/com.st.stm32cube.ide.mcu.externaltools.gnu-tools-for-stm32.10.3-2021.10.win32_1.0.0.202111181127/tools/bin/../lib/gcc/arm-none-eabi/10.3.1/../../../../arm-none-eabi/lib/thumb/v7-m/nofp\libc_nano.a(lib_a-strncpy.o)
                0x000000000800a8d4                strncpy
 .text.strrchr  0x000000000800a8fa       0x28 c:/st/stm32cubeide_1.9.0/stm32cubeide/plugins/com.st.stm32cube.ide.mcu.externaltools.gnu-tools-for-stm32.10.3-2021.10.win32_1.0.0.202111181127/tools/bin/../lib/gcc/arm-none-eabi/10.3.1/../../../../arm-none-eabi/lib/thumb/v7-m/nofp\libc_nano.a(lib_a-strrchr.o)
                0x000000000800a8fa                strrchr
 .text.__ssputs_r
                0x000000000800a922       0xb6 c:/st/stm32cubeide_1.9.0/stm32cubeide/plugins/com.st.stm32cube.ide.mcu.externaltools.gnu-tools-for-stm32.10.3-2021.10.win32_1.0.0.202111181127/tools/bin/../lib/gcc/arm-none-eabi/10.3.1/../../../../arm-none-eabi/lib/thumb/v7-m/nofp\libc_nano.a(lib_a-nano-svfprintf.o)
                0x000000000800a922                __ssputs_r
 .text._svfprintf_r
                0x000000000800a9d8      0x200 c:/st/stm32cubeide_1.9.0/stm32cubeide/plugins/com.st.stm32cube.ide.mcu.externaltools.gnu-tools-for-stm32.10.3-2021.10.win32_1.0.0.202111181127/tools/bin/../lib/gcc/arm-none-eabi/10.3.1/../../../../arm-none-eabi/lib/thumb/v7-m/nofp\libc_nano.a(lib_a-nano-svfprintf.o)
                0x000000000800a9d8                _svfiprintf_r
                0x000000000800a9d8                _svfprintf_r
 .text._printf_common
                0x000000000800abd8       0xde c:/st/stm32cubeide_1.9.0/stm32cubeide/plugins/com.st.stm32cube.ide.mcu.externaltools.gnu-tools-for-stm32.10.3-2021.10.win32_1.0.0.202111181127/tools/bin/../lib/gcc/arm-none-eabi/10.3.1/../../../../arm-none-eabi/lib/thumb/v7-m/nofp\libc_nano.a(lib_a-nano-vfprintf_i.o)
                0x000000000800abd8                _printf_common
 *fill*         0x000000000800acb6        0x2 
 .text._printf_i
                0x000000000800acb8      0x24c c:/st/stm32cubeide_1.9.0/stm32cubeide/plugins/com.st.stm32cube.ide.mcu.externaltools.gnu-tools-for-stm32.10.3-2021.10.win32_1.0.0.202111181127/tools/bin/../lib/gcc/arm-none-eabi/10.3.1/../../../../arm-none-eabi/lib/thumb/v7-m/nofp\libc_nano.a(lib_a-nano-vfprintf_i.o)
                0x000000000800acb8                _printf_i
 .text.strchr   0x000000000800af04       0x1a c:/st/stm32cubeide_1.9.0/stm32cubeide/plugins/com.st.stm32cube.ide.mcu.externaltools.gnu-tools-for-stm32.10.3-2021.10.win32_1.0.0.202111181127/tools/bin/../lib/gcc/arm-none-eabi/10.3.1/../../../../arm-none-eabi/lib/thumb/v7-m/nofp\libc_nano.a(lib_a-strchr.o)
                0x000000000800af04                strchr
 .text.memchr   0x000000000800af1e       0x1c c:/st/stm32cubeide_1.9.0/stm32cubeide/plugins/com.st.stm32cube.ide.mcu.externaltools.gnu-tools-for-stm32.10.3-2021.10.win32_1.0.0.202111181127/tools/bin/../lib/gcc/arm-none-eabi/10.3.1/../../../../arm-none-eabi/lib/thumb/v7-m/nofp\libc_nano.a(lib_a-memchr-stub.o)
                0x000000000800af1e                memchr
 .text.memcpy   0x000000000800af3a       0x1c c:/st/stm32cubeide_1.9.0/stm32cubeide/plugins/com.st.stm32cube.ide.mcu.externaltools.gnu-tools-for-stm32.10.3-2021.10.win32_1.0.0.202111181127/tools/bin/../lib/gcc/arm-none-eabi/10.3.1/../../../../arm-none-eabi/lib/thumb/v7-m/nofp\libc_nano.a(lib_a-memcpy-stub.o)
                0x000000000800af3a                memcpy
 .text.memmove  0x000000000800af56       0x34 c:/st/stm32cubeide_1.9.0/stm32cubeide/plugins/com.st.stm32cube.ide.mcu.externaltools.gnu-tools-for-stm32.10.3-2021.10.win32_1.0.0.202111181127/tools/bin/../lib/gcc/arm-none-eabi/10.3.1/../../../../arm-none-eabi/lib/thumb/v7-m/nofp\libc_nano.a(lib_a-memmove.o)
                0x000000000800af56                memmove
 *fill*         0x000000000800af8a        0x2 
 .text._free_r  0x000000000800af8c       0x90 c:/st/stm32cubeide_1.9.0/stm32cubeide/plugins/com.st.stm32cube.ide.mcu.externaltools.gnu-tools-for-stm32.10.3-2021.10.win32_1.0.0.202111181127/tools/bin/../lib/gcc/arm-none-eabi/10.3.1/../../../../arm-none-eabi/lib/thumb/v7-m/nofp\libc_nano.a(lib_a-nano-freer.o)
                0x000000000800af8c                _free_r
 .text.sbrk_aligned
                0x000000000800b01c       0x40 c:/st/stm32cubeide_1.9.0/stm32cubeide/plugins/com.st.stm32cube.ide.mcu.externaltools.gnu-tools-for-stm32.10.3-2021.10.win32_1.0.0.202111181127/tools/bin/../lib/gcc/arm-none-eabi/10.3.1/../../../../arm-none-eabi/lib/thumb/v7-m/nofp\libc_nano.a(lib_a-nano-mallocr.o)
 .text._malloc_r
                0x000000000800b05c       0xe8 c:/st/stm32cubeide_1.9.0/stm32cubeide/plugins/com.st.stm32cube.ide.mcu.externaltools.gnu-tools-for-stm32.10.3-2021.10.win32_1.0.0.202111181127/tools/bin/../lib/gcc/arm-none-eabi/10.3.1/../../../../arm-none-eabi/lib/thumb/v7-m/nofp\libc_nano.a(lib_a-nano-mallocr.o)
                0x000000000800b05c                _malloc_r
 .text._realloc_r
                0x000000000800b144       0x5e c:/st/stm32cubeide_1.9.0/stm32cubeide/plugins/com.st.stm32cube.ide.mcu.externaltools.gnu-tools-for-stm32.10.3-2021.10.win32_1.0.0.202111181127/tools/bin/../lib/gcc/arm-none-eabi/10.3.1/../../../../arm-none-eabi/lib/thumb/v7-m/nofp\libc_nano.a(lib_a-nano-reallocr.o)
                0x000000000800b144                _realloc_r
 *fill*         0x000000000800b1a2        0x2 
 .text._sbrk_r  0x000000000800b1a4       0x20 c:/st/stm32cubeide_1.9.0/stm32cubeide/plugins/com.st.stm32cube.ide.mcu.externaltools.gnu-tools-for-stm32.10.3-2021.10.win32_1.0.0.202111181127/tools/bin/../lib/gcc/arm-none-eabi/10.3.1/../../../../arm-none-eabi/lib/thumb/v7-m/nofp\libc_nano.a(lib_a-sbrkr.o)
                0x000000000800b1a4                _sbrk_r
 .text.__malloc_lock
                0x000000000800b1c4        0xc c:/st/stm32cubeide_1.9.0/stm32cubeide/plugins/com.st.stm32cube.ide.mcu.externaltools.gnu-tools-for-stm32.10.3-2021.10.win32_1.0.0.202111181127/tools/bin/../lib/gcc/arm-none-eabi/10.3.1/../../../../arm-none-eabi/lib/thumb/v7-m/nofp\libc_nano.a(lib_a-mlock.o)
                0x000000000800b1c4                __malloc_lock
 .text.__malloc_unlock
                0x000000000800b1d0        0xc c:/st/stm32cubeide_1.9.0/stm32cubeide/plugins/com.st.stm32cube.ide.mcu.externaltools.gnu-tools-for-stm32.10.3-2021.10.win32_1.0.0.202111181127/tools/bin/../lib/gcc/arm-none-eabi/10.3.1/../../../../arm-none-eabi/lib/thumb/v7-m/nofp\libc_nano.a(lib_a-mlock.o)
                0x000000000800b1d0                __malloc_unlock
 .text._malloc_usable_size_r
                0x000000000800b1dc       0x10 c:/st/stm32cubeide_1.9.0/stm32cubeide/plugins/com.st.stm32cube.ide.mcu.externaltools.gnu-tools-for-stm32.10.3-2021.10.win32_1.0.0.202111181127/tools/bin/../lib/gcc/arm-none-eabi/10.3.1/../../../../arm-none-eabi/lib/thumb/v7-m/nofp\libc_nano.a(lib_a-nano-msizer.o)
                0x000000000800b1dc                _malloc_usable_size_r
 .text.__retarget_lock_acquire_recursive
                0x000000000800b1ec        0x2 c:/st/stm32cubeide_1.9.0/stm32cubeide/plugins/com.st.stm32cube.ide.mcu.externaltools.gnu-tools-for-stm32.10.3-2021.10.win32_1.0.0.202111181127/tools/bin/../lib/gcc/arm-none-eabi/10.3.1/../../../../arm-none-eabi/lib/thumb/v7-m/nofp\libc_nano.a(lib_a-lock.o)
                0x000000000800b1ec                __retarget_lock_acquire_recursive
 .text.__retarget_lock_release_recursive
                0x000000000800b1ee        0x2 c:/st/stm32cubeide_1.9.0/stm32cubeide/plugins/com.st.stm32cube.ide.mcu.externaltools.gnu-tools-for-stm32.10.3-2021.10.win32_1.0.0.202111181127/tools/bin/../lib/gcc/arm-none-eabi/10.3.1/../../../../arm-none-eabi/lib/thumb/v7-m/nofp\libc_nano.a(lib_a-lock.o)
                0x000000000800b1ee                __retarget_lock_release_recursive
 *(.glue_7)
 .glue_7        0x000000000800b1f0        0x0 linker stubs
 *(.glue_7t)
 .glue_7t       0x000000000800b1f0        0x0 linker stubs
 *(.eh_frame)
 .eh_frame      0x000000000800b1f0        0x0 c:/st/stm32cubeide_1.9.0/stm32cubeide/plugins/com.st.stm32cube.ide.mcu.externaltools.gnu-tools-for-stm32.10.3-2021.10.win32_1.0.0.202111181127/tools/bin/../lib/gcc/arm-none-eabi/10.3.1/thumb/v7-m/nofp/crtbegin.o
 *(.init)
 .init          0x000000000800b1f0        0x4 c:/st/stm32cubeide_1.9.0/stm32cubeide/plugins/com.st.stm32cube.ide.mcu.externaltools.gnu-tools-for-stm32.10.3-2021.10.win32_1.0.0.202111181127/tools/bin/../lib/gcc/arm-none-eabi/10.3.1/thumb/v7-m/nofp/crti.o
                0x000000000800b1f0                _init
 .init          0x000000000800b1f4        0x8 c:/st/stm32cubeide_1.9.0/stm32cubeide/plugins/com.st.stm32cube.ide.mcu.externaltools.gnu-tools-for-stm32.10.3-2021.10.win32_1.0.0.202111181127/tools/bin/../lib/gcc/arm-none-eabi/10.3.1/thumb/v7-m/nofp/crtn.o
 *(.fini)
 .fini          0x000000000800b1fc        0x4 c:/st/stm32cubeide_1.9.0/stm32cubeide/plugins/com.st.stm32cube.ide.mcu.externaltools.gnu-tools-for-stm32.10.3-2021.10.win32_1.0.0.202111181127/tools/bin/../lib/gcc/arm-none-eabi/10.3.1/thumb/v7-m/nofp/crti.o
                0x000000000800b1fc                _fini
 .fini          0x000000000800b200        0x8 c:/st/stm32cubeide_1.9.0/stm32cubeide/plugins/com.st.stm32cube.ide.mcu.externaltools.gnu-tools-for-stm32.10.3-2021.10.win32_1.0.0.202111181127/tools/bin/../lib/gcc/arm-none-eabi/10.3.1/thumb/v7-m/nofp/crtn.o
                0x000000000800b208                . = ALIGN (0x4)
                0x000000000800b208                _etext = .

.vfp11_veneer   0x000000000800b208        0x0
 .vfp11_veneer  0x000000000800b208        0x0 linker stubs

.v4_bx          0x000000000800b208        0x0
 .v4_bx         0x000000000800b208        0x0 linker stubs

.iplt           0x000000000800b208        0x0
 .iplt          0x000000000800b208        0x0 c:/st/stm32cubeide_1.9.0/stm32cubeide/plugins/com.st.stm32cube.ide.mcu.externaltools.gnu-tools-for-stm32.10.3-2021.10.win32_1.0.0.202111181127/tools/bin/../lib/gcc/arm-none-eabi/10.3.1/thumb/v7-m/nofp/crtbegin.o

.rodata         0x000000000800b208      0xf1c
                0x000000000800b208                . = ALIGN (0x4)
 *(.rodata)
 .rodata        0x000000000800b208       0x36 ./Core/Src/audio.o
 *fill*         0x000000000800b23e        0x2 
 .rodata        0x000000000800b240       0xde ./Core/Src/main.o
 *fill*         0x000000000800b31e        0x2 
 .rodata        0x000000000800b320       0x20 ./Core/Src/sd_player.o
 .rodata        0x000000000800b340       0x44 ./Middlewares/Third_Party/FatFs/src/ff.o
 *(.rodata*)
 .rodata.srPeriods
                0x000000000800b384       0x1c ./Core/Src/audio.o
 .rodata.colPins
                0x000000000800b3a0       0x10 ./Core/Src/keydef.o
                0x000000000800b3a0                colPins
 .rodata.ucAscii_1608
                0x000000000800b3b0      0x5f0 ./Core/Src/lcd.o
                0x000000000800b3b0                ucAscii_1608
 .rodata.baseNoteFreq
                0x000000000800b9a0       0x60 ./Core/Src/main.o
 .rodata.noteCode
                0x000000000800ba00       0x30 ./Core/Src/main.o
 .rodata.AHBPrescTable
                0x000000000800ba30       0x10 ./Core/Src/system_stm32f1xx.o
                0x000000000800ba30                AHBPrescTable
 .rodata.APBPrescTable
                0x000000000800ba40        0x8 ./Core/Src/system_stm32f1xx.o
                0x000000000800ba40                APBPrescTable
 .rodata.sine_table
                0x000000000800ba48      0x200 ./Core/Src/wavetable.o
                0x000000000800ba48                sine_table
 .rodata.square_table
                0x000000000800bc48      0x200 ./Core/Src/wavetable.o
                0x000000000800bc48                square_table
 .rodata.triangle_table
                0x000000000800be48      0x200 ./Core/Src/wavetable.o
                0x000000000800be48                triangle_table
 .rodata.aPLLMULFactorTable.1
                0x000000000800c048       0x10 ./Drivers/STM32F1xx_HAL_Driver/Src/stm32f1xx_hal_rcc.o
 .rodata.aPredivFactorTable.0
                0x000000000800c058        0x2 ./Drivers/STM32F1xx_HAL_Driver/Src/stm32f1xx_hal_rcc.o
 *fill*         0x000000000800c05a        0x2 
 .rodata.ExCvt  0x000000000800c05c       0x80 ./Middlewares/Third_Party/FatFs/src/ff.o
 .rodata.SD_Driver
                0x000000000800c0dc       0x14 ./Middlewares/Third_Party/FatFs/src/drivers/sd_diskio.o
                0x000000000800c0dc                SD_Driver
 .rodata._svfprintf_r.str1.1
                0x000000000800c0f0       0x11 c:/st/stm32cubeide_1.9.0/stm32cubeide/plugins/com.st.stm32cube.ide.mcu.externaltools.gnu-tools-for-stm32.10.3-2021.10.win32_1.0.0.202111181127/tools/bin/../lib/gcc/arm-none-eabi/10.3.1/../../../../arm-none-eabi/lib/thumb/v7-m/nofp\libc_nano.a(lib_a-nano-svfprintf.o)
 .rodata._printf_i.str1.1
                0x000000000800c101       0x22 c:/st/stm32cubeide_1.9.0/stm32cubeide/plugins/com.st.stm32cube.ide.mcu.externaltools.gnu-tools-for-stm32.10.3-2021.10.win32_1.0.0.202111181127/tools/bin/../lib/gcc/arm-none-eabi/10.3.1/../../../../arm-none-eabi/lib/thumb/v7-m/nofp\libc_nano.a(lib_a-nano-vfprintf_i.o)
                0x000000000800c124                . = ALIGN (0x4)
 *fill*         0x000000000800c123        0x1 

.rel.dyn        0x000000000800c124        0x0
 .rel.iplt      0x000000000800c124        0x0 c:/st/stm32cubeide_1.9.0/stm32cubeide/plugins/com.st.stm32cube.ide.mcu.externaltools.gnu-tools-for-stm32.10.3-2021.10.win32_1.0.0.202111181127/tools/bin/../lib/gcc/arm-none-eabi/10.3.1/thumb/v7-m/nofp/crtbegin.o

.ARM.extab      0x000000000800c124        0x0
                0x000000000800c124                . = ALIGN (0x4)
 *(.ARM.extab* .gnu.linkonce.armextab.*)
                0x000000000800c124                . = ALIGN (0x4)

.ARM            0x000000000800c124        0x0
                0x000000000800c124                . = ALIGN (0x4)
                0x000000000800c124                __exidx_start = .
 *(.ARM.exidx*)
                0x000000000800c124                __exidx_end = .
                0x000000000800c124                . = ALIGN (0x4)

.preinit_array  0x000000000800c124        0x0
                0x000000000800c124                . = ALIGN (0x4)
                0x000000000800c124                PROVIDE (__preinit_array_start = .)
 *(.preinit_array*)
                0x000000000800c124                PROVIDE (__preinit_array_end = .)
                0x000000000800c124                . = ALIGN (0x4)

.init_array     0x000000000800c124        0x4
                0x000000000800c124                . = ALIGN (0x4)
                0x000000000800c124                PROVIDE (__init_array_start = .)
 *(SORT_BY_NAME(.init_array.*))
 *(.init_array*)
 .init_array    0x000000000800c124        0x4 c:/st/stm32cubeide_1.9.0/stm32cubeide/plugins/com.st.stm32cube.ide.mcu.externaltools.gnu-tools-for-stm32.10.3-2021.10.win32_1.0.0.202111181127/tools/bin/../lib/gcc/arm-none-eabi/10.3.1/thumb/v7-m/nofp/crtbegin.o
                0x000000000800c128                PROVIDE (__init_array_end = .)
                0x000000000800c128                . = ALIGN (0x4)

.fini_array     0x000000000800c128        0x4
                0x000000000800c128                . = ALIGN (0x4)
                [!provide]                        PROVIDE (__fini_array_start = .)
 *(SORT_BY_NAME(.fini_array.*))
 *(.fini_array*)
 .fini_array    0x000000000800c128        0x4 c:/st/stm32cubeide_1.9.0/stm32cubeide/plugins/com.st.stm32cube.ide.mcu.externaltools.gnu-tools-for-stm32.10.3-2021.10.win32_1.0.0.202111181127/tools/bin/../lib/gcc/arm-none-eabi/10.3.1/thumb/v7-m/nofp/crtbegin.o
                [!provide]                        PROVIDE (__fini_array_end = .)
                0x000000000800c12c                . = ALIGN (0x4)
                0x000000000800c12c                _sidata = LOADADDR (.data)

.data           0x0000000020000000      0x158 load address 0x000000000800c12c
                0x0000000020000000                . = ALIGN (0x4)
                0x0000000020000000                _sdata = .
 *(.data)
 *(.data*)
 .data.srNames  0x0000000020000000       0x1c ./Core/Src/audio.o
 .data._currentSR
                0x000000002000001c        0x1 ./Core/Src/audio.o
 *fill*         0x000000002000001d        0x3 
 .data.rows     0x0000000020000020       0x20 ./Core/Src/keydef.o
                0x0000000020000020                rows
 .data.keyNoteNames
                0x0000000020000040       0x60 ./Core/Src/main.o
 .data.currentWaveType
                0x00000000200000a0        0x1 ./Core/Src/main.o
 .data.lastPressedRow
                0x00000000200000a1        0x1 ./Core/Src/main.o
 .data.lastPressedCol
                0x00000000200000a2        0x1 ./Core/Src/main.o
 *fill*         0x00000000200000a3        0x1 
 .data.currentRiffName
                0x00000000200000a4        0x4 ./Core/Src/main.o
 .data._filename
                0x00000000200000a8       0x40 ./Core/Src/sd_player.o
 .data.SystemCoreClock
                0x00000000200000e8        0x4 ./Core/Src/system_stm32f1xx.o
                0x00000000200000e8                SystemCoreClock
 .data.uwTickPrio
                0x00000000200000ec        0x4 ./Drivers/STM32F1xx_HAL_Driver/Src/stm32f1xx_hal.o
                0x00000000200000ec                uwTickPrio
 .data.uwTickFreq
                0x00000000200000f0        0x1 ./Drivers/STM32F1xx_HAL_Driver/Src/stm32f1xx_hal.o
                0x00000000200000f0                uwTickFreq
 .data.Stat     0x00000000200000f1        0x1 ./Middlewares/Third_Party/FatFs/src/drivers/sd_diskio.o
 *fill*         0x00000000200000f2        0x2 
 .data._impure_ptr
                0x00000000200000f4        0x4 c:/st/stm32cubeide_1.9.0/stm32cubeide/plugins/com.st.stm32cube.ide.mcu.externaltools.gnu-tools-for-stm32.10.3-2021.10.win32_1.0.0.202111181127/tools/bin/../lib/gcc/arm-none-eabi/10.3.1/../../../../arm-none-eabi/lib/thumb/v7-m/nofp\libc_nano.a(lib_a-impure.o)
                0x00000000200000f4                _impure_ptr
 .data.impure_data
                0x00000000200000f8       0x60 c:/st/stm32cubeide_1.9.0/stm32cubeide/plugins/com.st.stm32cube.ide.mcu.externaltools.gnu-tools-for-stm32.10.3-2021.10.win32_1.0.0.202111181127/tools/bin/../lib/gcc/arm-none-eabi/10.3.1/../../../../arm-none-eabi/lib/thumb/v7-m/nofp\libc_nano.a(lib_a-impure.o)
 *(.RamFunc)
 *(.RamFunc*)
                0x0000000020000158                . = ALIGN (0x4)
                0x0000000020000158                _edata = .

.igot.plt       0x0000000020000158        0x0 load address 0x000000000800c284
 .igot.plt      0x0000000020000158        0x0 c:/st/stm32cubeide_1.9.0/stm32cubeide/plugins/com.st.stm32cube.ide.mcu.externaltools.gnu-tools-for-stm32.10.3-2021.10.win32_1.0.0.202111181127/tools/bin/../lib/gcc/arm-none-eabi/10.3.1/thumb/v7-m/nofp/crtbegin.o
                0x0000000020000158                . = ALIGN (0x4)

.bss            0x0000000020000158     0x164c load address 0x000000000800c284
                0x0000000020000158                _sbss = .
                0x0000000020000158                __bss_start__ = _sbss
 *(.bss)
 .bss           0x0000000020000158       0x1c c:/st/stm32cubeide_1.9.0/stm32cubeide/plugins/com.st.stm32cube.ide.mcu.externaltools.gnu-tools-for-stm32.10.3-2021.10.win32_1.0.0.202111181127/tools/bin/../lib/gcc/arm-none-eabi/10.3.1/thumb/v7-m/nofp/crtbegin.o
 *(.bss*)
 .bss.audioBuf  0x0000000020000174      0x800 ./Core/Src/audio.o
                0x0000000020000174                audioBuf
 .bss._hdac     0x0000000020000974        0x4 ./Core/Src/audio.o
 .bss._htim8    0x0000000020000978        0x4 ./Core/Src/audio.o
 .bss.currentWave
                0x000000002000097c        0x4 ./Core/Src/audio.o
 .bss.phaseAcc  0x0000000020000980        0x4 ./Core/Src/audio.o
 .bss.phaseInc  0x0000000020000984        0x4 ./Core/Src/audio.o
 .bss.keyState  0x0000000020000988       0x20 ./Core/Src/keydef.o
                0x0000000020000988                keyState
 .bss.keyCounter
                0x00000000200009a8       0x20 ./Core/Src/keydef.o
                0x00000000200009a8                keyCounter
 .bss.currentCol
                0x00000000200009c8        0x1 ./Core/Src/keydef.o
                0x00000000200009c8                currentCol
 .bss.keyEventPending
                0x00000000200009c9        0x1 ./Core/Src/keydef.o
                0x00000000200009c9                keyEventPending
 .bss.keyEventRow
                0x00000000200009ca        0x1 ./Core/Src/keydef.o
                0x00000000200009ca                keyEventRow
 .bss.keyEventCol
                0x00000000200009cb        0x1 ./Core/Src/keydef.o
                0x00000000200009cb                keyEventCol
 .bss.keyReleaseEventPending
                0x00000000200009cc        0x1 ./Core/Src/keydef.o
                0x00000000200009cc                keyReleaseEventPending
 .bss.keyReleaseRow
                0x00000000200009cd        0x1 ./Core/Src/keydef.o
                0x00000000200009cd                keyReleaseRow
 .bss.keyReleaseCol
                0x00000000200009ce        0x1 ./Core/Src/keydef.o
                0x00000000200009ce                keyReleaseCol
 *fill*         0x00000000200009cf        0x1 
 .bss.hdac      0x00000000200009d0       0x14 ./Core/Src/main.o
                0x00000000200009d0                hdac
 .bss.hdma_dac_ch1
                0x00000000200009e4       0x44 ./Core/Src/main.o
                0x00000000200009e4                hdma_dac_ch1
 .bss.hsd       0x0000000020000a28       0x84 ./Core/Src/main.o
                0x0000000020000a28                hsd
 .bss.hdma_sdio
                0x0000000020000aac       0x44 ./Core/Src/main.o
                0x0000000020000aac                hdma_sdio
 .bss.htim2     0x0000000020000af0       0x48 ./Core/Src/main.o
                0x0000000020000af0                htim2
 .bss.htim3     0x0000000020000b38       0x48 ./Core/Src/main.o
                0x0000000020000b38                htim3
 .bss.htim8     0x0000000020000b80       0x48 ./Core/Src/main.o
                0x0000000020000b80                htim8
 .bss.huart1    0x0000000020000bc8       0x48 ./Core/Src/main.o
                0x0000000020000bc8                huart1
 .bss.hsram1    0x0000000020000c10       0x48 ./Core/Src/main.o
                0x0000000020000c10                hsram1
 .bss.octaveOffset
                0x0000000020000c58        0x1 ./Core/Src/main.o
 *fill*         0x0000000020000c59        0x3 
 .bss.pressTimestamp
                0x0000000020000c5c        0x4 ./Core/Src/main.o
 .bss._fs       0x0000000020000c60      0x230 ./Core/Src/sd_player.o
 .bss._file     0x0000000020000e90      0x22c ./Core/Src/sd_player.o
 .bss._dir      0x00000000200010bc      0x220 ./Core/Src/sd_player.o
 .bss._fno      0x00000000200012dc       0x18 ./Core/Src/sd_player.o
 .bss._state    0x00000000200012f4        0x1 ./Core/Src/sd_player.o
 .bss._fileOpen
                0x00000000200012f5        0x1 ./Core/Src/sd_player.o
 .bss._dirOpen  0x00000000200012f6        0x1 ./Core/Src/sd_player.o
 .bss._fillPending
                0x00000000200012f7        0x1 ./Core/Src/sd_player.o
 .bss._fillHalf
                0x00000000200012f8        0x1 ./Core/Src/sd_player.o
 *fill*         0x00000000200012f9        0x3 
 .bss.readBuf.0
                0x00000000200012fc      0x400 ./Core/Src/sd_player.o
 .bss._seq      0x00000000200016fc        0x4 ./Core/Src/song_player.o
 .bss._noteIndex
                0x0000000020001700        0x4 ./Core/Src/song_player.o
 .bss._noteTimer
                0x0000000020001704        0x4 ./Core/Src/song_player.o
 .bss._playing  0x0000000020001708        0x1 ./Core/Src/song_player.o
 .bss._paused   0x0000000020001709        0x1 ./Core/Src/song_player.o
 *fill*         0x000000002000170a        0x2 
 .bss.FSMC_Initialized
                0x000000002000170c        0x4 ./Core/Src/stm32f1xx_hal_msp.o
 .bss.__sbrk_heap_end
                0x0000000020001710        0x4 ./Core/Src/sysmem.o
 .bss.huart1_tx
                0x0000000020001714       0x48 ./Core/Src/uart_tx.o
 .bss.uwTick    0x000000002000175c        0x4 ./Drivers/STM32F1xx_HAL_Driver/Src/stm32f1xx_hal.o
                0x000000002000175c                uwTick
 .bss.retSD     0x0000000020001760        0x1 ./FATFS/App/fatfs.o
                0x0000000020001760                retSD
 *fill*         0x0000000020001761        0x3 
 .bss.SDPath    0x0000000020001764        0x4 ./FATFS/App/fatfs.o
                0x0000000020001764                SDPath
 .bss.FatFs     0x0000000020001768        0x4 ./Middlewares/Third_Party/FatFs/src/ff.o
 .bss.Fsid      0x000000002000176c        0x2 ./Middlewares/Third_Party/FatFs/src/ff.o
 *fill*         0x000000002000176e        0x2 
 .bss.Files     0x0000000020001770       0x18 ./Middlewares/Third_Party/FatFs/src/ff.o
 .bss.disk      0x0000000020001788        0xc ./Middlewares/Third_Party/FatFs/src/ff_gen_drv.o
                0x0000000020001788                disk
 .bss.__malloc_free_list
                0x0000000020001794        0x4 c:/st/stm32cubeide_1.9.0/stm32cubeide/plugins/com.st.stm32cube.ide.mcu.externaltools.gnu-tools-for-stm32.10.3-2021.10.win32_1.0.0.202111181127/tools/bin/../lib/gcc/arm-none-eabi/10.3.1/../../../../arm-none-eabi/lib/thumb/v7-m/nofp\libc_nano.a(lib_a-nano-mallocr.o)
                0x0000000020001794                __malloc_free_list
 .bss.__malloc_sbrk_start
                0x0000000020001798        0x4 c:/st/stm32cubeide_1.9.0/stm32cubeide/plugins/com.st.stm32cube.ide.mcu.externaltools.gnu-tools-for-stm32.10.3-2021.10.win32_1.0.0.202111181127/tools/bin/../lib/gcc/arm-none-eabi/10.3.1/../../../../arm-none-eabi/lib/thumb/v7-m/nofp\libc_nano.a(lib_a-nano-mallocr.o)
                0x0000000020001798                __malloc_sbrk_start
 .bss.errno     0x000000002000179c        0x4 c:/st/stm32cubeide_1.9.0/stm32cubeide/plugins/com.st.stm32cube.ide.mcu.externaltools.gnu-tools-for-stm32.10.3-2021.10.win32_1.0.0.202111181127/tools/bin/../lib/gcc/arm-none-eabi/10.3.1/../../../../arm-none-eabi/lib/thumb/v7-m/nofp\libc_nano.a(lib_a-reent.o)
                0x000000002000179c                errno
 .bss.__lock___malloc_recursive_mutex
                0x00000000200017a0        0x1 c:/st/stm32cubeide_1.9.0/stm32cubeide/plugins/com.st.stm32cube.ide.mcu.externaltools.gnu-tools-for-stm32.10.3-2021.10.win32_1.0.0.202111181127/tools/bin/../lib/gcc/arm-none-eabi/10.3.1/../../../../arm-none-eabi/lib/thumb/v7-m/nofp\libc_nano.a(lib_a-lock.o)
                0x00000000200017a0                __lock___malloc_recursive_mutex
 *(COMMON)
                0x00000000200017a4                . = ALIGN (0x4)
 *fill*         0x00000000200017a1        0x3 
                0x00000000200017a4                _ebss = .
                0x00000000200017a4                __bss_end__ = _ebss

._user_heap_stack
                0x00000000200017a4      0x604 load address 0x000000000800c284
                0x00000000200017a8                . = ALIGN (0x8)
 *fill*         0x00000000200017a4        0x4 
                [!provide]                        PROVIDE (end = .)
                0x00000000200017a8                PROVIDE (_end = .)
                0x00000000200019a8                . = (. + _Min_Heap_Size)
 *fill*         0x00000000200017a8      0x200 
                0x0000000020001da8                . = (. + _Min_Stack_Size)
 *fill*         0x00000000200019a8      0x400 
                0x0000000020001da8                . = ALIGN (0x8)

/DISCARD/
 libc.a(*)
 libm.a(*)
 libgcc.a(*)

.ARM.attributes
                0x0000000000000000       0x29
 *(.ARM.attributes)
 .ARM.attributes
                0x0000000000000000       0x1d c:/st/stm32cubeide_1.9.0/stm32cubeide/plugins/com.st.stm32cube.ide.mcu.externaltools.gnu-tools-for-stm32.10.3-2021.10.win32_1.0.0.202111181127/tools/bin/../lib/gcc/arm-none-eabi/10.3.1/thumb/v7-m/nofp/crti.o
 .ARM.attributes
                0x000000000000001d       0x2d c:/st/stm32cubeide_1.9.0/stm32cubeide/plugins/com.st.stm32cube.ide.mcu.externaltools.gnu-tools-for-stm32.10.3-2021.10.win32_1.0.0.202111181127/tools/bin/../lib/gcc/arm-none-eabi/10.3.1/thumb/v7-m/nofp/crtbegin.o
 .ARM.attributes
                0x000000000000004a       0x2d ./Core/Src/audio.o
 .ARM.attributes
                0x0000000000000077       0x2d ./Core/Src/keydef.o
 .ARM.attributes
                0x00000000000000a4       0x2d ./Core/Src/lcd.o
 .ARM.attributes
                0x00000000000000d1       0x2d ./Core/Src/main.o
 .ARM.attributes
                0x00000000000000fe       0x2d ./Core/Src/sd_player.o
 .ARM.attributes
                0x000000000000012b       0x2d ./Core/Src/song_player.o
 .ARM.attributes
                0x0000000000000158       0x2d ./Core/Src/stm32f1xx_hal_msp.o
 .ARM.attributes
                0x0000000000000185       0x2d ./Core/Src/stm32f1xx_it.o
 .ARM.attributes
                0x00000000000001b2       0x2d ./Core/Src/sysmem.o
 .ARM.attributes
                0x00000000000001df       0x2d ./Core/Src/system_stm32f1xx.o
 .ARM.attributes
                0x000000000000020c       0x2d ./Core/Src/uart_tx.o
 .ARM.attributes
                0x0000000000000239       0x2d ./Core/Src/wavetable.o
 .ARM.attributes
                0x0000000000000266       0x21 ./Core/Startup/startup_stm32f103vetx.o
 .ARM.attributes
                0x0000000000000287       0x2d ./Drivers/STM32F1xx_HAL_Driver/Src/stm32f1xx_hal.o
 .ARM.attributes
                0x00000000000002b4       0x2d ./Drivers/STM32F1xx_HAL_Driver/Src/stm32f1xx_hal_cortex.o
 .ARM.attributes
                0x00000000000002e1       0x2d ./Drivers/STM32F1xx_HAL_Driver/Src/stm32f1xx_hal_dac.o
 .ARM.attributes
                0x000000000000030e       0x2d ./Drivers/STM32F1xx_HAL_Driver/Src/stm32f1xx_hal_dac_ex.o
 .ARM.attributes
                0x000000000000033b       0x2d ./Drivers/STM32F1xx_HAL_Driver/Src/stm32f1xx_hal_dma.o
 .ARM.attributes
                0x0000000000000368       0x2d ./Drivers/STM32F1xx_HAL_Driver/Src/stm32f1xx_hal_gpio.o
 .ARM.attributes
                0x0000000000000395       0x2d ./Drivers/STM32F1xx_HAL_Driver/Src/stm32f1xx_hal_rcc.o
 .ARM.attributes
                0x00000000000003c2       0x2d ./Drivers/STM32F1xx_HAL_Driver/Src/stm32f1xx_hal_sd.o
 .ARM.attributes
                0x00000000000003ef       0x2d ./Drivers/STM32F1xx_HAL_Driver/Src/stm32f1xx_hal_sram.o
 .ARM.attributes
                0x000000000000041c       0x2d ./Drivers/STM32F1xx_HAL_Driver/Src/stm32f1xx_hal_tim.o
 .ARM.attributes
                0x0000000000000449       0x2d ./Drivers/STM32F1xx_HAL_Driver/Src/stm32f1xx_hal_tim_ex.o
 .ARM.attributes
                0x0000000000000476       0x2d ./Drivers/STM32F1xx_HAL_Driver/Src/stm32f1xx_hal_uart.o
 .ARM.attributes
                0x00000000000004a3       0x2d ./Drivers/STM32F1xx_HAL_Driver/Src/stm32f1xx_ll_fsmc.o
 .ARM.attributes
                0x00000000000004d0       0x2d ./Drivers/STM32F1xx_HAL_Driver/Src/stm32f1xx_ll_sdmmc.o
 .ARM.attributes
                0x00000000000004fd       0x2d ./FATFS/App/fatfs.o
 .ARM.attributes
                0x000000000000052a       0x2d ./FATFS/Target/bsp_driver_sd.o
 .ARM.attributes
                0x0000000000000557       0x2d ./Middlewares/Third_Party/FatFs/src/diskio.o
 .ARM.attributes
                0x0000000000000584       0x2d ./Middlewares/Third_Party/FatFs/src/ff.o
 .ARM.attributes
                0x00000000000005b1       0x2d ./Middlewares/Third_Party/FatFs/src/ff_gen_drv.o
 .ARM.attributes
                0x00000000000005de       0x2d ./Middlewares/Third_Party/FatFs/src/drivers/sd_diskio.o
 .ARM.attributes
                0x000000000000060b       0x2d c:/st/stm32cubeide_1.9.0/stm32cubeide/plugins/com.st.stm32cube.ide.mcu.externaltools.gnu-tools-for-stm32.10.3-2021.10.win32_1.0.0.202111181127/tools/bin/../lib/gcc/arm-none-eabi/10.3.1/../../../../arm-none-eabi/lib/thumb/v7-m/nofp\libc_nano.a(lib_a-errno.o)
 .ARM.attributes
                0x0000000000000638       0x2d c:/st/stm32cubeide_1.9.0/stm32cubeide/plugins/com.st.stm32cube.ide.mcu.externaltools.gnu-tools-for-stm32.10.3-2021.10.win32_1.0.0.202111181127/tools/bin/../lib/gcc/arm-none-eabi/10.3.1/../../../../arm-none-eabi/lib/thumb/v7-m/nofp\libc_nano.a(lib_a-impure.o)
 .ARM.attributes
                0x0000000000000665       0x2d c:/st/stm32cubeide_1.9.0/stm32cubeide/plugins/com.st.stm32cube.ide.mcu.externaltools.gnu-tools-for-stm32.10.3-2021.10.win32_1.0.0.202111181127/tools/bin/../lib/gcc/arm-none-eabi/10.3.1/../../../../arm-none-eabi/lib/thumb/v7-m/nofp\libc_nano.a(lib_a-init.o)
 .ARM.attributes
                0x0000000000000692       0x2d c:/st/stm32cubeide_1.9.0/stm32cubeide/plugins/com.st.stm32cube.ide.mcu.externaltools.gnu-tools-for-stm32.10.3-2021.10.win32_1.0.0.202111181127/tools/bin/../lib/gcc/arm-none-eabi/10.3.1/../../../../arm-none-eabi/lib/thumb/v7-m/nofp\libc_nano.a(lib_a-memset.o)
 .ARM.attributes
                0x00000000000006bf       0x2d c:/st/stm32cubeide_1.9.0/stm32cubeide/plugins/com.st.stm32cube.ide.mcu.externaltools.gnu-tools-for-stm32.10.3-2021.10.win32_1.0.0.202111181127/tools/bin/../lib/gcc/arm-none-eabi/10.3.1/../../../../arm-none-eabi/lib/thumb/v7-m/nofp\libc_nano.a(lib_a-snprintf.o)
 .ARM.attributes
                0x00000000000006ec       0x1b c:/st/stm32cubeide_1.9.0/stm32cubeide/plugins/com.st.stm32cube.ide.mcu.externaltools.gnu-tools-for-stm32.10.3-2021.10.win32_1.0.0.202111181127/tools/bin/../lib/gcc/arm-none-eabi/10.3.1/../../../../arm-none-eabi/lib/thumb/v7-m/nofp\libc_nano.a(lib_a-strcmp.o)
 .ARM.attributes
                0x0000000000000707       0x2d c:/st/stm32cubeide_1.9.0/stm32cubeide/plugins/com.st.stm32cube.ide.mcu.externaltools.gnu-tools-for-stm32.10.3-2021.10.win32_1.0.0.202111181127/tools/bin/../lib/gcc/arm-none-eabi/10.3.1/../../../../arm-none-eabi/lib/thumb/v7-m/nofp\libc_nano.a(lib_a-strncpy.o)
 .ARM.attributes
                0x0000000000000734       0x2d c:/st/stm32cubeide_1.9.0/stm32cubeide/plugins/com.st.stm32cube.ide.mcu.externaltools.gnu-tools-for-stm32.10.3-2021.10.win32_1.0.0.202111181127/tools/bin/../lib/gcc/arm-none-eabi/10.3.1/../../../../arm-none-eabi/lib/thumb/v7-m/nofp\libc_nano.a(lib_a-strrchr.o)
 .ARM.attributes
                0x0000000000000761       0x2d c:/st/stm32cubeide_1.9.0/stm32cubeide/plugins/com.st.stm32cube.ide.mcu.externaltools.gnu-tools-for-stm32.10.3-2021.10.win32_1.0.0.202111181127/tools/bin/../lib/gcc/arm-none-eabi/10.3.1/../../../../arm-none-eabi/lib/thumb/v7-m/nofp\libc_nano.a(lib_a-nano-svfprintf.o)
 .ARM.attributes
                0x000000000000078e       0x2d c:/st/stm32cubeide_1.9.0/stm32cubeide/plugins/com.st.stm32cube.ide.mcu.externaltools.gnu-tools-for-stm32.10.3-2021.10.win32_1.0.0.202111181127/tools/bin/../lib/gcc/arm-none-eabi/10.3.1/../../../../arm-none-eabi/lib/thumb/v7-m/nofp\libc_nano.a(lib_a-nano-vfprintf_i.o)
 .ARM.attributes
                0x00000000000007bb       0x2d c:/st/stm32cubeide_1.9.0/stm32cubeide/plugins/com.st.stm32cube.ide.mcu.externaltools.gnu-tools-for-stm32.10.3-2021.10.win32_1.0.0.202111181127/tools/bin/../lib/gcc/arm-none-eabi/10.3.1/../../../../arm-none-eabi/lib/thumb/v7-m/nofp\libc_nano.a(lib_a-strchr.o)
 .ARM.attributes
                0x00000000000007e8       0x2d c:/st/stm32cubeide_1.9.0/stm32cubeide/plugins/com.st.stm32cube.ide.mcu.externaltools.gnu-tools-for-stm32.10.3-2021.10.win32_1.0.0.202111181127/tools/bin/../lib/gcc/arm-none-eabi/10.3.1/../../../../arm-none-eabi/lib/thumb/v7-m/nofp\libc_nano.a(lib_a-memchr-stub.o)
 .ARM.attributes
                0x0000000000000815       0x2d c:/st/stm32cubeide_1.9.0/stm32cubeide/plugins/com.st.stm32cube.ide.mcu.externaltools.gnu-tools-for-stm32.10.3-2021.10.win32_1.0.0.202111181127/tools/bin/../lib/gcc/arm-none-eabi/10.3.1/../../../../arm-none-eabi/lib/thumb/v7-m/nofp\libc_nano.a(lib_a-memcpy-stub.o)
 .ARM.attributes
                0x0000000000000842       0x2d c:/st/stm32cubeide_1.9.0/stm32cubeide/plugins/com.st.stm32cube.ide.mcu.externaltools.gnu-tools-for-stm32.10.3-2021.10.win32_1.0.0.202111181127/tools/bin/../lib/gcc/arm-none-eabi/10.3.1/../../../../arm-none-eabi/lib/thumb/v7-m/nofp\libc_nano.a(lib_a-memmove.o)
 .ARM.attributes